<html>
<body>
<pre>
<h1>µVision Build Log</h1>
<h2>Tool Versions:</h2>
IDE-Version: ¦ÌVision V5.36.0.0
Copyright (C) 2021 ARM Ltd and ARM Germany GmbH. All rights reserved.
License Information: 1 1, 1, LIC=RC93N-YP8RQ-VEVHA-13NPS-UMX3V-1S919
 
Tool Versions:
Toolchain:       MDK-ARM Plus  Version: 5.36.0.0
Toolchain Path:  C:\Keil_v5\ARM\ARMCC\Bin
C Compiler:      Armcc.exe V5.06 update 7 (build 960)
Assembler:       Armasm.exe V5.06 update 7 (build 960)
Linker/Locator:  ArmLink.exe V5.06 update 7 (build 960)
Library Manager: ArmAr.exe V5.06 update 7 (build 960)
Hex Converter:   FromElf.exe V5.06 update 7 (build 960)
CPU DLL:         SARMCM3.DLL V5.36.0.0
Dialog DLL:      DCM.DLL V1.17.3.0
Target DLL:      Segger\JL2CM3.dll V2.99.40.0
Dialog DLL:      TCM.DLL V1.53.0.0
 
<h2>Project:</h2>
D:\Desktop\STM32_WorkStation\stm32\_FinPro\Çý¶¯\STM32Ö®GP2Y1014AU\´úÂë\USER\OLED.uvprojx
Project File Date:  02/11/2022

<h2>Output:</h2>
*** Using Compiler 'V5.06 update 7 (build 960)', folder: 'C:\Keil_v5\ARM\ARMCC\Bin'
Build target 'Target 1'
assembling startup_stm32f10x_hd.s...
compiling dht11.c...
compiling gy2y1014au.c...
compiling misc.c...
compiling core_cm3.c...
compiling stm32f10x_adc.c...
compiling oled.c...
..\HARDWARE\OLED\oled.c(174): warning:  #186-D: pointless comparison of unsigned integer with zero
  	if((x1<0)||(x2>128)||(y1<0)||(y2>64)||(x1>x2)||(y1>y2)) return;
..\HARDWARE\OLED\oled.c(174): warning:  #186-D: pointless comparison of unsigned integer with zero
  	if((x1<0)||(x2>128)||(y1<0)||(y2>64)||(x1>x2)||(y1>y2)) return;
..\HARDWARE\OLED\oled.c(173): warning:  #177-D: variable "y0"  was declared but never referenced
  	u8 i,k,k1,k2,y0;
..\HARDWARE\OLED\oled.c: 3 warnings, 0 errors
compiling stm32f10x_bkp.c...
compiling stm32f10x_crc.c...
compiling stm32f10x_cec.c...
compiling stm32f10x_can.c...
compiling stm32f10x_dbgmcu.c...
compiling stm32f10x_dac.c...
compiling stm32f10x_dma.c...
compiling stm32f10x_exti.c...
compiling stm32f10x_gpio.c...
compiling stm32f10x_flash.c...
compiling stm32f10x_iwdg.c...
compiling stm32f10x_fsmc.c...
compiling stm32f10x_pwr.c...
compiling stm32f10x_i2c.c...
compiling stm32f10x_rcc.c...
compiling stm32f10x_rtc.c...
compiling stm32f10x_sdio.c...
compiling stm32f10x_spi.c...
compiling stm32f10x_wwdg.c...
compiling delay.c...
compiling stm32f10x_usart.c...
compiling stm32f10x_tim.c...
compiling sys.c...
compiling usart.c...
compiling stm32f10x_it.c...
compiling system_stm32f10x.c...
compiling main.c...
linking...
Program Size: Code=12344 RO-data=6592 RW-data=5228 ZI-data=2988  
FromELF: creating hex file...
"..\OBJ\OLED.axf" - 0 Error(s), 3 Warning(s).

<h2>Software Packages used:</h2>

Package Vendor: Keil
                http://www.keil.com/pack/Keil.STM32F1xx_DFP.2.3.0.pack
                Keil.STM32F1xx_DFP.2.3.0
                STMicroelectronics STM32F1 Series Device Support, Drivers and Examples

<h2>Collection of Component include folders:</h2>
  C:\Users\ahli\AppData\Local\Arm\Packs\Keil\STM32F1xx_DFP\2.3.0\Device\Include

<h2>Collection of Component Files used:</h2>
Build Time Elapsed:  00:00:03
</pre>
</body>
</html>
