Component: ARM Compiler 5.06 update 7 (build 960) Tool: armlink [4d3601]

==============================================================================

Section Cross References

    startup_stm32f10x_hd.o(STACK) refers (Special) to heapauxi.o(.text) for __use_two_region_memory
    startup_stm32f10x_hd.o(HEAP) refers (Special) to heapauxi.o(.text) for __use_two_region_memory
    startup_stm32f10x_hd.o(RESET) refers (Special) to heapauxi.o(.text) for __use_two_region_memory
    startup_stm32f10x_hd.o(RESET) refers to startup_stm32f10x_hd.o(STACK) for __initial_sp
    startup_stm32f10x_hd.o(RESET) refers to startup_stm32f10x_hd.o(.text) for Reset_Handler
    startup_stm32f10x_hd.o(RESET) refers to stm32f10x_it.o(i.NMI_Handler) for NMI_Handler
    startup_stm32f10x_hd.o(RESET) refers to stm32f10x_it.o(i.HardFault_Handler) for HardFault_Handler
    startup_stm32f10x_hd.o(RESET) refers to stm32f10x_it.o(i.MemManage_Handler) for MemManage_Handler
    startup_stm32f10x_hd.o(RESET) refers to stm32f10x_it.o(i.BusFault_Handler) for BusFault_Handler
    startup_stm32f10x_hd.o(RESET) refers to stm32f10x_it.o(i.UsageFault_Handler) for UsageFault_Handler
    startup_stm32f10x_hd.o(RESET) refers to stm32f10x_it.o(i.SVC_Handler) for SVC_Handler
    startup_stm32f10x_hd.o(RESET) refers to stm32f10x_it.o(i.DebugMon_Handler) for DebugMon_Handler
    startup_stm32f10x_hd.o(RESET) refers to stm32f10x_it.o(i.PendSV_Handler) for PendSV_Handler
    startup_stm32f10x_hd.o(RESET) refers to stm32f10x_it.o(i.SysTick_Handler) for SysTick_Handler
    startup_stm32f10x_hd.o(RESET) refers to usart.o(i.USART1_IRQHandler) for USART1_IRQHandler
    startup_stm32f10x_hd.o(.text) refers (Special) to heapauxi.o(.text) for __use_two_region_memory
    startup_stm32f10x_hd.o(.text) refers to system_stm32f10x.o(i.SystemInit) for SystemInit
    startup_stm32f10x_hd.o(.text) refers to __main.o(!!!main) for __main
    startup_stm32f10x_hd.o(.text) refers to startup_stm32f10x_hd.o(HEAP) for Heap_Mem
    startup_stm32f10x_hd.o(.text) refers to startup_stm32f10x_hd.o(STACK) for Stack_Mem
    dht11.o(i.DHT11_GPIO_Config) refers to stm32f10x_rcc.o(i.RCC_APB2PeriphClockCmd) for RCC_APB2PeriphClockCmd
    dht11.o(i.DHT11_GPIO_Config) refers to stm32f10x_gpio.o(i.GPIO_Init) for GPIO_Init
    dht11.o(i.DHT11_GPIO_Config) refers to stm32f10x_gpio.o(i.GPIO_SetBits) for GPIO_SetBits
    dht11.o(i.DHT11_Mode_IPU) refers to stm32f10x_gpio.o(i.GPIO_Init) for GPIO_Init
    dht11.o(i.DHT11_Mode_Out_PP) refers to stm32f10x_gpio.o(i.GPIO_Init) for GPIO_Init
    dht11.o(i.Read_Byte) refers to stm32f10x_gpio.o(i.GPIO_ReadInputDataBit) for GPIO_ReadInputDataBit
    dht11.o(i.Read_Byte) refers to delay.o(i.delay_us) for delay_us
    dht11.o(i.Read_DHT11) refers to dht11.o(i.DHT11_Mode_Out_PP) for DHT11_Mode_Out_PP
    dht11.o(i.Read_DHT11) refers to stm32f10x_gpio.o(i.GPIO_ResetBits) for GPIO_ResetBits
    dht11.o(i.Read_DHT11) refers to delay.o(i.delay_ms) for delay_ms
    dht11.o(i.Read_DHT11) refers to stm32f10x_gpio.o(i.GPIO_SetBits) for GPIO_SetBits
    dht11.o(i.Read_DHT11) refers to delay.o(i.delay_us) for delay_us
    dht11.o(i.Read_DHT11) refers to dht11.o(i.DHT11_Mode_IPU) for DHT11_Mode_IPU
    dht11.o(i.Read_DHT11) refers to stm32f10x_gpio.o(i.GPIO_ReadInputDataBit) for GPIO_ReadInputDataBit
    dht11.o(i.Read_DHT11) refers to dht11.o(i.Read_Byte) for Read_Byte
    oled.o(i.I2C_Start) refers to stm32f10x_gpio.o(i.GPIO_SetBits) for GPIO_SetBits
    oled.o(i.I2C_Start) refers to stm32f10x_gpio.o(i.GPIO_ResetBits) for GPIO_ResetBits
    oled.o(i.I2C_Stop) refers to stm32f10x_gpio.o(i.GPIO_SetBits) for GPIO_SetBits
    oled.o(i.I2C_Stop) refers to stm32f10x_gpio.o(i.GPIO_ResetBits) for GPIO_ResetBits
    oled.o(i.I2C_WaitAck) refers to stm32f10x_gpio.o(i.GPIO_SetBits) for GPIO_SetBits
    oled.o(i.I2C_WaitAck) refers to stm32f10x_gpio.o(i.GPIO_ResetBits) for GPIO_ResetBits
    oled.o(i.OLED_Clear) refers to oled.o(i.OLED_Refresh) for OLED_Refresh
    oled.o(i.OLED_Clear) refers to oled.o(.bss) for OLED_GRAM
    oled.o(i.OLED_ClearPoint) refers to oled.o(.bss) for OLED_GRAM
    oled.o(i.OLED_ColorTurn) refers to oled.o(i.OLED_WR_Byte) for OLED_WR_Byte
    oled.o(i.OLED_DisPlay_Off) refers to oled.o(i.OLED_WR_Byte) for OLED_WR_Byte
    oled.o(i.OLED_DisPlay_On) refers to oled.o(i.OLED_WR_Byte) for OLED_WR_Byte
    oled.o(i.OLED_DisplayTurn) refers to oled.o(i.OLED_WR_Byte) for OLED_WR_Byte
    oled.o(i.OLED_DrawCircle) refers to oled.o(i.OLED_DrawPoint) for OLED_DrawPoint
    oled.o(i.OLED_DrawLine) refers to oled.o(i.OLED_DrawPoint) for OLED_DrawPoint
    oled.o(i.OLED_DrawPoint) refers to oled.o(.bss) for OLED_GRAM
    oled.o(i.OLED_Init) refers to stm32f10x_rcc.o(i.RCC_APB2PeriphClockCmd) for RCC_APB2PeriphClockCmd
    oled.o(i.OLED_Init) refers to stm32f10x_gpio.o(i.GPIO_Init) for GPIO_Init
    oled.o(i.OLED_Init) refers to stm32f10x_gpio.o(i.GPIO_SetBits) for GPIO_SetBits
    oled.o(i.OLED_Init) refers to delay.o(i.delay_ms) for delay_ms
[...]
    ../clib/angel/kernel.s                   0x00000000   Number         0  __rtentry.o ABSOLUTE
    ../clib/angel/kernel.s                   0x00000000   Number         0  __rtentry2.o ABSOLUTE
    ../clib/angel/kernel.s                   0x00000000   Number         0  __rtentry4.o ABSOLUTE
    ../clib/angel/kernel.s                   0x00000000   Number         0  rtexit2.o ABSOLUTE
    ../clib/angel/rt.s                       0x00000000   Number         0  rt_locale_intlibspace.o ABSOLUTE
    ../clib/angel/rt.s                       0x00000000   Number         0  rt_raise.o ABSOLUTE
    ../clib/angel/rt.s                       0x00000000   Number         0  rt_locale.o ABSOLUTE
    ../clib/angel/scatter.s                  0x00000000   Number         0  __scatter.o ABSOLUTE
    ../clib/angel/startup.s                  0x00000000   Number         0  __main.o ABSOLUTE
    ../clib/angel/sys.s                      0x00000000   Number         0  indicate_semi.o ABSOLUTE
    ../clib/angel/sys.s                      0x00000000   Number         0  use_no_semi.o ABSOLUTE
    ../clib/angel/sys.s                      0x00000000   Number         0  use_no_semi_2.o ABSOLUTE
    ../clib/angel/sys.s                      0x00000000   Number         0  libspace.o ABSOLUTE
    ../clib/angel/sys.s                      0x00000000   Number         0  sys_stackheap_outer.o ABSOLUTE
    ../clib/angel/sysapp.c                   0x00000000   Number         0  sys_wrch.o ABSOLUTE
    ../clib/angel/sysapp.c                   0x00000000   Number         0  sys_command.o ABSOLUTE
    ../clib/armsys.c                         0x00000000   Number         0  argv_veneer.o ABSOLUTE
    ../clib/armsys.c                         0x00000000   Number         0  no_argv.o ABSOLUTE
    ../clib/armsys.c                         0x00000000   Number         0  _get_argv_nomalloc.o ABSOLUTE
    ../clib/armsys.c                         0x00000000   Number         0  argv_veneer.o ABSOLUTE
    ../clib/bigflt.c                         0x00000000   Number         0  bigflt0.o ABSOLUTE
    ../clib/btod.s                           0x00000000   Number         0  btod.o ABSOLUTE
    ../clib/heapalloc.c                      0x00000000   Number         0  hrguard.o ABSOLUTE
    ../clib/heapaux.c                        0x00000000   Number         0  heapauxi.o ABSOLUTE
    ../clib/libinit.s                        0x00000000   Number         0  libshutdown.o ABSOLUTE
    ../clib/libinit.s                        0x00000000   Number         0  libshutdown2.o ABSOLUTE
    ../clib/libinit.s                        0x00000000   Number         0  libinit.o ABSOLUTE
    ../clib/libinit.s                        0x00000000   Number         0  libinit2.o ABSOLUTE
    ../clib/locale.s                         0x00000000   Number         0  lc_numeric_c.o ABSOLUTE
    ../clib/longlong.s                       0x00000000   Number         0  lludiv10.o ABSOLUTE
    ../clib/memcpset.s                       0x00000000   Number         0  strcmpv7m.o ABSOLUTE
    ../clib/printf.c                         0x00000000   Number         0  __printf.o ABSOLUTE
    ../clib/printf.c                         0x00000000   Number         0  _printf_fp_dec.o ABSOLUTE
    ../clib/printf.c                         0x00000000   Number         0  _printf_dec.o ABSOLUTE
    ../clib/printf.c                         0x00000000   Number         0  _printf_intcommon.o ABSOLUTE
    ../clib/printf.c                         0x00000000   Number         0  __printf_flags.o ABSOLUTE
    ../clib/printf.c                         0x00000000   Number         0  __printf_ss.o ABSOLUTE
    ../clib/printf.c                         0x00000000   Number         0  __printf_flags_ss.o ABSOLUTE
    ../clib/printf.c                         0x00000000   Number         0  __printf_wp.o ABSOLUTE
    ../clib/printf.c                         0x00000000   Number         0  __printf_flags_wp.o ABSOLUTE
    ../clib/printf.c                         0x00000000   Number         0  __printf_ss_wp.o ABSOLUTE
    ../clib/printf.c                         0x00000000   Number         0  __printf_flags_ss_wp.o ABSOLUTE
    ../clib/printf.c                         0x00000000   Number         0  noretval__2printf.o ABSOLUTE
    ../clib/printf.c                         0x00000000   Number         0  __printf_nopercent.o ABSOLUTE
    ../clib/printf.c                         0x00000000   Number         0  _printf_fp_infnan.o ABSOLUTE
    ../clib/printf.c                         0x00000000   Number         0  _printf_char_file.o ABSOLUTE
    ../clib/printf.c                         0x00000000   Number         0  __2printf.o ABSOLUTE
    ../clib/printf.c                         0x00000000   Number         0  __2sprintf.o ABSOLUTE
    ../clib/printf.c                         0x00000000   Number         0  _sputc.o ABSOLUTE
    ../clib/printf.c                         0x00000000   Number         0  noretval__2sprintf.o ABSOLUTE
    ../clib/printf.c                         0x00000000   Number         0  _printf_char_common.o ABSOLUTE
    ../clib/printf_percent.s                 0x00000000   Number         0  _printf_percent_end.o ABSOLUTE
    ../clib/printf_percent.s                 0x00000000   Number         0  _printf_percent.o ABSOLUTE
    ../clib/printf_percent.s                 0x00000000   Number         0  _printf_f.o ABSOLUTE
    ../clib/printf_percent.s                 0x00000000   Number         0  _printf_d.o ABSOLUTE
    ../clib/signal.c                         0x00000000   Number         0  defsig_rtmem_inner.o ABSOLUTE
    ../clib/signal.c                         0x00000000   Number         0  defsig_other.o ABSOLUTE
    ../clib/signal.c                         0x00000000   Number         0  defsig_segv_inner.o ABSOLUTE
    ../clib/signal.c                         0x00000000   Number         0  defsig_rtred_inner.o ABSOLUTE
    ../clib/signal.c                         0x00000000   Number         0  defsig_fpe_inner.o ABSOLUTE
    ../clib/signal.c                         0x00000000   Number         0  defsig_abrt_inner.o ABSOLUTE
    ../clib/signal.c                         0x00000000   Number         0  defsig_pvfn_inner.o ABSOLUTE
    ../clib/signal.c                         0x00000000   Number         0  defsig_general.o ABSOLUTE
    ../clib/signal.c                         0x00000000   Number         0  defsig_cppl_inner.o ABSOLUTE
    ../clib/signal.c                         0x00000000   Number         0  __raise.o ABSOLUTE
    ../clib/signal.c                         0x00000000   Number         0  defsig_stak_inner.o ABSOLUTE
    ../clib/signal.c                         0x00000000   Number         0  defsig_exit.o ABSOLUTE
    ../clib/signal.c                         0x00000000   Number         0  defsig_rtmem_formal.o ABSOLUTE
    ../clib/signal.c                         0x00000000   Number         0  defsig_rtmem_outer.o ABSOLUTE
    ../clib/signal.s                         0x00000000   Number         0  defsig.o ABSOLUTE
    ../clib/stdio.c                          0x00000000   Number         0  ferror_locked.o ABSOLUTE
    ../clib/stdio.c                          0x00000000   Number         0  ferror.o ABSOLUTE
    ../clib/stdlib.c                         0x00000000   Number         0  exit.o ABSOLUTE
    ../fplib/daddsub.s                       0x00000000   Number         0  daddsub_clz.o ABSOLUTE
    ../fplib/dfix.s                          0x00000000   Number         0  dfix.o ABSOLUTE
    ../fplib/dmul.s                          0x00000000   Number         0  dmul.o ABSOLUTE
    ../fplib/dnaninf.s                       0x00000000   Number         0  dnaninf.o ABSOLUTE
    ../fplib/dretinf.s                       0x00000000   Number         0  dretinf.o ABSOLUTE
    ../fplib/f2d.s                           0x00000000   Number         0  f2d.o ABSOLUTE
    ../fplib/fdiv.s                          0x00000000   Number         0  fdiv.o ABSOLUTE
    ../fplib/fflt.s                          0x00000000   Number         0  fflt_clz.o ABSOLUTE
    ../fplib/fmul.s                          0x00000000   Number         0  fmul.o ABSOLUTE
    ../fplib/fnaninf.s                       0x00000000   Number         0  fnaninf.o ABSOLUTE
    ../fplib/fpinit.s                        0x00000000   Number         0  fpinit.o ABSOLUTE
    ../fplib/fretinf.s                       0x00000000   Number         0  fretinf.o ABSOLUTE
    ../fplib/istatus.s                       0x00000000   Number         0  istatus.o ABSOLUTE
    ../fplib/printf1.s                       0x00000000   Number         0  printf1.o ABSOLUTE
    ../fplib/usenofp.s                       0x00000000   Number         0  usenofp.o ABSOLUTE
    ../mathlib/fpclassify.c                  0x00000000   Number         0  fpclassify.o ABSOLUTE
    ..\CORE\core_cm3.c                       0x00000000   Number         0  core_cm3.o ABSOLUTE
    ..\CORE\startup_stm32f10x_hd.s           0x00000000   Number         0  startup_stm32f10x_hd.o ABSOLUTE
    ..\HARDWARE\DHT11\dht11.c                0x00000000   Number         0  dht11.o ABSOLUTE
    ..\HARDWARE\GP2Y1014AU\gy2y1014au.c      0x00000000   Number         0  gy2y1014au.o ABSOLUTE
    ..\HARDWARE\OLED\oled.c                  0x00000000   Number         0  oled.o ABSOLUTE
    ..\STM32F10x_FWLib\src\misc.c            0x00000000   Number         0  misc.o ABSOLUTE
    ..\STM32F10x_FWLib\src\stm32f10x_adc.c   0x00000000   Number         0  stm32f10x_adc.o ABSOLUTE
    ..\STM32F10x_FWLib\src\stm32f10x_bkp.c   0x00000000   Number         0  stm32f10x_bkp.o ABSOLUTE
    ..\STM32F10x_FWLib\src\stm32f10x_can.c   0x00000000   Number         0  stm32f10x_can.o ABSOLUTE
    ..\STM32F10x_FWLib\src\stm32f10x_cec.c   0x00000000   Number         0  stm32f10x_cec.o ABSOLUTE
    ..\STM32F10x_FWLib\src\stm32f10x_crc.c   0x00000000   Number         0  stm32f10x_crc.o ABSOLUTE
    ..\STM32F10x_FWLib\src\stm32f10x_dac.c   0x00000000   Number         0  stm32f10x_dac.o ABSOLUTE
    ..\STM32F10x_FWLib\src\stm32f10x_dbgmcu.c 0x00000000   Number         0  stm32f10x_dbgmcu.o ABSOLUTE
    ..\STM32F10x_FWLib\src\stm32f10x_dma.c   0x00000000   Number         0  stm32f10x_dma.o ABSOLUTE
    ..\STM32F10x_FWLib\src\stm32f10x_exti.c  0x00000000   Number         0  stm32f10x_exti.o ABSOLUTE
    ..\STM32F10x_FWLib\src\stm32f10x_flash.c 0x00000000   Number         0  stm32f10x_flash.o ABSOLUTE
    ..\STM32F10x_FWLib\src\stm32f10x_fsmc.c  0x00000000   Number         0  stm32f10x_fsmc.o ABSOLUTE
    ..\STM32F10x_FWLib\src\stm32f10x_gpio.c  0x00000000   Number         0  stm32f10x_gpio.o ABSOLUTE
    ..\STM32F10x_FWLib\src\stm32f10x_i2c.c   0x00000000   Number         0  stm32f10x_i2c.o ABSOLUTE
    ..\STM32F10x_FWLib\src\stm32f10x_iwdg.c  0x00000000   Number         0  stm32f10x_iwdg.o ABSOLUTE
    ..\STM32F10x_FWLib\src\stm32f10x_pwr.c   0x00000000   Number         0  stm32f10x_pwr.o ABSOLUTE
    ..\STM32F10x_FWLib\src\stm32f10x_rcc.c   0x00000000   Number         0  stm32f10x_rcc.o ABSOLUTE
    ..\STM32F10x_FWLib\src\stm32f10x_rtc.c   0x00000000   Number         0  stm32f10x_rtc.o ABSOLUTE
    ..\STM32F10x_FWLib\src\stm32f10x_sdio.c  0x00000000   Number         0  stm32f10x_sdio.o ABSOLUTE
    ..\STM32F10x_FWLib\src\stm32f10x_spi.c   0x00000000   Number         0  stm32f10x_spi.o ABSOLUTE
    ..\STM32F10x_FWLib\src\stm32f10x_tim.c   0x00000000   Number         0  stm32f10x_tim.o ABSOLUTE
    ..\STM32F10x_FWLib\src\stm32f10x_usart.c 0x00000000   Number         0  stm32f10x_usart.o ABSOLUTE
    ..\STM32F10x_FWLib\src\stm32f10x_wwdg.c  0x00000000   Number         0  stm32f10x_wwdg.o ABSOLUTE
    ..\SYSTEM\delay\delay.c                  0x00000000   Number         0  delay.o ABSOLUTE
    ..\SYSTEM\sys\sys.c                      0x00000000   Number         0  sys.o ABSOLUTE
    ..\SYSTEM\usart\usart.c                  0x00000000   Number         0  usart.o ABSOLUTE
    ..\\CORE\\core_cm3.c                     0x00000000   Number         0  core_cm3.o ABSOLUTE
    dc.s                                     0x00000000   Number         0  dc.o ABSOLUTE
    main.c                                   0x00000000   Number         0  main.o ABSOLUTE
    stm32f10x_it.c                           0x00000000   Number         0  stm32f10x_it.o ABSOLUTE
    system_stm32f10x.c                       0x00000000   Number         0  system_stm32f10x.o ABSOLUTE
    RESET                                    0x08000000   Section      304  startup_stm32f10x_hd.o(RESET)
    !!!main                                  0x08000130   Section        8  __main.o(!!!main)
    !!!scatter                               0x08000138   Section       52  __scatter.o(!!!scatter)
    !!dczerorl2                              0x0800016c   Section       90  __dczerorl2.o(!!dczerorl2)
    !!handler_zi                             0x080001c8   Section       28  __scatter_zi.o(!!handler_zi)
    .ARM.Collect$$_printf_percent$$00000000  0x080001e4   Section        0  _printf_percent.o(.ARM.Collect$$_printf_percent$$00000000)
    .ARM.Collect$$_printf_percent$$00000003  0x080001e4   Section        6  _printf_f.o(.ARM.Collect$$_printf_percent$$00000003)
    .ARM.Collect$$_printf_percent$$00000009  0x080001ea   Section        6  _printf_d.o(.ARM.Collect$$_printf_percent$$00000009)
    .ARM.Collect$$_printf_percent$$00000017  0x080001f0   Section        4  _printf_percent_end.o(.ARM.Collect$$_printf_percent$$00000017)
    .ARM.Collect$$libinit$$00000000          0x080001f4   Section        2  libinit.o(.ARM.Collect$$libinit$$00000000)
    .ARM.Collect$$libinit$$00000002          0x080001f6   Section        0  libinit2.o(.ARM.Collect$$libinit$$00000002)
    .ARM.Collect$$libinit$$00000004          0x080001f6   Section        0  libinit2.o(.ARM.Collect$$libinit$$00000004)
    .ARM.Collect$$libinit$$0000000A          0x080001f6   Section        0  libinit2.o(.ARM.Collect$$libinit$$0000000A)
    .ARM.Collect$$libinit$$0000000C          0x080001f6   Section        0  libinit2.o(.ARM.Collect$$libinit$$0000000C)
    .ARM.Collect$$libinit$$0000000E          0x080001f6   Section        0  libinit2.o(.ARM.Collect$$libinit$$0000000E)
    .ARM.Collect$$libinit$$0000000F          0x080001f6   Section        6  libinit2.o(.ARM.Collect$$libinit$$0000000F)
    .ARM.Collect$$libinit$$00000011          0x080001fc   Section        0  libinit2.o(.ARM.Collect$$libinit$$00000011)
    .ARM.Collect$$libinit$$00000013          0x080001fc   Section        0  libinit2.o(.ARM.Collect$$libinit$$00000013)
    .ARM.Collect$$libinit$$00000015          0x080001fc   Section        0  libinit2.o(.ARM.Collect$$libinit$$00000015)
    .ARM.Collect$$libinit$$00000016          0x080001fc   Section       10  libinit2.o(.ARM.Collect$$libinit$$00000016)
    .ARM.Collect$$libinit$$00000017          0x08000206   Section        0  libinit2.o(.ARM.Collect$$libinit$$00000017)
    .ARM.Collect$$libinit$$00000019          0x08000206   Section        0  libinit2.o(.ARM.Collect$$libinit$$00000019)
    .ARM.Collect$$libinit$$0000001B          0x08000206   Section        0  libinit2.o(.ARM.Collect$$libinit$$0000001B)
    .ARM.Collect$$libinit$$0000001D          0x08000206   Section        0  libinit2.o(.ARM.Collect$$libinit$$0000001D)
    .ARM.Collect$$libinit$$0000001F          0x08000206   Section        0  libinit2.o(.ARM.Collect$$libinit$$0000001F)
    .ARM.Collect$$libinit$$00000021          0x08000206   Section        0  libinit2.o(.ARM.Collect$$libinit$$00000021)
    .ARM.Collect$$libinit$$00000023          0x08000206   Section        0  libinit2.o(.ARM.Collect$$libinit$$00000023)
    .ARM.Collect$$libinit$$00000025          0x08000206   Section        0  libinit2.o(.ARM.Collect$$libinit$$00000025)
    .ARM.Collect$$libinit$$0000002C          0x08000206   Section        0  libinit2.o(.ARM.Collect$$libinit$$0000002C)
    .ARM.Collect$$libinit$$0000002E          0x08000206   Section        0  libinit2.o(.ARM.Collect$$libinit$$0000002E)
    .ARM.Collect$$libinit$$00000030          0x08000206   Section        0  libinit2.o(.ARM.Collect$$libinit$$00000030)
    .ARM.Collect$$libinit$$00000032          0x08000206   Section        0  libinit2.o(.ARM.Collect$$libinit$$00000032)
    .ARM.Collect$$libinit$$00000033          0x08000206   Section        2  libinit2.o(.ARM.Collect$$libinit$$00000033)
    .ARM.Collect$$libshutdown$$00000000      0x08000208   Section        2  libshutdown.o(.ARM.Collect$$libshutdown$$00000000)
    .ARM.Collect$$libshutdown$$00000002      0x0800020a   Section        0  libshutdown2.o(.ARM.Collect$$libshutdown$$00000002)
    .ARM.Collect$$libshutdown$$00000004      0x0800020a   Section        0  libshutdown2.o(.ARM.Collect$$libshutdown$$00000004)
    .ARM.Collect$$libshutdown$$00000006      0x0800020a   Section        0  libshutdown2.o(.ARM.Collect$$libshutdown$$00000006)
    .ARM.Collect$$libshutdown$$00000009      0x0800020a   Section        0  libshutdown2.o(.ARM.Collect$$libshutdown$$00000009)
    .ARM.Collect$$libshutdown$$0000000C      0x0800020a   Section        0  libshutdown2.o(.ARM.Collect$$libshutdown$$0000000C)
    .ARM.Collect$$libshutdown$$0000000E      0x0800020a   Section        0  libshutdown2.o(.ARM.Collect$$libshutdown$$0000000E)
    .ARM.Collect$$libshutdown$$00000011      0x0800020a   Section        0  libshutdown2.o(.ARM.Collect$$libshutdown$$00000011)
    .ARM.Collect$$libshutdown$$00000012      0x0800020a   Section        2  libshutdown2.o(.ARM.Collect$$libshutdown$$00000012)
    .ARM.Collect$$rtentry$$00000000          0x0800020c   Section        0  __rtentry.o(.ARM.Collect$$rtentry$$00000000)
    .ARM.Collect$$rtentry$$00000002          0x0800020c   Section        0  __rtentry2.o(.ARM.Collect$$rtentry$$00000002)
    .ARM.Collect$$rtentry$$00000004          0x0800020c   Section        6  __rtentry4.o(.ARM.Collect$$rtentry$$00000004)
    .ARM.Collect$$rtentry$$00000009          0x08000212   Section        0  __rtentry2.o(.ARM.Collect$$rtentry$$00000009)
    .ARM.Collect$$rtentry$$0000000A          0x08000212   Section        4  __rtentry2.o(.ARM.Collect$$rtentry$$0000000A)
    .ARM.Collect$$rtentry$$0000000C          0x08000216   Section        0  __rtentry2.o(.ARM.Collect$$rtentry$$0000000C)
    .ARM.Collect$$rtentry$$0000000D          0x08000216   Section        8  __rtentry2.o(.ARM.Collect$$rtentry$$0000000D)
    .ARM.Collect$$rtexit$$00000000           0x0800021e   Section        2  rtexit.o(.ARM.Collect$$rtexit$$00000000)
    .ARM.Collect$$rtexit$$00000002           0x08000220   Section        0  rtexit2.o(.ARM.Collect$$rtexit$$00000002)
    .ARM.Collect$$rtexit$$00000003           0x08000220   Section        4  rtexit2.o(.ARM.Collect$$rtexit$$00000003)
    .ARM.Collect$$rtexit$$00000004           0x08000224   Section        6  rtexit2.o(.ARM.Collect$$rtexit$$00000004)
    .text                                    0x0800022c   Section       64  startup_stm32f10x_hd.o(.text)
    .text                                    0x0800026c   Section        2  use_no_semi_2.o(.text)
    .text                                    0x08000270   Section        0  noretval__2printf.o(.text)
    .text                                    0x08000288   Section        0  noretval__2sprintf.o(.text)
    .text                                    0x080002b0   Section        0  __printf.o(.text)
    .text                                    0x08000318   Section        0  _printf_dec.o(.text)
    .text                                    0x08000390   Section        0  heapauxi.o(.text)
    .text                                    0x08000396   Section        2  use_no_semi.o(.text)
    .text                                    0x08000398   Section        0  _printf_intcommon.o(.text)
    .text                                    0x0800044a   Section        0  _printf_fp_dec.o(.text)
    _fp_digits                               0x0800044d   Thumb Code   432  _printf_fp_dec.o(.text)
    .text                                    0x08000868   Section        0  _printf_char_common.o(.text)
    _printf_input_char                       0x08000869   Thumb Code    10  _printf_char_common.o(.text)
    .text                                    0x08000898   Section        0  _sputc.o(.text)
    .text                                    0x080008a4   Section        0  _printf_char_file.o(.text)
    .text                                    0x080008c8   Section        8  rt_locale_intlibspace.o(.text)
    .text                                    0x080008d0   Section      138  lludiv10.o(.text)
    .text                                    0x0800095c   Section        0  _printf_fp_infnan.o(.text)
    .text                                    0x080009dc   Section        0  bigflt0.o(.text)
    .text                                    0x08000ac0   Section        0  ferror.o(.text)
    .text                                    0x08000ac8   Section        8  libspace.o(.text)
    .text                                    0x08000ad0   Section       74  sys_stackheap_outer.o(.text)
    .text                                    0x08000b1a   Section        0  exit.o(.text)
    .text                                    0x08000b2c   Section      128  strcmpv7m.o(.text)
    CL$$btod_d2e                             0x08000bac   Section       62  btod.o(CL$$btod_d2e)
    CL$$btod_d2e_denorm_low                  0x08000bea   Section       70  btod.o(CL$$btod_d2e_denorm_low)
    CL$$btod_d2e_norm_op1                    0x08000c30   Section       96  btod.o(CL$$btod_d2e_norm_op1)
    CL$$btod_div_common                      0x08000c90   Section      824  btod.o(CL$$btod_div_common)
    CL$$btod_e2e                             0x08000fc8   Section      220  btod.o(CL$$btod_e2e)
    CL$$btod_ediv                            0x080010a4   Section       42  btod.o(CL$$btod_ediv)
    CL$$btod_emul                            0x080010ce   Section       42  btod.o(CL$$btod_emul)
    CL$$btod_mult_common                     0x080010f8   Section      580  btod.o(CL$$btod_mult_common)
    i.ADC_Cmd                                0x0800133c   Section        0  stm32f10x_adc.o(i.ADC_Cmd)
    i.ADC_DeInit                             0x08001354   Section        0  stm32f10x_adc.o(i.ADC_DeInit)
    i.ADC_GetCalibrationStatus               0x080013b0   Section        0  stm32f10x_adc.o(i.ADC_GetCalibrationStatus)
    i.ADC_GetConversionValue                 0x080013c4   Section        0  stm32f10x_adc.o(i.ADC_GetConversionValue)
    i.ADC_GetFlagStatus                      0x080013cc   Section        0  stm32f10x_adc.o(i.ADC_GetFlagStatus)
    i.ADC_GetResetCalibrationStatus          0x080013de   Section        0  stm32f10x_adc.o(i.ADC_GetResetCalibrationStatus)
    i.ADC_Init                               0x080013f4   Section        0  stm32f10x_adc.o(i.ADC_Init)
    i.ADC_RegularChannelConfig               0x08001444   Section        0  stm32f10x_adc.o(i.ADC_RegularChannelConfig)
    i.ADC_ResetCalibration                   0x080014fc   Section        0  stm32f10x_adc.o(i.ADC_ResetCalibration)
    i.ADC_SoftwareStartConvCmd               0x08001506   Section        0  stm32f10x_adc.o(i.ADC_SoftwareStartConvCmd)
    i.ADC_StartCalibration                   0x0800151c   Section        0  stm32f10x_adc.o(i.ADC_StartCalibration)
    i.BusFault_Handler                       0x08001526   Section        0  stm32f10x_it.o(i.BusFault_Handler)
    i.DHT11_Mode_IPU                         0x0800152c   Section        0  dht11.o(i.DHT11_Mode_IPU)
    DHT11_Mode_IPU                           0x0800152d   Thumb Code    24  dht11.o(i.DHT11_Mode_IPU)
    i.DHT11_Mode_Out_PP                      0x08001548   Section        0  dht11.o(i.DHT11_Mode_Out_PP)
    DHT11_Mode_Out_PP                        0x08001549   Thumb Code    30  dht11.o(i.DHT11_Mode_Out_PP)
    i.DebugMon_Handler                       0x0800156c   Section        0  stm32f10x_it.o(i.DebugMon_Handler)
    i.GP2Y_Adc_Init                          0x08001570   Section        0  gy2y1014au.o(i.GP2Y_Adc_Init)
    i.GP2Y_Get_Adc                           0x08001620   Section        0  gy2y1014au.o(i.GP2Y_Get_Adc)
    i.GPIO_Init                              0x08001654   Section        0  stm32f10x_gpio.o(i.GPIO_Init)
    i.GPIO_ReadInputDataBit                  0x0800176a   Section        0  stm32f10x_gpio.o(i.GPIO_ReadInputDataBit)
    i.GPIO_ResetBits                         0x0800177c   Section        0  stm32f10x_gpio.o(i.GPIO_ResetBits)
    i.GPIO_SetBits                           0x08001780   Section        0  stm32f10x_gpio.o(i.GPIO_SetBits)
    i.GetGP2YSingleValue                     0x08001784   Section        0  gy2y1014au.o(i.GetGP2YSingleValue)
    i.HardFault_Handler                      0x08001888   Section        0  stm32f10x_it.o(i.HardFault_Handler)
    i.I2C_Start                              0x0800188c   Section        0  oled.o(i.I2C_Start)
    i.I2C_Stop                               0x080018b4   Section        0  oled.o(i.I2C_Stop)
    i.I2C_WaitAck                            0x080018d4   Section        0  oled.o(i.I2C_WaitAck)
    i.MemManage_Handler                      0x080018ec   Section        0  stm32f10x_it.o(i.MemManage_Handler)
    i.NMI_Handler                            0x080018f0   Section        0  stm32f10x_it.o(i.NMI_Handler)
    i.NVIC_Configuration                     0x080018f2   Section        0  sys.o(i.NVIC_Configuration)
    i.NVIC_Init                              0x08001900   Section        0  misc.o(i.NVIC_Init)
    i.NVIC_PriorityGroupConfig               0x08001970   Section        0  misc.o(i.NVIC_PriorityGroupConfig)
    i.OLED_Clear                             0x08001984   Section        0  oled.o(i.OLED_Clear)
    i.OLED_ClearPoint                        0x080019b4   Section        0  oled.o(i.OLED_ClearPoint)
    i.OLED_ColorTurn                         0x08001a14   Section        0  oled.o(i.OLED_ColorTurn)
    i.OLED_DisplayTurn                       0x08001a30   Section        0  oled.o(i.OLED_DisplayTurn)
    i.OLED_DrawPoint                         0x08001a5c   Section        0  oled.o(i.OLED_DrawPoint)
    i.OLED_Init                              0x08001a98   Section        0  oled.o(i.OLED_Init)
    i.OLED_Refresh                           0x08001c0c   Section        0  oled.o(i.OLED_Refresh)
    i.OLED_ShowChar                          0x08001c58   Section        0  oled.o(i.OLED_ShowChar)
    i.OLED_ShowChinese                       0x08001d54   Section        0  oled.o(i.OLED_ShowChinese)
    i.OLED_ShowString                        0x08001e5c   Section        0  oled.o(i.OLED_ShowString)
    i.OLED_WR_Byte                           0x08001e9e   Section        0  oled.o(i.OLED_WR_Byte)
    i.PendSV_Handler                         0x08001ed6   Section        0  stm32f10x_it.o(i.PendSV_Handler)
    i.RCC_ADCCLKConfig                       0x08001ed8   Section        0  stm32f10x_rcc.o(i.RCC_ADCCLKConfig)
    i.RCC_APB2PeriphClockCmd                 0x08001ef0   Section        0  stm32f10x_rcc.o(i.RCC_APB2PeriphClockCmd)
    i.RCC_APB2PeriphResetCmd                 0x08001f10   Section        0  stm32f10x_rcc.o(i.RCC_APB2PeriphResetCmd)
    i.RCC_GetClocksFreq                      0x08001f30   Section        0  stm32f10x_rcc.o(i.RCC_GetClocksFreq)
    i.Read_Byte                              0x08002004   Section        0  dht11.o(i.Read_Byte)
    Read_Byte                                0x08002005   Thumb Code    90  dht11.o(i.Read_Byte)
    i.Read_DHT11                             0x08002064   Section        0  dht11.o(i.Read_DHT11)
    i.SVC_Handler                            0x08002104   Section        0  stm32f10x_it.o(i.SVC_Handler)
    i.Send_Byte                              0x08002108   Section        0  oled.o(i.Send_Byte)
    i.SetSysClock                            0x08002154   Section        0  system_stm32f10x.o(i.SetSysClock)
    SetSysClock                              0x08002155   Thumb Code     8  system_stm32f10x.o(i.SetSysClock)
    i.SetSysClockTo72                        0x0800215c   Section        0  system_stm32f10x.o(i.SetSysClockTo72)
    SetSysClockTo72                          0x0800215d   Thumb Code   214  system_stm32f10x.o(i.SetSysClockTo72)
    i.SysTick_CLKSourceConfig                0x0800223c   Section        0  misc.o(i.SysTick_CLKSourceConfig)
    i.SysTick_Handler                        0x08002264   Section        0  stm32f10x_it.o(i.SysTick_Handler)
    i.SystemInit                             0x08002268   Section        0  system_stm32f10x.o(i.SystemInit)
    i.USART1_IRQHandler                      0x080022c8   Section        0  usart.o(i.USART1_IRQHandler)
    i.USART_Cmd                              0x08002350   Section        0  stm32f10x_usart.o(i.USART_Cmd)
    i.USART_GetITStatus                      0x08002368   Section        0  stm32f10x_usart.o(i.USART_GetITStatus)
    i.USART_ITConfig                         0x080023bc   Section        0  stm32f10x_usart.o(i.USART_ITConfig)
    i.USART_Init                             0x08002408   Section        0  stm32f10x_usart.o(i.USART_Init)
    i.USART_ReceiveData                      0x080024e0   Section        0  stm32f10x_usart.o(i.USART_ReceiveData)
    i.UsageFault_Handler                     0x080024ea   Section        0  stm32f10x_it.o(i.UsageFault_Handler)
    i.__ARM_fpclassify                       0x080024ee   Section        0  fpclassify.o(i.__ARM_fpclassify)
    i._sys_exit                              0x08002516   Section        0  usart.o(i._sys_exit)
    i.delay_init                             0x0800251c   Section        0  delay.o(i.delay_init)
    i.delay_ms                               0x08002560   Section        0  delay.o(i.delay_ms)
    i.delay_us                               0x080025ac   Section        0  delay.o(i.delay_us)
    i.fputc                                  0x080025f8   Section        0  usart.o(i.fputc)
    i.main                                   0x08002614   Section        0  main.o(i.main)
    i.uart_init                              0x0800277c   Section        0  usart.o(i.uart_init)
    locale$$code                             0x0800281c   Section       44  lc_numeric_c.o(locale$$code)
    x$fpl$dadd                               0x08002848   Section      336  daddsub_clz.o(x$fpl$dadd)
    _dadd1                                   0x08002859   Thumb Code     0  daddsub_clz.o(x$fpl$dadd)
    x$fpl$dfix                               0x08002998   Section       94  dfix.o(x$fpl$dfix)
    x$fpl$dmul                               0x080029f8   Section      340  dmul.o(x$fpl$dmul)
    x$fpl$dnaninf                            0x08002b4c   Section      156  dnaninf.o(x$fpl$dnaninf)
    x$fpl$dretinf                            0x08002be8   Section       12  dretinf.o(x$fpl$dretinf)
    x$fpl$dsub                               0x08002bf4   Section      468  daddsub_clz.o(x$fpl$dsub)
    _dsub1                                   0x08002c05   Thumb Code     0  daddsub_clz.o(x$fpl$dsub)
    x$fpl$f2d                                0x08002dc8   Section       86  f2d.o(x$fpl$f2d)
    x$fpl$fdiv                               0x08002e20   Section      388  fdiv.o(x$fpl$fdiv)
    _fdiv1                                   0x08002e21   Thumb Code     0  fdiv.o(x$fpl$fdiv)
    x$fpl$ffltu                              0x08002fa4   Section       38  fflt_clz.o(x$fpl$ffltu)
    x$fpl$fmul                               0x08002fcc   Section      258  fmul.o(x$fpl$fmul)
    x$fpl$fnaninf                            0x080030ce   Section      140  fnaninf.o(x$fpl$fnaninf)
    x$fpl$fretinf                            0x0800315a   Section       10  fretinf.o(x$fpl$fretinf)
    x$fpl$printf1                            0x08003164   Section        4  printf1.o(x$fpl$printf1)
    .constdata                               0x08003168   Section     6080  oled.o(.constdata)
    x$fpl$usenofp                            0x08003168   Section        0  usenofp.o(x$fpl$usenofp)
    .constdata                               0x08004928   Section      148  bigflt0.o(.constdata)
    tenpwrs_x                                0x08004928   Data          60  bigflt0.o(.constdata)
    tenpwrs_i                                0x08004964   Data          64  bigflt0.o(.constdata)
    locale$$data                             0x080049dc   Section       28  lc_numeric_c.o(locale$$data)
    __lcnum_c_name                           0x080049e0   Data           2  lc_numeric_c.o(locale$$data)
    __lcnum_c_start                          0x080049e8   Data           0  lc_numeric_c.o(locale$$data)
    __lcnum_c_point                          0x080049f4   Data           0  lc_numeric_c.o(locale$$data)
    __lcnum_c_thousands                      0x080049f6   Data           0  lc_numeric_c.o(locale$$data)
    __lcnum_c_grouping                       0x080049f7   Data           0  lc_numeric_c.o(locale$$data)
    __lcnum_c_end                            0x080049f8   Data           0  lc_numeric_c.o(locale$$data)
    .data                                    0x20000000   Section     5176  oled.o(.data)
    .data                                    0x20001438   Section       20  stm32f10x_rcc.o(.data)
    APBAHBPrescTable                         0x20001438   Data          16  stm32f10x_rcc.o(.data)
    ADCPrescTable                            0x20001448   Data           4  stm32f10x_rcc.o(.data)
    .data                                    0x2000144c   Section        4  delay.o(.data)
    fac_us                                   0x2000144c   Data           1  delay.o(.data)
    fac_ms                                   0x2000144e   Data           2  delay.o(.data)
    .data                                    0x20001450   Section        6  usart.o(.data)
    .data                                    0x20001458   Section       20  system_stm32f10x.o(.data)
    .bss                                     0x2000146c   Section     1152  oled.o(.bss)
    .bss                                     0x200018ec   Section      200  usart.o(.bss)
    .bss                                     0x200019b4   Section       96  libspace.o(.bss)
    HEAP                                     0x20001a18   Section      512  startup_stm32f10x_hd.o(HEAP)
    Heap_Mem                                 0x20001a18   Data         512  startup_stm32f10x_hd.o(HEAP)
    STACK                                    0x20001c18   Section     1024  startup_stm32f10x_hd.o(STACK)
    Stack_Mem                                0x20001c18   Data        1024  startup_stm32f10x_hd.o(STACK)
    __initial_sp                             0x20002018   Data           0  startup_stm32f10x_hd.o(STACK)

    Global Symbols

    Symbol Name                              Value     Ov Type        Size  Object(Section)

    BuildAttributes$$THM_ISAv4$P$D$K$B$S$PE$A:L22UL41UL21$X:L11$S22US41US21$IEEE1$IW$USESV6$~STKCKD$USESV7$~SHL$OTIME$ROPI$IEEEJ$EBA8$UX$STANDARDLIB$REQ8$PRES8$EABIv2 0x00000000   Number         0  anon$$obj.o ABSOLUTE
    __ARM_use_no_argv                        0x00000000   Number         0  main.o ABSOLUTE
    __ARM_exceptions_init                     - Undefined Weak Reference
    __alloca_initialize                       - Undefined Weak Reference
    __arm_fini_                               - Undefined Weak Reference
    __arm_preinit_                            - Undefined Weak Reference
    __cpp_initialize__aeabi_                  - Undefined Weak Reference
    __cxa_finalize                            - Undefined Weak Reference
    __sigvec_lookup                           - Undefined Weak Reference
    _atexit_init                              - Undefined Weak Reference
    _call_atexit_fns                          - Undefined Weak Reference
    _clock_init                               - Undefined Weak Reference
    _fp_trap_init                             - Undefined Weak Reference
    _fp_trap_shutdown                         - Undefined Weak Reference
    _get_lc_collate                           - Undefined Weak Reference
    _get_lc_ctype                             - Undefined Weak Reference
    _get_lc_monetary                          - Undefined Weak Reference
    _get_lc_time                              - Undefined Weak Reference
    _getenv_init                              - Undefined Weak Reference
    _handle_redirection                       - Undefined Weak Reference
    _init_alloc                               - Undefined Weak Reference
    _init_user_alloc                          - Undefined Weak Reference
    _initio                                   - Undefined Weak Reference
    _mutex_acquire                            - Undefined Weak Reference
    _mutex_release                            - Undefined Weak Reference
    _printf_post_padding                      - Undefined Weak Reference
    _printf_pre_padding                       - Undefined Weak Reference
    _printf_truncate_signed                   - Undefined Weak Reference
    _printf_truncate_unsigned                 - Undefined Weak Reference
    _rand_init                                - Undefined Weak Reference
    _signal_finish                            - Undefined Weak Reference
    _signal_init                              - Undefined Weak Reference
    _terminate_alloc                          - Undefined Weak Reference
    _terminate_user_alloc                     - Undefined Weak Reference
    _terminateio                              - Undefined Weak Reference
    __Vectors_Size                           0x00000130   Number         0  startup_stm32f10x_hd.o ABSOLUTE
    __Vectors                                0x08000000   Data           4  startup_stm32f10x_hd.o(RESET)
    __Vectors_End                            0x08000130   Data           0  startup_stm32f10x_hd.o(RESET)
    __main                                   0x08000131   Thumb Code     8  __main.o(!!!main)
    __scatterload                            0x08000139   Thumb Code     0  __scatter.o(!!!scatter)
    __scatterload_rt2                        0x08000139   Thumb Code    44  __scatter.o(!!!scatter)
    __scatterload_rt2_thumb_only             0x08000139   Thumb Code     0  __scatter.o(!!!scatter)
    __scatterload_null                       0x08000147   Thumb Code     0  __scatter.o(!!!scatter)
    __decompress                             0x0800016d   Thumb Code    90  __dczerorl2.o(!!dczerorl2)
    __decompress1                            0x0800016d   Thumb Code     0  __dczerorl2.o(!!dczerorl2)
    __scatterload_zeroinit                   0x080001c9   Thumb Code    28  __scatter_zi.o(!!handler_zi)
    _printf_f                                0x080001e5   Thumb Code     0  _printf_f.o(.ARM.Collect$$_printf_percent$$00000003)
    _printf_percent                          0x080001e5   Thumb Code     0  _printf_percent.o(.ARM.Collect$$_printf_percent$$00000000)
    _printf_d                                0x080001eb   Thumb Code     0  _printf_d.o(.ARM.Collect$$_printf_percent$$00000009)
    _printf_percent_end                      0x080001f1   Thumb Code     0  _printf_percent_end.o(.ARM.Collect$$_printf_percent$$00000017)
    __rt_lib_init                            0x080001f5   Thumb Code     0  libinit.o(.ARM.Collect$$libinit$$00000000)
    __rt_lib_init_fp_1                       0x080001f7   Thumb Code     0  libinit2.o(.ARM.Collect$$libinit$$00000002)
    __rt_lib_init_heap_1                     0x080001f7   Thumb Code     0  libinit2.o(.ARM.Collect$$libinit$$0000000A)
    __rt_lib_init_lc_common                  0x080001f7   Thumb Code     0  libinit2.o(.ARM.Collect$$libinit$$0000000F)
    __rt_lib_init_preinit_1                  0x080001f7   Thumb Code     0  libinit2.o(.ARM.Collect$$libinit$$00000004)
    __rt_lib_init_rand_1                     0x080001f7   Thumb Code     0  libinit2.o(.ARM.Collect$$libinit$$0000000E)
    __rt_lib_init_user_alloc_1               0x080001f7   Thumb Code     0  libinit2.o(.ARM.Collect$$libinit$$0000000C)
    __rt_lib_init_lc_collate_1               0x080001fd   Thumb Code     0  libinit2.o(.ARM.Collect$$libinit$$00000011)
    __rt_lib_init_lc_ctype_1                 0x080001fd   Thumb Code     0  libinit2.o(.ARM.Collect$$libinit$$00000013)
    __rt_lib_init_lc_monetary_1              0x080001fd   Thumb Code     0  libinit2.o(.ARM.Collect$$libinit$$00000015)
    __rt_lib_init_lc_numeric_2               0x080001fd   Thumb Code     0  libinit2.o(.ARM.Collect$$libinit$$00000016)
    __rt_lib_init_alloca_1                   0x08000207   Thumb Code     0  libinit2.o(.ARM.Collect$$libinit$$0000002E)
    __rt_lib_init_argv_1                     0x08000207   Thumb Code     0  libinit2.o(.ARM.Collect$$libinit$$0000002C)
    __rt_lib_init_atexit_1                   0x08000207   Thumb Code     0  libinit2.o(.ARM.Collect$$libinit$$0000001B)
    __rt_lib_init_clock_1                    0x08000207   Thumb Code     0  libinit2.o(.ARM.Collect$$libinit$$00000021)
    __rt_lib_init_cpp_1                      0x08000207   Thumb Code     0  libinit2.o(.ARM.Collect$$libinit$$00000032)
    __rt_lib_init_exceptions_1               0x08000207   Thumb Code     0  libinit2.o(.ARM.Collect$$libinit$$00000030)
    __rt_lib_init_fp_trap_1                  0x08000207   Thumb Code     0  libinit2.o(.ARM.Collect$$libinit$$0000001F)
    __rt_lib_init_getenv_1                   0x08000207   Thumb Code     0  libinit2.o(.ARM.Collect$$libinit$$00000023)
    __rt_lib_init_lc_numeric_1               0x08000207   Thumb Code     0  libinit2.o(.ARM.Collect$$libinit$$00000017)
    __rt_lib_init_lc_time_1                  0x08000207   Thumb Code     0  libinit2.o(.ARM.Collect$$libinit$$00000019)
    __rt_lib_init_return                     0x08000207   Thumb Code     0  libinit2.o(.ARM.Collect$$libinit$$00000033)
    __rt_lib_init_signal_1                   0x08000207   Thumb Code     0  libinit2.o(.ARM.Collect$$libinit$$0000001D)
    __rt_lib_init_stdio_1                    0x08000207   Thumb Code     0  libinit2.o(.ARM.Collect$$libinit$$00000025)
    __rt_lib_shutdown                        0x08000209   Thumb Code     0  libshutdown.o(.ARM.Collect$$libshutdown$$00000000)
    __rt_lib_shutdown_cpp_1                  0x0800020b   Thumb Code     0  libshutdown2.o(.ARM.Collect$$libshutdown$$00000004)
    __rt_lib_shutdown_fini_1                 0x0800020b   Thumb Code     0  libshutdown2.o(.ARM.Collect$$libshutdown$$00000002)
    __rt_lib_shutdown_fp_trap_1              0x0800020b   Thumb Code     0  libshutdown2.o(.ARM.Collect$$libshutdown$$00000009)
    __rt_lib_shutdown_heap_1                 0x0800020b   Thumb Code     0  libshutdown2.o(.ARM.Collect$$libshutdown$$00000011)
    __rt_lib_shutdown_return                 0x0800020b   Thumb Code     0  libshutdown2.o(.ARM.Collect$$libshutdown$$00000012)
    __rt_lib_shutdown_signal_1               0x0800020b   Thumb Code     0  libshutdown2.o(.ARM.Collect$$libshutdown$$0000000C)
    __rt_lib_shutdown_stdio_1                0x0800020b   Thumb Code     0  libshutdown2.o(.ARM.Collect$$libshutdown$$00000006)
    __rt_lib_shutdown_user_alloc_1           0x0800020b   Thumb Code     0  libshutdown2.o(.ARM.Collect$$libshutdown$$0000000E)
    __rt_entry                               0x0800020d   Thumb Code     0  __rtentry.o(.ARM.Collect$$rtentry$$00000000)
    __rt_entry_presh_1                       0x0800020d   Thumb Code     0  __rtentry2.o(.ARM.Collect$$rtentry$$00000002)
    __rt_entry_sh                            0x0800020d   Thumb Code     0  __rtentry4.o(.ARM.Collect$$rtentry$$00000004)
    __rt_entry_li                            0x08000213   Thumb Code     0  __rtentry2.o(.ARM.Collect$$rtentry$$0000000A)
    __rt_entry_postsh_1                      0x08000213   Thumb Code     0  __rtentry2.o(.ARM.Collect$$rtentry$$00000009)
    __rt_entry_main                          0x08000217   Thumb Code     0  __rtentry2.o(.ARM.Collect$$rtentry$$0000000D)
    __rt_entry_postli_1                      0x08000217   Thumb Code     0  __rtentry2.o(.ARM.Collect$$rtentry$$0000000C)
    __rt_exit                                0x0800021f   Thumb Code     0  rtexit.o(.ARM.Collect$$rtexit$$00000000)
    __rt_exit_ls                             0x08000221   Thumb Code     0  rtexit2.o(.ARM.Collect$$rtexit$$00000003)
    __rt_exit_prels_1                        0x08000221   Thumb Code     0  rtexit2.o(.ARM.Collect$$rtexit$$00000002)
    __rt_exit_exit                           0x08000225   Thumb Code     0  rtexit2.o(.ARM.Collect$$rtexit$$00000004)
    Reset_Handler                            0x0800022d   Thumb Code     8  startup_stm32f10x_hd.o(.text)
    ADC1_2_IRQHandler                        0x08000247   Thumb Code     0  startup_stm32f10x_hd.o(.text)
    ADC3_IRQHandler                          0x08000247   Thumb Code     0  startup_stm32f10x_hd.o(.text)
    CAN1_RX1_IRQHandler                      0x08000247   Thumb Code     0  startup_stm32f10x_hd.o(.text)
    CAN1_SCE_IRQHandler                      0x08000247   Thumb Code     0  startup_stm32f10x_hd.o(.text)
    DMA1_Channel1_IRQHandler                 0x08000247   Thumb Code     0  startup_stm32f10x_hd.o(.text)
    DMA1_Channel2_IRQHandler                 0x08000247   Thumb Code     0  startup_stm32f10x_hd.o(.text)
    DMA1_Channel3_IRQHandler                 0x08000247   Thumb Code     0  startup_stm32f10x_hd.o(.text)
    DMA1_Channel4_IRQHandler                 0x08000247   Thumb Code     0  startup_stm32f10x_hd.o(.text)
    DMA1_Channel5_IRQHandler                 0x08000247   Thumb Code     0  startup_stm32f10x_hd.o(.text)
    DMA1_Channel6_IRQHandler                 0x08000247   Thumb Code     0  startup_stm32f10x_hd.o(.text)
    DMA1_Channel7_IRQHandler                 0x08000247   Thumb Code     0  startup_stm32f10x_hd.o(.text)
    DMA2_Channel1_IRQHandler                 0x08000247   Thumb Code     0  startup_stm32f10x_hd.o(.text)
    DMA2_Channel2_IRQHandler                 0x08000247   Thumb Code     0  startup_stm32f10x_hd.o(.text)
    DMA2_Channel3_IRQHandler                 0x08000247   Thumb Code     0  startup_stm32f10x_hd.o(.text)
    DMA2_Channel4_5_IRQHandler               0x08000247   Thumb Code     0  startup_stm32f10x_hd.o(.text)
    EXTI0_IRQHandler                         0x08000247   Thumb Code     0  startup_stm32f10x_hd.o(.text)
    EXTI15_10_IRQHandler                     0x08000247   Thumb Code     0  startup_stm32f10x_hd.o(.text)
    EXTI1_IRQHandler                         0x08000247   Thumb Code     0  startup_stm32f10x_hd.o(.text)
    EXTI2_IRQHandler                         0x08000247   Thumb Code     0  startup_stm32f10x_hd.o(.text)
    EXTI3_IRQHandler                         0x08000247   Thumb Code     0  startup_stm32f10x_hd.o(.text)
    EXTI4_IRQHandler                         0x08000247   Thumb Code     0  startup_stm32f10x_hd.o(.text)
    EXTI9_5_IRQHandler                       0x08000247   Thumb Code     0  startup_stm32f10x_hd.o(.text)
    FLASH_IRQHandler                         0x08000247   Thumb Code     0  startup_stm32f10x_hd.o(.text)
    FSMC_IRQHandler                          0x08000247   Thumb Code     0  startup_stm32f10x_hd.o(.text)
    I2C1_ER_IRQHandler                       0x08000247   Thumb Code     0  startup_stm32f10x_hd.o(.text)
    I2C1_EV_IRQHandler                       0x08000247   Thumb Code     0  startup_stm32f10x_hd.o(.text)
    I2C2_ER_IRQHandler                       0x08000247   Thumb Code     0  startup_stm32f10x_hd.o(.text)
    I2C2_EV_IRQHandler                       0x08000247   Thumb Code     0  startup_stm32f10x_hd.o(.text)
    PVD_IRQHandler                           0x08000247   Thumb Code     0  startup_stm32f10x_hd.o(.text)
    RCC_IRQHandler                           0x08000247   Thumb Code     0  startup_stm32f10x_hd.o(.text)
    RTCAlarm_IRQHandler                      0x08000247   Thumb Code     0  startup_stm32f10x_hd.o(.text)
    RTC_IRQHandler                           0x08000247   Thumb Code     0  startup_stm32f10x_hd.o(.text)
    SDIO_IRQHandler                          0x08000247   Thumb Code     0  startup_stm32f10x_hd.o(.text)
    SPI1_IRQHandler                          0x08000247   Thumb Code     0  startup_stm32f10x_hd.o(.text)
    SPI2_IRQHandler                          0x08000247   Thumb Code     0  startup_stm32f10x_hd.o(.text)
    SPI3_IRQHandler                          0x08000247   Thumb Code     0  startup_stm32f10x_hd.o(.text)
    TAMPER_IRQHandler                        0x08000247   Thumb Code     0  startup_stm32f10x_hd.o(.text)
    TIM1_BRK_IRQHandler                      0x08000247   Thumb Code     0  startup_stm32f10x_hd.o(.text)
    TIM1_CC_IRQHandler                       0x08000247   Thumb Code     0  startup_stm32f10x_hd.o(.text)
    TIM1_TRG_COM_IRQHandler                  0x08000247   Thumb Code     0  startup_stm32f10x_hd.o(.text)
    TIM1_UP_IRQHandler                       0x08000247   Thumb Code     0  startup_stm32f10x_hd.o(.text)
    TIM2_IRQHandler                          0x08000247   Thumb Code     0  startup_stm32f10x_hd.o(.text)
    TIM3_IRQHandler                          0x08000247   Thumb Code     0  startup_stm32f10x_hd.o(.text)
    TIM4_IRQHandler                          0x08000247   Thumb Code     0  startup_stm32f10x_hd.o(.text)
    TIM5_IRQHandler                          0x08000247   Thumb Code     0  startup_stm32f10x_hd.o(.text)
    TIM6_IRQHandler                          0x08000247   Thumb Code     0  startup_stm32f10x_hd.o(.text)
    TIM7_IRQHandler                          0x08000247   Thumb Code     0  startup_stm32f10x_hd.o(.text)
    TIM8_BRK_IRQHandler                      0x08000247   Thumb Code     0  startup_stm32f10x_hd.o(.text)
    TIM8_CC_IRQHandler                       0x08000247   Thumb Code     0  startup_stm32f10x_hd.o(.text)
    TIM8_TRG_COM_IRQHandler                  0x08000247   Thumb Code     0  startup_stm32f10x_hd.o(.text)
    TIM8_UP_IRQHandler                       0x08000247   Thumb Code     0  startup_stm32f10x_hd.o(.text)
    UART4_IRQHandler                         0x08000247   Thumb Code     0  startup_stm32f10x_hd.o(.text)
    UART5_IRQHandler                         0x08000247   Thumb Code     0  startup_stm32f10x_hd.o(.text)
    USART2_IRQHandler                        0x08000247   Thumb Code     0  startup_stm32f10x_hd.o(.text)
    USART3_IRQHandler                        0x08000247   Thumb Code     0  startup_stm32f10x_hd.o(.text)
    USBWakeUp_IRQHandler                     0x08000247   Thumb Code     0  startup_stm32f10x_hd.o(.text)
    USB_HP_CAN1_TX_IRQHandler                0x08000247   Thumb Code     0  startup_stm32f10x_hd.o(.text)
    USB_LP_CAN1_RX0_IRQHandler               0x08000247   Thumb Code     0  startup_stm32f10x_hd.o(.text)
    WWDG_IRQHandler                          0x08000247   Thumb Code     0  startup_stm32f10x_hd.o(.text)
    __user_initial_stackheap                 0x08000249   Thumb Code     0  startup_stm32f10x_hd.o(.text)
    __use_no_semihosting                     0x0800026d   Thumb Code     2  use_no_semi_2.o(.text)
    __2printf                                0x08000271   Thumb Code    20  noretval__2printf.o(.text)
    __2sprintf                               0x08000289   Thumb Code    34  noretval__2sprintf.o(.text)
    __printf                                 0x080002b1   Thumb Code   104  __printf.o(.text)
    _printf_int_dec                          0x08000319   Thumb Code   104  _printf_dec.o(.text)
    __use_two_region_memory                  0x08000391   Thumb Code     2  heapauxi.o(.text)
    __rt_heap_escrow$2region                 0x08000393   Thumb Code     2  heapauxi.o(.text)
    __rt_heap_expand$2region                 0x08000395   Thumb Code     2  heapauxi.o(.text)
    __I$use$semihosting                      0x08000397   Thumb Code     0  use_no_semi.o(.text)
    __use_no_semihosting_swi                 0x08000397   Thumb Code     2  use_no_semi.o(.text)
    _printf_int_common                       0x08000399   Thumb Code   178  _printf_intcommon.o(.text)
    __lib_sel_fp_printf                      0x0800044b   Thumb Code     2  _printf_fp_dec.o(.text)
    _printf_fp_dec_real                      0x080005fd   Thumb Code   620  _printf_fp_dec.o(.text)
    _printf_char_common                      0x08000873   Thumb Code    32  _printf_char_common.o(.text)
    _sputc                                   0x08000899   Thumb Code    10  _sputc.o(.text)
    _printf_char_file                        0x080008a5   Thumb Code    32  _printf_char_file.o(.text)
    __rt_locale                              0x080008c9   Thumb Code     8  rt_locale_intlibspace.o(.text)
    _ll_udiv10                               0x080008d1   Thumb Code   138  lludiv10.o(.text)
    _printf_fp_infnan                        0x0800095d   Thumb Code   112  _printf_fp_infnan.o(.text)
    _btod_etento                             0x080009dd   Thumb Code   224  bigflt0.o(.text)
    ferror                                   0x08000ac1   Thumb Code     8  ferror.o(.text)
    __user_libspace                          0x08000ac9   Thumb Code     8  libspace.o(.text)
    __user_perproc_libspace                  0x08000ac9   Thumb Code     0  libspace.o(.text)
    __user_perthread_libspace                0x08000ac9   Thumb Code     0  libspace.o(.text)
    __user_setup_stackheap                   0x08000ad1   Thumb Code    74  sys_stackheap_outer.o(.text)
    exit                                     0x08000b1b   Thumb Code    18  exit.o(.text)
    strcmp                                   0x08000b2d   Thumb Code   128  strcmpv7m.o(.text)
    _btod_d2e                                0x08000bad   Thumb Code    62  btod.o(CL$$btod_d2e)
    _d2e_denorm_low                          0x08000beb   Thumb Code    70  btod.o(CL$$btod_d2e_denorm_low)
    _d2e_norm_op1                            0x08000c31   Thumb Code    96  btod.o(CL$$btod_d2e_norm_op1)
    __btod_div_common                        0x08000c91   Thumb Code   696  btod.o(CL$$btod_div_common)
    _e2e                                     0x08000fc9   Thumb Code   220  btod.o(CL$$btod_e2e)
    _btod_ediv                               0x080010a5   Thumb Code    42  btod.o(CL$$btod_ediv)
    _btod_emul                               0x080010cf   Thumb Code    42  btod.o(CL$$btod_emul)
    __btod_mult_common                       0x080010f9   Thumb Code   580  btod.o(CL$$btod_mult_common)
    ADC_Cmd                                  0x0800133d   Thumb Code    22  stm32f10x_adc.o(i.ADC_Cmd)
    ADC_DeInit                               0x08001355   Thumb Code    78  stm32f10x_adc.o(i.ADC_DeInit)
    ADC_GetCalibrationStatus                 0x080013b1   Thumb Code    20  stm32f10x_adc.o(i.ADC_GetCalibrationStatus)
    ADC_GetConversionValue                   0x080013c5   Thumb Code     8  stm32f10x_adc.o(i.ADC_GetConversionValue)
    ADC_GetFlagStatus                        0x080013cd   Thumb Code    18  stm32f10x_adc.o(i.ADC_GetFlagStatus)
    ADC_GetResetCalibrationStatus            0x080013df   Thumb Code    20  stm32f10x_adc.o(i.ADC_GetResetCalibrationStatus)
    ADC_Init                                 0x080013f5   Thumb Code    70  stm32f10x_adc.o(i.ADC_Init)
    ADC_RegularChannelConfig                 0x08001445   Thumb Code   184  stm32f10x_adc.o(i.ADC_RegularChannelConfig)
    ADC_ResetCalibration                     0x080014fd   Thumb Code    10  stm32f10x_adc.o(i.ADC_ResetCalibration)
    ADC_SoftwareStartConvCmd                 0x08001507   Thumb Code    22  stm32f10x_adc.o(i.ADC_SoftwareStartConvCmd)
    ADC_StartCalibration                     0x0800151d   Thumb Code    10  stm32f10x_adc.o(i.ADC_StartCalibration)
    BusFault_Handler                         0x08001527   Thumb Code     4  stm32f10x_it.o(i.BusFault_Handler)
    DebugMon_Handler                         0x0800156d   Thumb Code     2  stm32f10x_it.o(i.DebugMon_Handler)
    GP2Y_Adc_Init                            0x08001571   Thumb Code   166  gy2y1014au.o(i.GP2Y_Adc_Init)
    GP2Y_Get_Adc                             0x08001621   Thumb Code    46  gy2y1014au.o(i.GP2Y_Get_Adc)
    GPIO_Init                                0x08001655   Thumb Code   278  stm32f10x_gpio.o(i.GPIO_Init)
    GPIO_ReadInputDataBit                    0x0800176b   Thumb Code    18  stm32f10x_gpio.o(i.GPIO_ReadInputDataBit)
    GPIO_ResetBits                           0x0800177d   Thumb Code     4  stm32f10x_gpio.o(i.GPIO_ResetBits)
    GPIO_SetBits                             0x08001781   Thumb Code     4  stm32f10x_gpio.o(i.GPIO_SetBits)
    GetGP2YSingleValue                       0x08001785   Thumb Code   190  gy2y1014au.o(i.GetGP2YSingleValue)
    HardFault_Handler                        0x08001889   Thumb Code     4  stm32f10x_it.o(i.HardFault_Handler)
    I2C_Start                                0x0800188d   Thumb Code    36  oled.o(i.I2C_Start)
    I2C_Stop                                 0x080018b5   Thumb Code    28  oled.o(i.I2C_Stop)
    I2C_WaitAck                              0x080018d5   Thumb Code    20  oled.o(i.I2C_WaitAck)
    MemManage_Handler                        0x080018ed   Thumb Code     4  stm32f10x_it.o(i.MemManage_Handler)
    NMI_Handler                              0x080018f1   Thumb Code     2  stm32f10x_it.o(i.NMI_Handler)
    NVIC_Configuration                       0x080018f3   Thumb Code    12  sys.o(i.NVIC_Configuration)
    NVIC_Init                                0x08001901   Thumb Code   100  misc.o(i.NVIC_Init)
    NVIC_PriorityGroupConfig                 0x08001971   Thumb Code    10  misc.o(i.NVIC_PriorityGroupConfig)
    OLED_Clear                               0x08001985   Thumb Code    42  oled.o(i.OLED_Clear)
    OLED_ClearPoint                          0x080019b5   Thumb Code    90  oled.o(i.OLED_ClearPoint)
    OLED_ColorTurn                           0x08001a15   Thumb Code    28  oled.o(i.OLED_ColorTurn)
    OLED_DisplayTurn                         0x08001a31   Thumb Code    44  oled.o(i.OLED_DisplayTurn)
    OLED_DrawPoint                           0x08001a5d   Thumb Code    54  oled.o(i.OLED_DrawPoint)
    OLED_Init                                0x08001a99   Thumb Code   364  oled.o(i.OLED_Init)
    OLED_Refresh                             0x08001c0d   Thumb Code    70  oled.o(i.OLED_Refresh)
    OLED_ShowChar                            0x08001c59   Thumb Code   240  oled.o(i.OLED_ShowChar)
    OLED_ShowChinese                         0x08001d55   Thumb Code   248  oled.o(i.OLED_ShowChinese)
    OLED_ShowString                          0x08001e5d   Thumb Code    66  oled.o(i.OLED_ShowString)
    OLED_WR_Byte                             0x08001e9f   Thumb Code    56  oled.o(i.OLED_WR_Byte)
    PendSV_Handler                           0x08001ed7   Thumb Code     2  stm32f10x_it.o(i.PendSV_Handler)
    RCC_ADCCLKConfig                         0x08001ed9   Thumb Code    18  stm32f10x_rcc.o(i.RCC_ADCCLKConfig)
    RCC_APB2PeriphClockCmd                   0x08001ef1   Thumb Code    26  stm32f10x_rcc.o(i.RCC_APB2PeriphClockCmd)
    RCC_APB2PeriphResetCmd                   0x08001f11   Thumb Code    26  stm32f10x_rcc.o(i.RCC_APB2PeriphResetCmd)
    RCC_GetClocksFreq                        0x08001f31   Thumb Code   192  stm32f10x_rcc.o(i.RCC_GetClocksFreq)
    Read_DHT11                               0x08002065   Thumb Code   154  dht11.o(i.Read_DHT11)
    SVC_Handler                              0x08002105   Thumb Code     2  stm32f10x_it.o(i.SVC_Handler)
    Send_Byte                                0x08002109   Thumb Code    70  oled.o(i.Send_Byte)
    SysTick_CLKSourceConfig                  0x0800223d   Thumb Code    40  misc.o(i.SysTick_CLKSourceConfig)
    SysTick_Handler                          0x08002265   Thumb Code     2  stm32f10x_it.o(i.SysTick_Handler)
    SystemInit                               0x08002269   Thumb Code    78  system_stm32f10x.o(i.SystemInit)
    USART1_IRQHandler                        0x080022c9   Thumb Code   122  usart.o(i.USART1_IRQHandler)
    USART_Cmd                                0x08002351   Thumb Code    24  stm32f10x_usart.o(i.USART_Cmd)
    USART_GetITStatus                        0x08002369   Thumb Code    84  stm32f10x_usart.o(i.USART_GetITStatus)
    USART_ITConfig                           0x080023bd   Thumb Code    74  stm32f10x_usart.o(i.USART_ITConfig)
    USART_Init                               0x08002409   Thumb Code   210  stm32f10x_usart.o(i.USART_Init)
    USART_ReceiveData                        0x080024e1   Thumb Code    10  stm32f10x_usart.o(i.USART_ReceiveData)
    UsageFault_Handler                       0x080024eb   Thumb Code     4  stm32f10x_it.o(i.UsageFault_Handler)
    __ARM_fpclassify                         0x080024ef   Thumb Code    40  fpclassify.o(i.__ARM_fpclassify)
    _sys_exit                                0x08002517   Thumb Code     4  usart.o(i._sys_exit)
    delay_init                               0x0800251d   Thumb Code    50  delay.o(i.delay_init)
    delay_ms                                 0x08002561   Thumb Code    72  delay.o(i.delay_ms)
    delay_us                                 0x080025ad   Thumb Code    72  delay.o(i.delay_us)
    fputc                                    0x080025f9   Thumb Code    24  usart.o(i.fputc)
    main                                     0x08002615   Thumb Code   270  main.o(i.main)
    uart_init                                0x0800277d   Thumb Code   152  usart.o(i.uart_init)
    _get_lc_numeric                          0x0800281d   Thumb Code    44  lc_numeric_c.o(locale$$code)
    __aeabi_dadd                             0x08002849   Thumb Code     0  daddsub_clz.o(x$fpl$dadd)
    _dadd                                    0x08002849   Thumb Code   332  daddsub_clz.o(x$fpl$dadd)
    __aeabi_d2iz                             0x08002999   Thumb Code     0  dfix.o(x$fpl$dfix)
    _dfix                                    0x08002999   Thumb Code    94  dfix.o(x$fpl$dfix)
    __aeabi_dmul                             0x080029f9   Thumb Code     0  dmul.o(x$fpl$dmul)
    _dmul                                    0x080029f9   Thumb Code   332  dmul.o(x$fpl$dmul)
    __fpl_dnaninf                            0x08002b4d   Thumb Code   156  dnaninf.o(x$fpl$dnaninf)
    __fpl_dretinf                            0x08002be9   Thumb Code    12  dretinf.o(x$fpl$dretinf)
    __aeabi_dsub                             0x08002bf5   Thumb Code     0  daddsub_clz.o(x$fpl$dsub)
    _dsub                                    0x08002bf5   Thumb Code   464  daddsub_clz.o(x$fpl$dsub)
    __aeabi_f2d                              0x08002dc9   Thumb Code     0  f2d.o(x$fpl$f2d)
    _f2d                                     0x08002dc9   Thumb Code    86  f2d.o(x$fpl$f2d)
    __aeabi_fdiv                             0x08002e21   Thumb Code     0  fdiv.o(x$fpl$fdiv)
    _fdiv                                    0x08002e21   Thumb Code   384  fdiv.o(x$fpl$fdiv)
    __aeabi_ui2f                             0x08002fa5   Thumb Code     0  fflt_clz.o(x$fpl$ffltu)
    _ffltu                                   0x08002fa5   Thumb Code    38  fflt_clz.o(x$fpl$ffltu)
    __aeabi_fmul                             0x08002fcd   Thumb Code     0  fmul.o(x$fpl$fmul)
    _fmul                                    0x08002fcd   Thumb Code   258  fmul.o(x$fpl$fmul)
    __fpl_fnaninf                            0x080030cf   Thumb Code   140  fnaninf.o(x$fpl$fnaninf)
    __fpl_fretinf                            0x0800315b   Thumb Code    10  fretinf.o(x$fpl$fretinf)
    _printf_fp_dec                           0x08003165   Thumb Code     4  printf1.o(x$fpl$printf1)
    __I$use$fp                               0x08003168   Number         0  usenofp.o(x$fpl$usenofp)
    asc2_1206                                0x08003168   Data        1140  oled.o(.constdata)
    asc2_1608                                0x080035dc   Data        1520  oled.o(.constdata)
    asc2_2412                                0x08003bcc   Data        3420  oled.o(.constdata)
    Region$$Table$$Base                      0x080049bc   Number         0  anon$$obj.o(Region$$Table)
    Region$$Table$$Limit                     0x080049dc   Number         0  anon$$obj.o(Region$$Table)
    Hzk1                                     0x20000000   Data         352  oled.o(.data)
    Hzk2                                     0x20000160   Data         216  oled.o(.data)
    Hzk3                                     0x20000238   Data         512  oled.o(.data)
    Hzk4                                     0x20000438   Data        4096  oled.o(.data)
    __stdout                                 0x20001450   Data           4  usart.o(.data)
    USART_RX_STA                             0x20001454   Data           2  usart.o(.data)
    SystemCoreClock                          0x20001458   Data           4  system_stm32f10x.o(.data)
    AHBPrescTable                            0x2000145c   Data          16  system_stm32f10x.o(.data)
    OLED_GRAM                                0x2000146c   Data        1152  oled.o(.bss)
    USART_RX_BUF                             0x200018ec   Data         200  usart.o(.bss)
    __libspace_start                         0x200019b4   Data          96  libspace.o(.bss)
    __temporary_stack_top$libspace           0x20001a14   Data           0  libspace.o(.bss)



==============================================================================

Memory Map of the image

  Image Entry point : 0x08000131

  Load Region LR_IROM1 (Base: 0x08000000, Size: 0x00005e64, Max: 0x00010000, ABSOLUTE, COMPRESSED[0x00004ad8])

    Execution Region ER_IROM1 (Exec base: 0x08000000, Load base: 0x08000000, Size: 0x000049f8, Max: 0x00010000, ABSOLUTE)

    Exec Addr    Load Addr    Size         Type   Attr      Idx    E Section Name        Object

    0x08000000   0x08000000   0x00000130   Data   RO           19    RESET               startup_stm32f10x_hd.o
    0x08000130   0x08000130   0x00000008   Code   RO         3576  * !!!main             c_w.l(__main.o)
    0x08000138   0x08000138   0x00000034   Code   RO         3832    !!!scatter          c_w.l(__scatter.o)
    0x0800016c   0x0800016c   0x0000005a   Code   RO         3830    !!dczerorl2         c_w.l(__dczerorl2.o)
    0x080001c6   0x080001c6   0x00000002   PAD
    0x080001c8   0x080001c8   0x0000001c   Code   RO         3834    !!handler_zi        c_w.l(__scatter_zi.o)
    0x080001e4   0x080001e4   0x00000000   Code   RO         3573    .ARM.Collect$$_printf_percent$$00000000  c_w.l(_printf_percent.o)
    0x080001e4   0x080001e4   0x00000006   Code   RO         3572    .ARM.Collect$$_printf_percent$$00000003  c_w.l(_printf_f.o)
    0x080001ea   0x080001ea   0x00000006   Code   RO         3571    .ARM.Collect$$_printf_percent$$00000009  c_w.l(_printf_d.o)
    0x080001f0   0x080001f0   0x00000004   Code   RO         3619    .ARM.Collect$$_printf_percent$$00000017  c_w.l(_printf_percent_end.o)
    0x080001f4   0x080001f4   0x00000002   Code   RO         3705    .ARM.Collect$$libinit$$00000000  c_w.l(libinit.o)
    0x080001f6   0x080001f6   0x00000000   Code   RO         3707    .ARM.Collect$$libinit$$00000002  c_w.l(libinit2.o)
    0x080001f6   0x080001f6   0x00000000   Code   RO         3709    .ARM.Collect$$libinit$$00000004  c_w.l(libinit2.o)
    0x080001f6   0x080001f6   0x00000000   Code   RO         3712    .ARM.Collect$$libinit$$0000000A  c_w.l(libinit2.o)
    0x080001f6   0x080001f6   0x00000000   Code   RO         3714    .ARM.Collect$$libinit$$0000000C  c_w.l(libinit2.o)
    0x080001f6   0x080001f6   0x00000000   Code   RO         3716    .ARM.Collect$$libinit$$0000000E  c_w.l(libinit2.o)
    0x080001f6   0x080001f6   0x00000006   Code   RO         3717    .ARM.Collect$$libinit$$0000000F  c_w.l(libinit2.o)
    0x080001fc   0x080001fc   0x00000000   Code   RO         3719    .ARM.Collect$$libinit$$00000011  c_w.l(libinit2.o)
    0x080001fc   0x080001fc   0x00000000   Code   RO         3721    .ARM.Collect$$libinit$$00000013  c_w.l(libinit2.o)
    0x080001fc   0x080001fc   0x00000000   Code   RO         3723    .ARM.Collect$$libinit$$00000015  c_w.l(libinit2.o)
    0x080001fc   0x080001fc   0x0000000a   Code   RO         3724    .ARM.Collect$$libinit$$00000016  c_w.l(libinit2.o)
    0x08000206   0x08000206   0x00000000   Code   RO         3725    .ARM.Collect$$libinit$$00000017  c_w.l(libinit2.o)
    0x08000206   0x08000206   0x00000000   Code   RO         3727    .ARM.Collect$$libinit$$00000019  c_w.l(libinit2.o)
    0x08000206   0x08000206   0x00000000   Code   RO         3729    .ARM.Collect$$libinit$$0000001B  c_w.l(libinit2.o)
    0x08000206   0x08000206   0x00000000   Code   RO         3731    .ARM.Collect$$libinit$$0000001D  c_w.l(libinit2.o)
    0x08000206   0x08000206   0x00000000   Code   RO         3733    .ARM.Collect$$libinit$$0000001F  c_w.l(libinit2.o)
    0x08000206   0x08000206   0x00000000   Code   RO         3735    .ARM.Collect$$libinit$$00000021  c_w.l(libinit2.o)
    0x08000206   0x08000206   0x00000000   Code   RO         3737    .ARM.Collect$$libinit$$00000023  c_w.l(libinit2.o)
    0x08000206   0x08000206   0x00000000   Code   RO         3739    .ARM.Collect$$libinit$$00000025  c_w.l(libinit2.o)
    0x08000206   0x08000206   0x00000000   Code   RO         3743    .ARM.Collect$$libinit$$0000002C  c_w.l(libinit2.o)
    0x08000206   0x08000206   0x00000000   Code   RO         3745    .ARM.Collect$$libinit$$0000002E  c_w.l(libinit2.o)
    0x08000206   0x08000206   0x00000000   Code   RO         3747    .ARM.Collect$$libinit$$00000030  c_w.l(libinit2.o)
    0x08000206   0x08000206   0x00000000   Code   RO         3749    .ARM.Collect$$libinit$$00000032  c_w.l(libinit2.o)
    0x08000206   0x08000206   0x00000002   Code   RO         3750    .ARM.Collect$$libinit$$00000033  c_w.l(libinit2.o)
    0x08000208   0x08000208   0x00000002   Code   RO         3778    .ARM.Collect$$libshutdown$$00000000  c_w.l(libshutdown.o)
    0x0800020a   0x0800020a   0x00000000   Code   RO         3787    .ARM.Collect$$libshutdown$$00000002  c_w.l(libshutdown2.o)
    0x0800020a   0x0800020a   0x00000000   Code   RO         3789    .ARM.Collect$$libshutdown$$00000004  c_w.l(libshutdown2.o)
    0x0800020a   0x0800020a   0x00000000   Code   RO         3791    .ARM.Collect$$libshutdown$$00000006  c_w.l(libshutdown2.o)
    0x0800020a   0x0800020a   0x00000000   Code   RO         3794    .ARM.Collect$$libshutdown$$00000009  c_w.l(libshutdown2.o)
    0x0800020a   0x0800020a   0x00000000   Code   RO         3797    .ARM.Collect$$libshutdown$$0000000C  c_w.l(libshutdown2.o)
    0x0800020a   0x0800020a   0x00000000   Code   RO         3799    .ARM.Collect$$libshutdown$$0000000E  c_w.l(libshutdown2.o)
    0x0800020a   0x0800020a   0x00000000   Code   RO         3802    .ARM.Collect$$libshutdown$$00000011  c_w.l(libshutdown2.o)
    0x0800020a   0x0800020a   0x00000002   Code   RO         3803    .ARM.Collect$$libshutdown$$00000012  c_w.l(libshutdown2.o)
    0x0800020c   0x0800020c   0x00000000   Code   RO         3608    .ARM.Collect$$rtentry$$00000000  c_w.l(__rtentry.o)
    0x0800020c   0x0800020c   0x00000000   Code   RO         3630    .ARM.Collect$$rtentry$$00000002  c_w.l(__rtentry2.o)
    0x0800020c   0x0800020c   0x00000006   Code   RO         3642    .ARM.Collect$$rtentry$$00000004  c_w.l(__rtentry4.o)
    0x08000212   0x08000212   0x00000000   Code   RO         3632    .ARM.Collect$$rtentry$$00000009  c_w.l(__rtentry2.o)
    0x08000212   0x08000212   0x00000004   Code   RO         3633    .ARM.Collect$$rtentry$$0000000A  c_w.l(__rtentry2.o)
    0x08000216   0x08000216   0x00000000   Code   RO         3635    .ARM.Collect$$rtentry$$0000000C  c_w.l(__rtentry2.o)
    0x08000216   0x08000216   0x00000008   Code   RO         3636    .ARM.Collect$$rtentry$$0000000D  c_w.l(__rtentry2.o)
    0x0800021e   0x0800021e   0x00000002   Code   RO         3751    .ARM.Collect$$rtexit$$00000000  c_w.l(rtexit.o)
    0x08000220   0x08000220   0x00000000   Code   RO         3758    .ARM.Collect$$rtexit$$00000002  c_w.l(rtexit2.o)
    0x08000220   0x08000220   0x00000004   Code   RO         3759    .ARM.Collect$$rtexit$$00000003  c_w.l(rtexit2.o)
    0x08000224   0x08000224   0x00000006   Code   RO         3760    .ARM.Collect$$rtexit$$00000004  c_w.l(rtexit2.o)
    0x0800022a   0x0800022a   0x00000002   PAD
    0x0800022c   0x0800022c   0x00000040   Code   RO           20    .text               startup_stm32f10x_hd.o
    0x0800026c   0x0800026c   0x00000002   Code   RO         3537    .text               c_w.l(use_no_semi_2.o)
    0x0800026e   0x0800026e   0x00000002   PAD
    0x08000270   0x08000270   0x00000018   Code   RO         3543    .text               c_w.l(noretval__2printf.o)
    0x08000288   0x08000288   0x00000028   Code   RO         3545    .text               c_w.l(noretval__2sprintf.o)
    0x080002b0   0x080002b0   0x00000068   Code   RO         3547    .text               c_w.l(__printf.o)
    0x08000318   0x08000318   0x00000078   Code   RO         3549    .text               c_w.l(_printf_dec.o)
    0x08000390   0x08000390   0x00000006   Code   RO         3574    .text               c_w.l(heapauxi.o)
    0x08000396   0x08000396   0x00000002   Code   RO         3606    .text               c_w.l(use_no_semi.o)
    0x08000398   0x08000398   0x000000b2   Code   RO         3609    .text               c_w.l(_printf_intcommon.o)
    0x0800044a   0x0800044a   0x0000041e   Code   RO         3611    .text               c_w.l(_printf_fp_dec.o)
    0x08000868   0x08000868   0x00000030   Code   RO         3613    .text               c_w.l(_printf_char_common.o)
    0x08000898   0x08000898   0x0000000a   Code   RO         3615    .text               c_w.l(_sputc.o)
    0x080008a2   0x080008a2   0x00000002   PAD
    0x080008a4   0x080008a4   0x00000024   Code   RO         3617    .text               c_w.l(_printf_char_file.o)
    0x080008c8   0x080008c8   0x00000008   Code   RO         3647    .text               c_w.l(rt_locale_intlibspace.o)
    0x080008d0   0x080008d0   0x0000008a   Code   RO         3649    .text               c_w.l(lludiv10.o)
    0x0800095a   0x0800095a   0x00000002   PAD
    0x0800095c   0x0800095c   0x00000080   Code   RO         3651    .text               c_w.l(_printf_fp_infnan.o)
    0x080009dc   0x080009dc   0x000000e4   Code   RO         3655    .text               c_w.l(bigflt0.o)
    0x08000ac0   0x08000ac0   0x00000008   Code   RO         3680    .text               c_w.l(ferror.o)
    0x08000ac8   0x08000ac8   0x00000008   Code   RO         3691    .text               c_w.l(libspace.o)
    0x08000ad0   0x08000ad0   0x0000004a   Code   RO         3694    .text               c_w.l(sys_stackheap_outer.o)
    0x08000b1a   0x08000b1a   0x00000012   Code   RO         3696    .text               c_w.l(exit.o)
    0x08000b2c   0x08000b2c   0x00000080   Code   RO         3698    .text               c_w.l(strcmpv7m.o)
    0x08000bac   0x08000bac   0x0000003e   Code   RO         3658    CL$$btod_d2e        c_w.l(btod.o)
    0x08000bea   0x08000bea   0x00000046   Code   RO         3660    CL$$btod_d2e_denorm_low  c_w.l(btod.o)
    0x08000c30   0x08000c30   0x00000060   Code   RO         3659    CL$$btod_d2e_norm_op1  c_w.l(btod.o)
    0x08000c90   0x08000c90   0x00000338   Code   RO         3668    CL$$btod_div_common  c_w.l(btod.o)
    0x08000fc8   0x08000fc8   0x000000dc   Code   RO         3665    CL$$btod_e2e        c_w.l(btod.o)
    0x080010a4   0x080010a4   0x0000002a   Code   RO         3662    CL$$btod_ediv       c_w.l(btod.o)
    0x080010ce   0x080010ce   0x0000002a   Code   RO         3661    CL$$btod_emul       c_w.l(btod.o)
    0x080010f8   0x080010f8   0x00000244   Code   RO         3667    CL$$btod_mult_common  c_w.l(btod.o)
    0x0800133c   0x0800133c   0x00000016   Code   RO          347    i.ADC_Cmd           stm32f10x_adc.o
    0x08001352   0x08001352   0x00000002   PAD
    0x08001354   0x08001354   0x0000005c   Code   RO          349    i.ADC_DeInit        stm32f10x_adc.o
    0x080013b0   0x080013b0   0x00000014   Code   RO          355    i.ADC_GetCalibrationStatus  stm32f10x_adc.o
    0x080013c4   0x080013c4   0x00000008   Code   RO          356    i.ADC_GetConversionValue  stm32f10x_adc.o
    0x080013cc   0x080013cc   0x00000012   Code   RO          358    i.ADC_GetFlagStatus  stm32f10x_adc.o
    0x080013de   0x080013de   0x00000014   Code   RO          361    i.ADC_GetResetCalibrationStatus  stm32f10x_adc.o
    0x080013f2   0x080013f2   0x00000002   PAD
    0x080013f4   0x080013f4   0x00000050   Code   RO          365    i.ADC_Init          stm32f10x_adc.o
    0x08001444   0x08001444   0x000000b8   Code   RO          369    i.ADC_RegularChannelConfig  stm32f10x_adc.o
    0x080014fc   0x080014fc   0x0000000a   Code   RO          370    i.ADC_ResetCalibration  stm32f10x_adc.o
    0x08001506   0x08001506   0x00000016   Code   RO          372    i.ADC_SoftwareStartConvCmd  stm32f10x_adc.o
    0x0800151c   0x0800151c   0x0000000a   Code   RO          374    i.ADC_StartCalibration  stm32f10x_adc.o
    0x08001526   0x08001526   0x00000004   Code   RO         3396    i.BusFault_Handler  stm32f10x_it.o
    0x0800152a   0x0800152a   0x00000002   PAD
    0x0800152c   0x0800152c   0x0000001c   Code   RO           25    i.DHT11_Mode_IPU    dht11.o
    0x08001548   0x08001548   0x00000024   Code   RO           26    i.DHT11_Mode_Out_PP  dht11.o
    0x0800156c   0x0800156c   0x00000002   Code   RO         3397    i.DebugMon_Handler  stm32f10x_it.o
    0x0800156e   0x0800156e   0x00000002   PAD
    0x08001570   0x08001570   0x000000b0   Code   RO          268    i.GP2Y_Adc_Init     gy2y1014au.o
    0x08001620   0x08001620   0x00000034   Code   RO          269    i.GP2Y_Get_Adc      gy2y1014au.o
    0x08001654   0x08001654   0x00000116   Code   RO         1477    i.GPIO_Init         stm32f10x_gpio.o
    0x0800176a   0x0800176a   0x00000012   Code   RO         1481    i.GPIO_ReadInputDataBit  stm32f10x_gpio.o
    0x0800177c   0x0800177c   0x00000004   Code   RO         1484    i.GPIO_ResetBits    stm32f10x_gpio.o
    0x08001780   0x08001780   0x00000004   Code   RO         1485    i.GPIO_SetBits      stm32f10x_gpio.o
    0x08001784   0x08001784   0x00000104   Code   RO          271    i.GetGP2YSingleValue  gy2y1014au.o
    0x08001888   0x08001888   0x00000004   Code   RO         3398    i.HardFault_Handler  stm32f10x_it.o
    0x0800188c   0x0800188c   0x00000028   Code   RO          104    i.I2C_Start         oled.o
    0x080018b4   0x080018b4   0x00000020   Code   RO          105    i.I2C_Stop          oled.o
    0x080018d4   0x080018d4   0x00000018   Code   RO          106    i.I2C_WaitAck       oled.o
    0x080018ec   0x080018ec   0x00000004   Code   RO         3399    i.MemManage_Handler  stm32f10x_it.o
    0x080018f0   0x080018f0   0x00000002   Code   RO         3400    i.NMI_Handler       stm32f10x_it.o
    0x080018f2   0x080018f2   0x0000000c   Code   RO         3343    i.NVIC_Configuration  sys.o
    0x080018fe   0x080018fe   0x00000002   PAD
    0x08001900   0x08001900   0x00000070   Code   RO          305    i.NVIC_Init         misc.o
    0x08001970   0x08001970   0x00000014   Code   RO          306    i.NVIC_PriorityGroupConfig  misc.o
    0x08001984   0x08001984   0x00000030   Code   RO          107    i.OLED_Clear        oled.o
    0x080019b4   0x080019b4   0x00000060   Code   RO          108    i.OLED_ClearPoint   oled.o
    0x08001a14   0x08001a14   0x0000001c   Code   RO          109    i.OLED_ColorTurn    oled.o
    0x08001a30   0x08001a30   0x0000002c   Code   RO          112    i.OLED_DisplayTurn  oled.o
    0x08001a5c   0x08001a5c   0x0000003c   Code   RO          115    i.OLED_DrawPoint    oled.o
    0x08001a98   0x08001a98   0x00000174   Code   RO          116    i.OLED_Init         oled.o
    0x08001c0c   0x08001c0c   0x0000004c   Code   RO          118    i.OLED_Refresh      oled.o
    0x08001c58   0x08001c58   0x000000fc   Code   RO          120    i.OLED_ShowChar     oled.o
    0x08001d54   0x08001d54   0x00000108   Code   RO          121    i.OLED_ShowChinese  oled.o
    0x08001e5c   0x08001e5c   0x00000042   Code   RO          124    i.OLED_ShowString   oled.o
    0x08001e9e   0x08001e9e   0x00000038   Code   RO          126    i.OLED_WR_Byte      oled.o
    0x08001ed6   0x08001ed6   0x00000002   Code   RO         3401    i.PendSV_Handler    stm32f10x_it.o
    0x08001ed8   0x08001ed8   0x00000018   Code   RO         1900    i.RCC_ADCCLKConfig  stm32f10x_rcc.o
    0x08001ef0   0x08001ef0   0x00000020   Code   RO         1904    i.RCC_APB2PeriphClockCmd  stm32f10x_rcc.o
    0x08001f10   0x08001f10   0x00000020   Code   RO         1905    i.RCC_APB2PeriphResetCmd  stm32f10x_rcc.o
    0x08001f30   0x08001f30   0x000000d4   Code   RO         1912    i.RCC_GetClocksFreq  stm32f10x_rcc.o
    0x08002004   0x08002004   0x00000060   Code   RO           27    i.Read_Byte         dht11.o
    0x08002064   0x08002064   0x000000a0   Code   RO           28    i.Read_DHT11        dht11.o
    0x08002104   0x08002104   0x00000002   Code   RO         3402    i.SVC_Handler       stm32f10x_it.o
    0x08002106   0x08002106   0x00000002   PAD
    0x08002108   0x08002108   0x0000004c   Code   RO          127    i.Send_Byte         oled.o
    0x08002154   0x08002154   0x00000008   Code   RO         3482    i.SetSysClock       system_stm32f10x.o
    0x0800215c   0x0800215c   0x000000e0   Code   RO         3483    i.SetSysClockTo72   system_stm32f10x.o
    0x0800223c   0x0800223c   0x00000028   Code   RO          309    i.SysTick_CLKSourceConfig  misc.o
    0x08002264   0x08002264   0x00000002   Code   RO         3403    i.SysTick_Handler   stm32f10x_it.o
    0x08002266   0x08002266   0x00000002   PAD
    0x08002268   0x08002268   0x00000060   Code   RO         3485    i.SystemInit        system_stm32f10x.o
    0x080022c8   0x080022c8   0x00000088   Code   RO         3355    i.USART1_IRQHandler  usart.o
    0x08002350   0x08002350   0x00000018   Code   RO         3084    i.USART_Cmd         stm32f10x_usart.o
    0x08002368   0x08002368   0x00000054   Code   RO         3088    i.USART_GetITStatus  stm32f10x_usart.o
    0x080023bc   0x080023bc   0x0000004a   Code   RO         3090    i.USART_ITConfig    stm32f10x_usart.o
    0x08002406   0x08002406   0x00000002   PAD
    0x08002408   0x08002408   0x000000d8   Code   RO         3091    i.USART_Init        stm32f10x_usart.o
    0x080024e0   0x080024e0   0x0000000a   Code   RO         3098    i.USART_ReceiveData  stm32f10x_usart.o
    0x080024ea   0x080024ea   0x00000004   Code   RO         3404    i.UsageFault_Handler  stm32f10x_it.o
    0x080024ee   0x080024ee   0x00000028   Code   RO         3689    i.__ARM_fpclassify  m_ws.l(fpclassify.o)
    0x08002516   0x08002516   0x00000004   Code   RO         3356    i._sys_exit         usart.o
    0x0800251a   0x0800251a   0x00000002   PAD
    0x0800251c   0x0800251c   0x00000044   Code   RO         3317    i.delay_init        delay.o
    0x08002560   0x08002560   0x0000004c   Code   RO         3318    i.delay_ms          delay.o
    0x080025ac   0x080025ac   0x0000004c   Code   RO         3319    i.delay_us          delay.o
    0x080025f8   0x080025f8   0x0000001c   Code   RO         3357    i.fputc             usart.o
    0x08002614   0x08002614   0x00000168   Code   RO         3516    i.main              main.o
    0x0800277c   0x0800277c   0x000000a0   Code   RO         3358    i.uart_init         usart.o
    0x0800281c   0x0800281c   0x0000002c   Code   RO         3685    locale$$code        c_w.l(lc_numeric_c.o)
    0x08002848   0x08002848   0x00000150   Code   RO         3578    x$fpl$dadd          fz_ws.l(daddsub_clz.o)
    0x08002998   0x08002998   0x0000005e   Code   RO         3584    x$fpl$dfix          fz_ws.l(dfix.o)
    0x080029f6   0x080029f6   0x00000002   PAD
    0x080029f8   0x080029f8   0x00000154   Code   RO         3588    x$fpl$dmul          fz_ws.l(dmul.o)
    0x08002b4c   0x08002b4c   0x0000009c   Code   RO         3620    x$fpl$dnaninf       fz_ws.l(dnaninf.o)
    0x08002be8   0x08002be8   0x0000000c   Code   RO         3622    x$fpl$dretinf       fz_ws.l(dretinf.o)
    0x08002bf4   0x08002bf4   0x000001d4   Code   RO         3580    x$fpl$dsub          fz_ws.l(daddsub_clz.o)
    0x08002dc8   0x08002dc8   0x00000056   Code   RO         3590    x$fpl$f2d           fz_ws.l(f2d.o)
    0x08002e1e   0x08002e1e   0x00000002   PAD
    0x08002e20   0x08002e20   0x00000184   Code   RO         3593    x$fpl$fdiv          fz_ws.l(fdiv.o)
    0x08002fa4   0x08002fa4   0x00000026   Code   RO         3596    x$fpl$ffltu         fz_ws.l(fflt_clz.o)
    0x08002fca   0x08002fca   0x00000002   PAD
    0x08002fcc   0x08002fcc   0x00000102   Code   RO         3602    x$fpl$fmul          fz_ws.l(fmul.o)
    0x080030ce   0x080030ce   0x0000008c   Code   RO         3624    x$fpl$fnaninf       fz_ws.l(fnaninf.o)
    0x0800315a   0x0800315a   0x0000000a   Code   RO         3626    x$fpl$fretinf       fz_ws.l(fretinf.o)
    0x08003164   0x08003164   0x00000004   Code   RO         3604    x$fpl$printf1       fz_ws.l(printf1.o)
    0x08003168   0x08003168   0x00000000   Code   RO         3628    x$fpl$usenofp       fz_ws.l(usenofp.o)
    0x08003168   0x08003168   0x000017c0   Data   RO          129    .constdata          oled.o
    0x08004928   0x08004928   0x00000094   Data   RO         3656    .constdata          c_w.l(bigflt0.o)
    0x080049bc   0x080049bc   0x00000020   Data   RO         3828    Region$$Table       anon$$obj.o
    0x080049dc   0x080049dc   0x0000001c   Data   RO         3684    locale$$data        c_w.l(lc_numeric_c.o)


    Execution Region RW_IRAM1 (Exec base: 0x20000000, Load base: 0x080049f8, Size: 0x00002018, Max: 0x00005000, ABSOLUTE, COMPRESSED[0x000000e0])

    Exec Addr    Load Addr    Size         Type   Attr      Idx    E Section Name        Object

    0x20000000   COMPRESSED   0x00001438   Data   RW          130    .data               oled.o
    0x20001438   COMPRESSED   0x00000014   Data   RW         1932    .data               stm32f10x_rcc.o
    0x2000144c   COMPRESSED   0x00000004   Data   RW         3320    .data               delay.o
    0x20001450   COMPRESSED   0x00000006   Data   RW         3360    .data               usart.o
    0x20001456   COMPRESSED   0x00000002   PAD
    0x20001458   COMPRESSED   0x00000014   Data   RW         3486    .data               system_stm32f10x.o
    0x2000146c        -       0x00000480   Zero   RW          128    .bss                oled.o
    0x200018ec        -       0x000000c8   Zero   RW         3359    .bss                usart.o
    0x200019b4        -       0x00000060   Zero   RW         3692    .bss                c_w.l(libspace.o)
    0x20001a14   COMPRESSED   0x00000004   PAD
    0x20001a18        -       0x00000200   Zero   RW           18    HEAP                startup_stm32f10x_hd.o
    0x20001c18        -       0x00000400   Zero   RW           17    STACK               startup_stm32f10x_hd.o


==============================================================================

Image component sizes


      Code (inc. data)   RO Data    RW Data    ZI Data      Debug   Object Name

         0          0          0          0          0       4540   core_cm3.o
       220         26          0          4          0       1783   delay.o
       320         22          0          0          0     238897   dht11.o
       488         86          0          0          0       1936   gy2y1014au.o
       360         90          0          0          0        639   main.o
       172         22          0          0          0       2113   misc.o
      1534         78       6080       5176       1152      11054   oled.o
        64         26        304          0       1536        816   startup_stm32f10x_hd.o
       486         24          0          0          0       8778   stm32f10x_adc.o
       304          0          0          0          0       3736   stm32f10x_gpio.o
        26          0          0          0          0       3838   stm32f10x_it.o
       300         38          0         20          0       5073   stm32f10x_rcc.o
       408          6          0          0          0       5094   stm32f10x_usart.o
        12          0          0          0          0        469   sys.o
       328         28          0         20          0       2157   system_stm32f10x.o
       328         26          0          6        200       4204   usart.o

    ----------------------------------------------------------------------
      5368        472       6416       5228       2888     295127   Object Totals
         0          0         32          0          0          0   (incl. Generated)
        18          0          0          2          0          0   (incl. Padding)

    ----------------------------------------------------------------------

      Code (inc. data)   RO Data    RW Data    ZI Data      Debug   Library Member Name

        90          0          0          0          0          0   __dczerorl2.o
         8          0          0          0          0         68   __main.o
       104          0          0          0          0         84   __printf.o
         0          0          0          0          0          0   __rtentry.o
        12          0          0          0          0          0   __rtentry2.o
         6          0          0          0          0          0   __rtentry4.o
        52          8          0          0          0          0   __scatter.o
        28          0          0          0          0          0   __scatter_zi.o
        48          6          0          0          0         96   _printf_char_common.o
        36          4          0          0          0         80   _printf_char_file.o
         6          0          0          0          0          0   _printf_d.o
       120         16          0          0          0         92   _printf_dec.o
         6          0          0          0          0          0   _printf_f.o
      1054          0          0          0          0        216   _printf_fp_dec.o
       128         16          0          0          0         84   _printf_fp_infnan.o
       178          0          0          0          0         88   _printf_intcommon.o
         0          0          0          0          0          0   _printf_percent.o
         4          0          0          0          0          0   _printf_percent_end.o
        10          0          0          0          0         68   _sputc.o
       228          4        148          0          0         96   bigflt0.o
      1936        128          0          0          0        672   btod.o
        18          0          0          0          0         80   exit.o
         8          0          0          0          0         68   ferror.o
         6          0          0          0          0        152   heapauxi.o
        44         10         28          0          0         76   lc_numeric_c.o
         2          0          0          0          0          0   libinit.o
        18          0          0          0          0          0   libinit2.o
         2          0          0          0          0          0   libshutdown.o
         2          0          0          0          0          0   libshutdown2.o
         8          4          0          0         96         68   libspace.o
       138          0          0          0          0         80   lludiv10.o
        24          4          0          0          0         84   noretval__2printf.o
        40          6          0          0          0         84   noretval__2sprintf.o
         8          4          0          0          0         68   rt_locale_intlibspace.o
         2          0          0          0          0          0   rtexit.o
        10          0          0          0          0          0   rtexit2.o
       128          0          0          0          0         68   strcmpv7m.o
        74          0          0          0          0         80   sys_stackheap_outer.o
         2          0          0          0          0         68   use_no_semi.o
         2          0          0          0          0         68   use_no_semi_2.o
       804         16          0          0          0        272   daddsub_clz.o
        94          4          0          0          0         92   dfix.o
       340         12          0          0          0        104   dmul.o
       156          4          0          0          0         92   dnaninf.o
        12          0          0          0          0         68   dretinf.o
        86          4          0          0          0         84   f2d.o
       388         76          0          0          0         96   fdiv.o
        38          0          0          0          0         68   fflt_clz.o
       258          4          0          0          0         84   fmul.o
       140          4          0          0          0         84   fnaninf.o
        10          0          0          0          0         68   fretinf.o
         4          0          0          0          0         68   printf1.o
         0          0          0          0          0          0   usenofp.o
        40          0          0          0          0         68   fpclassify.o

    ----------------------------------------------------------------------
      6976        334        176          0        100       3936   Library Totals
        16          0          0          0          4          0   (incl. Padding)

    ----------------------------------------------------------------------

      Code (inc. data)   RO Data    RW Data    ZI Data      Debug   Library Name

      4590        210        176          0         96       2688   c_w.l
      2330        124          0          0          0       1180   fz_ws.l
        40          0          0          0          0         68   m_ws.l

    ----------------------------------------------------------------------
      6976        334        176          0        100       3936   Library Totals

    ----------------------------------------------------------------------

==============================================================================


      Code (inc. data)   RO Data    RW Data    ZI Data      Debug   

     12344        806       6592       5228       2988     293495   Grand Totals
     12344        806       6592        224       2988     293495   ELF Image Totals (compressed)
     12344        806       6592        224          0          0   ROM Totals

==============================================================================

    Total RO  Size (Code + RO Data)                18936 (  18.49kB)
    Total RW  Size (RW Data + ZI Data)              8216 (   8.02kB)
    Total ROM Size (Code + RO Data + RW Data)      19160 (  18.71kB)

==============================================================================

