<!doctype html public "-//w3c//dtd html 4.0 transitional//en">
<html><head>
<title>Static Call Graph - [.\Objects\wujique.axf]</title></head>
<body><HR>
<H1>Static Call Graph for image .\Objects\wujique.axf</H1><HR>
<BR><P>#&#060CALLGRAPH&#062# ARM Linker, 5060960: Last Updated: Wed Feb 09 22:38:56 2022
<BR><P>
<H3>Maximum Stack Usage =       1728 bytes + Unknown(Cycles, Untraceable Function Pointers)</H3><H3>
Call chain for Maximum Stack Depth:</H3>
test_tp_calibrate &rArr; ts_calibrate &rArr; get_sample &rArr; getxy &rArr; wjq_log &rArr; mcu_uart_write
<P>
<H3>
Mutually Recursive functions
</H3> <LI><a href="#[78]">CAN1_RX1_IRQHandler</a>&nbsp;&nbsp;&nbsp;&rArr;&nbsp;&nbsp;&nbsp;<a href="#[78]">CAN1_RX1_IRQHandler</a><BR>
 <LI><a href="#[409]">serial_putc</a>&nbsp;&nbsp;&nbsp;&rArr;&nbsp;&nbsp;&nbsp;<a href="#[409]">serial_putc</a><BR>
 <LI><a href="#[fd]">qsort</a>&nbsp;&nbsp;&nbsp;&rArr;&nbsp;&nbsp;&nbsp;<a href="#[fd]">qsort</a><BR>
</UL>
<P>
<H3>
Function Pointers
</H3><UL>
 <LI><a href="#[75]">ADC_IRQHandler</a> from stm32f4xx_it.o(i.ADC_IRQHandler) referenced from startup_stm32f40_41xxx.o(RESET)
 <LI><a href="#[5d]">BusFault_Handler</a> from stm32f4xx_it.o(i.BusFault_Handler) referenced from startup_stm32f40_41xxx.o(RESET)
 <LI><a href="#[77]">CAN1_RX0_IRQHandler</a> from stm32f4xx_it.o(i.CAN1_RX0_IRQHandler) referenced from startup_stm32f40_41xxx.o(RESET)
 <LI><a href="#[78]">CAN1_RX1_IRQHandler</a> from startup_stm32f40_41xxx.o(.text) referenced from startup_stm32f40_41xxx.o(RESET)
 <LI><a href="#[79]">CAN1_SCE_IRQHandler</a> from startup_stm32f40_41xxx.o(.text) referenced from startup_stm32f40_41xxx.o(RESET)
 <LI><a href="#[76]">CAN1_TX_IRQHandler</a> from startup_stm32f40_41xxx.o(.text) referenced from startup_stm32f40_41xxx.o(RESET)
 <LI><a href="#[a3]">CAN2_RX0_IRQHandler</a> from startup_stm32f40_41xxx.o(.text) referenced from startup_stm32f40_41xxx.o(RESET)
 <LI><a href="#[a4]">CAN2_RX1_IRQHandler</a> from startup_stm32f40_41xxx.o(.text) referenced from startup_stm32f40_41xxx.o(RESET)
 <LI><a href="#[a5]">CAN2_SCE_IRQHandler</a> from startup_stm32f40_41xxx.o(.text) referenced from startup_stm32f40_41xxx.o(RESET)
 <LI><a href="#[a2]">CAN2_TX_IRQHandler</a> from startup_stm32f40_41xxx.o(.text) referenced from startup_stm32f40_41xxx.o(RESET)
 <LI><a href="#[b2]">CRYP_IRQHandler</a> from startup_stm32f40_41xxx.o(.text) referenced from startup_stm32f40_41xxx.o(RESET)
 <LI><a href="#[b1]">DCMI_IRQHandler</a> from stm32f4xx_it.o(i.DCMI_IRQHandler) referenced from startup_stm32f40_41xxx.o(RESET)
 <LI><a href="#[6e]">DMA1_Stream0_IRQHandler</a> from startup_stm32f40_41xxx.o(.text) referenced from startup_stm32f40_41xxx.o(RESET)
 <LI><a href="#[6f]">DMA1_Stream1_IRQHandler</a> from startup_stm32f40_41xxx.o(.text) referenced from startup_stm32f40_41xxx.o(RESET)
 <LI><a href="#[70]">DMA1_Stream2_IRQHandler</a> from startup_stm32f40_41xxx.o(.text) referenced from startup_stm32f40_41xxx.o(RESET)
 <LI><a href="#[71]">DMA1_Stream3_IRQHandler</a> from stm32f4xx_it.o(i.DMA1_Stream3_IRQHandler) referenced from startup_stm32f40_41xxx.o(RESET)
 <LI><a href="#[72]">DMA1_Stream4_IRQHandler</a> from stm32f4xx_it.o(i.DMA1_Stream4_IRQHandler) referenced from startup_stm32f40_41xxx.o(RESET)
 <LI><a href="#[73]">DMA1_Stream5_IRQHandler</a> from startup_stm32f40_41xxx.o(.text) referenced from startup_stm32f40_41xxx.o(RESET)
 <LI><a href="#[74]">DMA1_Stream6_IRQHandler</a> from startup_stm32f40_41xxx.o(.text) referenced from startup_stm32f40_41xxx.o(RESET)
 <LI><a href="#[92]">DMA1_Stream7_IRQHandler</a> from startup_stm32f40_41xxx.o(.text) referenced from startup_stm32f40_41xxx.o(RESET)
 <LI><a href="#[9b]">DMA2_Stream0_IRQHandler</a> from startup_stm32f40_41xxx.o(.text) referenced from startup_stm32f40_41xxx.o(RESET)
 <LI><a href="#[9c]">DMA2_Stream1_IRQHandler</a> from stm32f4xx_it.o(i.DMA2_Stream1_IRQHandler) referenced from startup_stm32f40_41xxx.o(RESET)
 <LI><a href="#[9d]">DMA2_Stream2_IRQHandler</a> from startup_stm32f40_41xxx.o(.text) referenced from startup_stm32f40_41xxx.o(RESET)
 <LI><a href="#[9e]">DMA2_Stream3_IRQHandler</a> from stm32f4xx_it.o(i.DMA2_Stream3_IRQHandler) referenced from startup_stm32f40_41xxx.o(RESET)
 <LI><a href="#[9f]">DMA2_Stream4_IRQHandler</a> from startup_stm32f40_41xxx.o(.text) referenced from startup_stm32f40_41xxx.o(RESET)
 <LI><a href="#[a7]">DMA2_Stream5_IRQHandler</a> from startup_stm32f40_41xxx.o(.text) referenced from startup_stm32f40_41xxx.o(RESET)
 <LI><a href="#[a8]">DMA2_Stream6_IRQHandler</a> from startup_stm32f40_41xxx.o(.text) referenced from startup_stm32f40_41xxx.o(RESET)
 <LI><a href="#[a9]">DMA2_Stream7_IRQHandler</a> from startup_stm32f40_41xxx.o(.text) referenced from startup_stm32f40_41xxx.o(RESET)
 <LI><a href="#[60]">DebugMon_Handler</a> from stm32f4xx_it.o(i.DebugMon_Handler) referenced from startup_stm32f40_41xxx.o(RESET)
 <LI><a href="#[a0]">ETH_IRQHandler</a> from startup_stm32f40_41xxx.o(.text) referenced from startup_stm32f40_41xxx.o(RESET)
 <LI><a href="#[a1]">ETH_WKUP_IRQHandler</a> from startup_stm32f40_41xxx.o(.text) referenced from startup_stm32f40_41xxx.o(RESET)
 <LI><a href="#[69]">EXTI0_IRQHandler</a> from startup_stm32f40_41xxx.o(.text) referenced from startup_stm32f40_41xxx.o(RESET)
 <LI><a href="#[8b]">EXTI15_10_IRQHandler</a> from stm32f4xx_it.o(i.EXTI15_10_IRQHandler) referenced from startup_stm32f40_41xxx.o(RESET)
 <LI><a href="#[6a]">EXTI1_IRQHandler</a> from startup_stm32f40_41xxx.o(.text) referenced from startup_stm32f40_41xxx.o(RESET)
 <LI><a href="#[6b]">EXTI2_IRQHandler</a> from stm32f4xx_it.o(i.EXTI2_IRQHandler) referenced from startup_stm32f40_41xxx.o(RESET)
 <LI><a href="#[6c]">EXTI3_IRQHandler</a> from startup_stm32f40_41xxx.o(.text) referenced from startup_stm32f40_41xxx.o(RESET)
 <LI><a href="#[6d]">EXTI4_IRQHandler</a> from startup_stm32f40_41xxx.o(.text) referenced from startup_stm32f40_41xxx.o(RESET)
 <LI><a href="#[7a]">EXTI9_5_IRQHandler</a> from startup_stm32f40_41xxx.o(.text) referenced from startup_stm32f40_41xxx.o(RESET)
 <LI><a href="#[67]">FLASH_IRQHandler</a> from startup_stm32f40_41xxx.o(.text) referenced from startup_stm32f40_41xxx.o(RESET)
 <LI><a href="#[b4]">FPU_IRQHandler</a> from startup_stm32f40_41xxx.o(.text) referenced from startup_stm32f40_41xxx.o(RESET)
 <LI><a href="#[93]">FSMC_IRQHandler</a> from startup_stm32f40_41xxx.o(.text) referenced from startup_stm32f40_41xxx.o(RESET)
 <LI><a href="#[b3]">HASH_RNG_IRQHandler</a> from startup_stm32f40_41xxx.o(.text) referenced from startup_stm32f40_41xxx.o(RESET)
 <LI><a href="#[5b]">HardFault_Handler</a> from stm32f4xx_it.o(i.HardFault_Handler) referenced from startup_stm32f40_41xxx.o(RESET)
 <LI><a href="#[83]">I2C1_ER_IRQHandler</a> from startup_stm32f40_41xxx.o(.text) referenced from startup_stm32f40_41xxx.o(RESET)
 <LI><a href="#[82]">I2C1_EV_IRQHandler</a> from startup_stm32f40_41xxx.o(.text) referenced from startup_stm32f40_41xxx.o(RESET)
 <LI><a href="#[85]">I2C2_ER_IRQHandler</a> from startup_stm32f40_41xxx.o(.text) referenced from startup_stm32f40_41xxx.o(RESET)
 <LI><a href="#[84]">I2C2_EV_IRQHandler</a> from startup_stm32f40_41xxx.o(.text) referenced from startup_stm32f40_41xxx.o(RESET)
 <LI><a href="#[ac]">I2C3_ER_IRQHandler</a> from startup_stm32f40_41xxx.o(.text) referenced from startup_stm32f40_41xxx.o(RESET)
 <LI><a href="#[ab]">I2C3_EV_IRQHandler</a> from startup_stm32f40_41xxx.o(.text) referenced from startup_stm32f40_41xxx.o(RESET)
 <LI><a href="#[5c]">MemManage_Handler</a> from stm32f4xx_it.o(i.MemManage_Handler) referenced from startup_stm32f40_41xxx.o(RESET)
 <LI><a href="#[5a]">NMI_Handler</a> from stm32f4xx_it.o(i.NMI_Handler) referenced from startup_stm32f40_41xxx.o(RESET)
 <LI><a href="#[a6]">OTG_FS_IRQHandler</a> from stm32f4xx_it.o(i.OTG_FS_IRQHandler) referenced from startup_stm32f40_41xxx.o(RESET)
 <LI><a href="#[8d]">OTG_FS_WKUP_IRQHandler</a> from startup_stm32f40_41xxx.o(.text) referenced from startup_stm32f40_41xxx.o(RESET)
 <LI><a href="#[ae]">OTG_HS_EP1_IN_IRQHandler</a> from startup_stm32f40_41xxx.o(.text) referenced from startup_stm32f40_41xxx.o(RESET)
 <LI><a href="#[ad]">OTG_HS_EP1_OUT_IRQHandler</a> from startup_stm32f40_41xxx.o(.text) referenced from startup_stm32f40_41xxx.o(RESET)
 <LI><a href="#[b0]">OTG_HS_IRQHandler</a> from startup_stm32f40_41xxx.o(.text) referenced from startup_stm32f40_41xxx.o(RESET)
 <LI><a href="#[af]">OTG_HS_WKUP_IRQHandler</a> from startup_stm32f40_41xxx.o(.text) referenced from startup_stm32f40_41xxx.o(RESET)
 <LI><a href="#[64]">PVD_IRQHandler</a> from startup_stm32f40_41xxx.o(.text) referenced from startup_stm32f40_41xxx.o(RESET)
 <LI><a href="#[61]">PendSV_Handler</a> from stm32f4xx_it.o(i.PendSV_Handler) referenced from startup_stm32f40_41xxx.o(RESET)
 <LI><a href="#[68]">RCC_IRQHandler</a> from startup_stm32f40_41xxx.o(.text) referenced from startup_stm32f40_41xxx.o(RESET)
 <LI><a href="#[8c]">RTC_Alarm_IRQHandler</a> from startup_stm32f40_41xxx.o(.text) referenced from startup_stm32f40_41xxx.o(RESET)
 <LI><a href="#[66]">RTC_WKUP_IRQHandler</a> from startup_stm32f40_41xxx.o(.text) referenced from startup_stm32f40_41xxx.o(RESET)
 <LI><a href="#[59]">Reset_Handler</a> from startup_stm32f40_41xxx.o(.text) referenced from startup_stm32f40_41xxx.o(RESET)
 <LI><a href="#[94]">SDIO_IRQHandler</a> from stm32f4xx_it.o(i.SDIO_IRQHandler) referenced from startup_stm32f40_41xxx.o(RESET)
 <LI><a href="#[86]">SPI1_IRQHandler</a> from startup_stm32f40_41xxx.o(.text) referenced from startup_stm32f40_41xxx.o(RESET)
 <LI><a href="#[87]">SPI2_IRQHandler</a> from startup_stm32f40_41xxx.o(.text) referenced from startup_stm32f40_41xxx.o(RESET)
 <LI><a href="#[96]">SPI3_IRQHandler</a> from startup_stm32f40_41xxx.o(.text) referenced from startup_stm32f40_41xxx.o(RESET)
 <LI><a href="#[5f]">SVC_Handler</a> from stm32f4xx_it.o(i.SVC_Handler) referenced from startup_stm32f40_41xxx.o(RESET)
 <LI><a href="#[62]">SysTick_Handler</a> from stm32f4xx_it.o(i.SysTick_Handler) referenced from startup_stm32f40_41xxx.o(RESET)
 <LI><a href="#[b6]">SystemInit</a> from system_stm32f4xx.o(i.SystemInit) referenced from startup_stm32f40_41xxx.o(.text)
 <LI><a href="#[65]">TAMP_STAMP_IRQHandler</a> from startup_stm32f40_41xxx.o(.text) referenced from startup_stm32f40_41xxx.o(RESET)
 <LI><a href="#[7b]">TIM1_BRK_TIM9_IRQHandler</a> from startup_stm32f40_41xxx.o(.text) referenced from startup_stm32f40_41xxx.o(RESET)
 <LI><a href="#[7e]">TIM1_CC_IRQHandler</a> from startup_stm32f40_41xxx.o(.text) referenced from startup_stm32f40_41xxx.o(RESET)
 <LI><a href="#[7d]">TIM1_TRG_COM_TIM11_IRQHandler</a> from startup_stm32f40_41xxx.o(.text) referenced from startup_stm32f40_41xxx.o(RESET)
 <LI><a href="#[7c]">TIM1_UP_TIM10_IRQHandler</a> from startup_stm32f40_41xxx.o(.text) referenced from startup_stm32f40_41xxx.o(RESET)
 <LI><a href="#[7f]">TIM2_IRQHandler</a> from stm32f4xx_it.o(i.TIM2_IRQHandler) referenced from startup_stm32f40_41xxx.o(RESET)
 <LI><a href="#[80]">TIM3_IRQHandler</a> from stm32f4xx_it.o(i.TIM3_IRQHandler) referenced from startup_stm32f40_41xxx.o(RESET)
 <LI><a href="#[81]">TIM4_IRQHandler</a> from startup_stm32f40_41xxx.o(.text) referenced from startup_stm32f40_41xxx.o(RESET)
 <LI><a href="#[95]">TIM5_IRQHandler</a> from stm32f4xx_it.o(i.TIM5_IRQHandler) referenced from startup_stm32f40_41xxx.o(RESET)
 <LI><a href="#[99]">TIM6_DAC_IRQHandler</a> from startup_stm32f40_41xxx.o(.text) referenced from startup_stm32f40_41xxx.o(RESET)
 <LI><a href="#[9a]">TIM7_IRQHandler</a> from stm32f4xx_it.o(i.TIM7_IRQHandler) referenced from startup_stm32f40_41xxx.o(RESET)
 <LI><a href="#[8e]">TIM8_BRK_TIM12_IRQHandler</a> from startup_stm32f40_41xxx.o(.text) referenced from startup_stm32f40_41xxx.o(RESET)
 <LI><a href="#[91]">TIM8_CC_IRQHandler</a> from startup_stm32f40_41xxx.o(.text) referenced from startup_stm32f40_41xxx.o(RESET)
 <LI><a href="#[90]">TIM8_TRG_COM_TIM14_IRQHandler</a> from startup_stm32f40_41xxx.o(.text) referenced from startup_stm32f40_41xxx.o(RESET)
 <LI><a href="#[8f]">TIM8_UP_TIM13_IRQHandler</a> from startup_stm32f40_41xxx.o(.text) referenced from startup_stm32f40_41xxx.o(RESET)
 <LI><a href="#[97]">UART4_IRQHandler</a> from startup_stm32f40_41xxx.o(.text) referenced from startup_stm32f40_41xxx.o(RESET)
 <LI><a href="#[98]">UART5_IRQHandler</a> from startup_stm32f40_41xxx.o(.text) referenced from startup_stm32f40_41xxx.o(RESET)
 <LI><a href="#[88]">USART1_IRQHandler</a> from stm32f4xx_it.o(i.USART1_IRQHandler) referenced from startup_stm32f40_41xxx.o(RESET)
 <LI><a href="#[89]">USART2_IRQHandler</a> from stm32f4xx_it.o(i.USART2_IRQHandler) referenced from startup_stm32f40_41xxx.o(RESET)
 <LI><a href="#[8a]">USART3_IRQHandler</a> from stm32f4xx_it.o(i.USART3_IRQHandler) referenced from startup_stm32f40_41xxx.o(RESET)
 <LI><a href="#[aa]">USART6_IRQHandler</a> from startup_stm32f40_41xxx.o(.text) referenced from startup_stm32f40_41xxx.o(RESET)
 <LI><a href="#[51]">USBD_DataInStage</a> from usbd_core.o(i.USBD_DataInStage) referenced 2 times from usbd_core.o(.data)
 <LI><a href="#[50]">USBD_DataOutStage</a> from usbd_core.o(i.USBD_DataOutStage) referenced 2 times from usbd_core.o(.data)
 <LI><a href="#[57]">USBD_IsoINIncomplete</a> from usbd_core.o(i.USBD_IsoINIncomplete) referenced 2 times from usbd_core.o(.data)
 <LI><a href="#[58]">USBD_IsoOUTIncomplete</a> from usbd_core.o(i.USBD_IsoOUTIncomplete) referenced 2 times from usbd_core.o(.data)
 <LI><a href="#[54]">USBD_Reset</a> from usbd_core.o(i.USBD_Reset) referenced 2 times from usbd_core.o(.data)
 <LI><a href="#[56]">USBD_Resume</a> from usbd_core.o(i.USBD_Resume) referenced 2 times from usbd_core.o(.data)
 <LI><a href="#[53]">USBD_SOF</a> from usbd_core.o(i.USBD_SOF) referenced 2 times from usbd_core.o(.data)
 <LI><a href="#[52]">USBD_SetupStage</a> from usbd_core.o(i.USBD_SetupStage) referenced 2 times from usbd_core.o(.data)
 <LI><a href="#[55]">USBD_Suspend</a> from usbd_core.o(i.USBD_Suspend) referenced 2 times from usbd_core.o(.data)
 <LI><a href="#[4c]">USBH_Connected</a> from usbh_core.o(i.USBH_Connected) referenced 2 times from usbh_core.o(.data)
 <LI><a href="#[4d]">USBH_Disconnected</a> from usbh_core.o(i.USBH_Disconnected) referenced 2 times from usbh_core.o(.data)
 <LI><a href="#[4f]">USBH_PortDisabled</a> from usbh_core.o(i.USBH_PortDisabled) referenced 2 times from usbh_core.o(.data)
 <LI><a href="#[4e]">USBH_PortEnabled</a> from usbh_core.o(i.USBH_PortEnabled) referenced 2 times from usbh_core.o(.data)
 <LI><a href="#[4b]">USBH_SOF</a> from usbh_core.o(i.USBH_SOF) referenced 2 times from usbh_core.o(.data)
 <LI><a href="#[5e]">UsageFault_Handler</a> from stm32f4xx_it.o(i.UsageFault_Handler) referenced from startup_stm32f40_41xxx.o(RESET)
 <LI><a href="#[63]">WWDG_IRQHandler</a> from startup_stm32f40_41xxx.o(.text) referenced from startup_stm32f40_41xxx.o(RESET)
 <LI><a href="#[b7]">__main</a> from entry.o(.ARM.Collect$$$$00000000) referenced from startup_stm32f40_41xxx.o(.text)
 <LI><a href="#[b9]">_sputc</a> from printfa.o(i._sputc) referenced from printfa.o(i.__0sprintf)
 <LI><a href="#[b9]">_sputc</a> from printfa.o(i._sputc) referenced from printfa.o(i.__0vsprintf)
 <LI><a href="#[f5]">cmd_spiffs_format</a> from cmd_spiffs.o(i.cmd_spiffs_format) referenced from cmd_spiffs.o(cmd)
 <LI><a href="#[f4]">cmd_spiffs_ls</a> from cmd_spiffs.o(i.cmd_spiffs_ls) referenced from cmd_spiffs.o(cmd)
 <LI><a href="#[2]">core_spiflash_spiffs_erase</a> from sys_spiffs.o(i.core_spiflash_spiffs_erase) referenced 2 times from sys_spiffs.o(.data)
 <LI><a href="#[0]">core_spiflash_spiffs_read</a> from sys_spiffs.o(i.core_spiflash_spiffs_read) referenced 2 times from sys_spiffs.o(.data)
 <LI><a href="#[1]">core_spiflash_spiffs_write</a> from sys_spiffs.o(i.core_spiflash_spiffs_write) referenced 2 times from sys_spiffs.o(.data)
 <LI><a href="#[e4]">dejitter_fini</a> from dejitter.o(i.dejitter_fini) referenced from dejitter.o(.constdata)
 <LI><a href="#[e5]">dejitter_limit</a> from dejitter.o(i.dejitter_limit) referenced from dejitter.o(.constdata)
 <LI><a href="#[e3]">dejitter_read</a> from dejitter.o(i.dejitter_read) referenced from dejitter.o(.constdata)
 <LI><a href="#[ba]">dev_ts_adc_tr</a> from dev_touchscreen.o(i.dev_ts_adc_tr) referenced from dev_touchscreen.o(i.dev_ts_adc_task)
 <LI><a href="#[bb]">dev_xpt2046_task</a> from dev_xpt2046.o(i.dev_xpt2046_task) referenced from dev_xpt2046.o(i.dev_xpt2046_open)
 <LI><a href="#[bc]">dhcp_recv</a> from dhcp.o(i.dhcp_recv) referenced from dhcp.o(i.dhcp_start)
 <LI><a href="#[f0]">do_disable_irq</a> from cmd_sys.o(i.do_disable_irq) referenced from cmd_sys.o(cmd)
 <LI><a href="#[f1]">do_dump_regs</a> from cmd_sys.o(i.do_dump_regs) referenced from cmd_sys.o(cmd)
 <LI><a href="#[f3]">do_help</a> from commnad.o(i.do_help) referenced from commnad.o(cmd)
 <LI><a href="#[ef]">do_system_info</a> from cmd_sys.o(i.do_system_info) referenced from cmd_sys.o(cmd)
 <LI><a href="#[f2]">do_version</a> from commnad.o(i.do_version) referenced from commnad.o(cmd)
 <LI><a href="#[ee]">do_wtd_test</a> from cmd_sys.o(i.do_wtd_test) referenced from cmd_sys.o(cmd)
 <LI><a href="#[44]">drv_IL3820_color_fill</a> from dev_il3820.o(i.drv_IL3820_color_fill) referenced 2 times from dev_il3820.o(.data)
 <LI><a href="#[48]">drv_IL3820_display_onoff</a> from dev_il3820.o(i.drv_IL3820_display_onoff) referenced 2 times from dev_il3820.o(.data)
 <LI><a href="#[43]">drv_IL3820_drawpoint</a> from dev_il3820.o(i.drv_IL3820_drawpoint) referenced 2 times from dev_il3820.o(.data)
 <LI><a href="#[45]">drv_IL3820_fill</a> from dev_il3820.o(i.drv_IL3820_fill) referenced 2 times from dev_il3820.o(.data)
 <LI><a href="#[47]">drv_IL3820_flush</a> from dev_il3820.o(i.drv_IL3820_flush) referenced 2 times from dev_il3820.o(.data)
 <LI><a href="#[42]">drv_IL3820_init</a> from dev_il3820.o(i.drv_IL3820_init) referenced 2 times from dev_il3820.o(.data)
 <LI><a href="#[4a]">drv_IL3820_lcd_bl</a> from dev_il3820.o(i.drv_IL3820_lcd_bl) referenced 2 times from dev_il3820.o(.data)
 <LI><a href="#[46]">drv_IL3820_prepare_display</a> from dev_il3820.o(i.drv_IL3820_prepare_display) referenced 2 times from dev_il3820.o(.data)
 <LI><a href="#[49]">drv_IL3820_scan_dir</a> from dev_il3820.o(i.drv_IL3820_scan_dir) referenced 2 times from dev_il3820.o(.data)
 <LI><a href="#[5]">drv_IL91874_color_fill</a> from dev_il91874.o(i.drv_IL91874_color_fill) referenced 2 times from dev_il91874.o(.data)
 <LI><a href="#[9]">drv_IL91874_display_onoff</a> from dev_il91874.o(i.drv_IL91874_display_onoff) referenced 2 times from dev_il91874.o(.data)
 <LI><a href="#[4]">drv_IL91874_drawpoint</a> from dev_il91874.o(i.drv_IL91874_drawpoint) referenced 2 times from dev_il91874.o(.data)
 <LI><a href="#[6]">drv_IL91874_fill</a> from dev_il91874.o(i.drv_IL91874_fill) referenced 2 times from dev_il91874.o(.data)
 <LI><a href="#[8]">drv_IL91874_flush</a> from dev_il91874.o(i.drv_IL91874_flush) referenced 2 times from dev_il91874.o(.data)
 <LI><a href="#[3]">drv_IL91874_init</a> from dev_il91874.o(i.drv_IL91874_init) referenced 2 times from dev_il91874.o(.data)
 <LI><a href="#[b]">drv_IL91874_lcd_bl</a> from dev_il91874.o(i.drv_IL91874_lcd_bl) referenced 2 times from dev_il91874.o(.data)
 <LI><a href="#[7]">drv_IL91874_prepare_display</a> from dev_il91874.o(i.drv_IL91874_prepare_display) referenced 2 times from dev_il91874.o(.data)
 <LI><a href="#[a]">drv_IL91874_scan_dir</a> from dev_il91874.o(i.drv_IL91874_scan_dir) referenced 2 times from dev_il91874.o(.data)
 <LI><a href="#[e]">drv_ILI9325_color_fill</a> from dev_ili9325.o(i.drv_ILI9325_color_fill) referenced 2 times from dev_ili9325.o(.data)
 <LI><a href="#[12]">drv_ILI9325_display_onoff</a> from dev_ili9325.o(i.drv_ILI9325_display_onoff) referenced 2 times from dev_ili9325.o(.data)
 <LI><a href="#[d]">drv_ILI9325_drawpoint</a> from dev_ili9325.o(i.drv_ILI9325_drawpoint) referenced 2 times from dev_ili9325.o(.data)
 <LI><a href="#[f]">drv_ILI9325_fill</a> from dev_ili9325.o(i.drv_ILI9325_fill) referenced 2 times from dev_ili9325.o(.data)
 <LI><a href="#[11]">drv_ILI9325_flush</a> from dev_ili9325.o(i.drv_ILI9325_flush) referenced 2 times from dev_ili9325.o(.data)
 <LI><a href="#[c]">drv_ILI9325_init</a> from dev_ili9325.o(i.drv_ILI9325_init) referenced 2 times from dev_ili9325.o(.data)
 <LI><a href="#[14]">drv_ILI9325_lcd_bl</a> from dev_ili9325.o(i.drv_ILI9325_lcd_bl) referenced 2 times from dev_ili9325.o(.data)
 <LI><a href="#[10]">drv_ILI9325_prepare_display</a> from dev_ili9325.o(i.drv_ILI9325_prepare_display) referenced 2 times from dev_ili9325.o(.data)
 <LI><a href="#[13]">drv_ILI9325_scan_dir</a> from dev_ili9325.o(i.drv_ILI9325_scan_dir) referenced 2 times from dev_ili9325.o(.data)
 <LI><a href="#[20]">drv_ILI9341_8_color_fill</a> from dev_ili9341.o(i.drv_ILI9341_8_color_fill) referenced 2 times from dev_ili9341.o(.data)
 <LI><a href="#[1f]">drv_ILI9341_8_drawpoint</a> from dev_ili9341.o(i.drv_ILI9341_8_drawpoint) referenced 2 times from dev_ili9341.o(.data)
 <LI><a href="#[21]">drv_ILI9341_8_fill</a> from dev_ili9341.o(i.drv_ILI9341_8_fill) referenced 2 times from dev_ili9341.o(.data)
 <LI><a href="#[23]">drv_ILI9341_8_flush</a> from dev_ili9341.o(i.drv_ILI9341_8_flush) referenced 2 times from dev_ili9341.o(.data)
 <LI><a href="#[1e]">drv_ILI9341_8_init</a> from dev_ili9341.o(i.drv_ILI9341_8_init) referenced 2 times from dev_ili9341.o(.data)
 <LI><a href="#[22]">drv_ILI9341_8_prepare_display</a> from dev_ili9341.o(i.drv_ILI9341_8_prepare_display) referenced 2 times from dev_ili9341.o(.data)
 <LI><a href="#[24]">drv_ILI9341_8_scan_dir</a> from dev_ili9341.o(i.drv_ILI9341_8_scan_dir) referenced 2 times from dev_ili9341.o(.data)
 <LI><a href="#[17]">drv_ILI9341_color_fill</a> from dev_ili9341.o(i.drv_ILI9341_color_fill) referenced 2 times from dev_ili9341.o(.data)
 <LI><a href="#[1b]">drv_ILI9341_display_onoff</a> from dev_ili9341.o(i.drv_ILI9341_display_onoff) referenced 4 times from dev_ili9341.o(.data)
 <LI><a href="#[16]">drv_ILI9341_drawpoint</a> from dev_ili9341.o(i.drv_ILI9341_drawpoint) referenced 2 times from dev_ili9341.o(.data)
 <LI><a href="#[18]">drv_ILI9341_fill</a> from dev_ili9341.o(i.drv_ILI9341_fill) referenced 2 times from dev_ili9341.o(.data)
 <LI><a href="#[1a]">drv_ILI9341_flush</a> from dev_ili9341.o(i.drv_ILI9341_flush) referenced 2 times from dev_ili9341.o(.data)
 <LI><a href="#[15]">drv_ILI9341_init</a> from dev_ili9341.o(i.drv_ILI9341_init) referenced 2 times from dev_ili9341.o(.data)
 <LI><a href="#[1d]">drv_ILI9341_lcd_bl</a> from dev_ili9341.o(i.drv_ILI9341_lcd_bl) referenced 4 times from dev_ili9341.o(.data)
 <LI><a href="#[19]">drv_ILI9341_prepare_display</a> from dev_ili9341.o(i.drv_ILI9341_prepare_display) referenced 2 times from dev_ili9341.o(.data)
 <LI><a href="#[1c]">drv_ILI9341_scan_dir</a> from dev_ili9341.o(i.drv_ILI9341_scan_dir) referenced 2 times from dev_ili9341.o(.data)
 <LI><a href="#[39]">drv_ST7565_color_fill</a> from dev_str7565.o(i.drv_ST7565_color_fill) referenced 4 times from dev_str7565.o(.data)
 <LI><a href="#[3d]">drv_ST7565_display_onoff</a> from dev_str7565.o(i.drv_ST7565_display_onoff) referenced 2 times from dev_str7565.o(.data)
 <LI><a href="#[38]">drv_ST7565_drawpoint</a> from dev_str7565.o(i.drv_ST7565_drawpoint) referenced 4 times from dev_str7565.o(.data)
 <LI><a href="#[3a]">drv_ST7565_fill</a> from dev_str7565.o(i.drv_ST7565_fill) referenced 4 times from dev_str7565.o(.data)
 <LI><a href="#[3c]">drv_ST7565_flush</a> from dev_str7565.o(i.drv_ST7565_flush) referenced 4 times from dev_str7565.o(.data)
 <LI><a href="#[37]">drv_ST7565_init</a> from dev_str7565.o(i.drv_ST7565_init) referenced 2 times from dev_str7565.o(.data)
 <LI><a href="#[3f]">drv_ST7565_lcd_bl</a> from dev_str7565.o(i.drv_ST7565_lcd_bl) referenced 4 times from dev_str7565.o(.data)
 <LI><a href="#[3b]">drv_ST7565_prepare_display</a> from dev_str7565.o(i.drv_ST7565_prepare_display) referenced 4 times from dev_str7565.o(.data)
 <LI><a href="#[3e]">drv_ST7565_scan_dir</a> from dev_str7565.o(i.drv_ST7565_scan_dir) referenced 4 times from dev_str7565.o(.data)
 <LI><a href="#[27]">drv_ST7735R_color_fill</a> from dev_st7735r.o(i.drv_ST7735R_color_fill) referenced 2 times from dev_st7735r.o(.data)
 <LI><a href="#[2b]">drv_ST7735R_display_onoff</a> from dev_st7735r.o(i.drv_ST7735R_display_onoff) referenced 2 times from dev_st7735r.o(.data)
 <LI><a href="#[26]">drv_ST7735R_drawpoint</a> from dev_st7735r.o(i.drv_ST7735R_drawpoint) referenced 2 times from dev_st7735r.o(.data)
 <LI><a href="#[28]">drv_ST7735R_fill</a> from dev_st7735r.o(i.drv_ST7735R_fill) referenced 2 times from dev_st7735r.o(.data)
 <LI><a href="#[2a]">drv_ST7735R_flush</a> from dev_st7735r.o(i.drv_ST7735R_flush) referenced 2 times from dev_st7735r.o(.data)
 <LI><a href="#[25]">drv_ST7735R_init</a> from dev_st7735r.o(i.drv_ST7735R_init) referenced 2 times from dev_st7735r.o(.data)
 <LI><a href="#[2d]">drv_ST7735R_lcd_bl</a> from dev_st7735r.o(i.drv_ST7735R_lcd_bl) referenced 2 times from dev_st7735r.o(.data)
 <LI><a href="#[29]">drv_ST7735R_prepare_display</a> from dev_st7735r.o(i.drv_ST7735R_prepare_display) referenced 2 times from dev_st7735r.o(.data)
 <LI><a href="#[2c]">drv_ST7735R_scan_dir</a> from dev_st7735r.o(i.drv_ST7735R_scan_dir) referenced 2 times from dev_st7735r.o(.data)
 <LI><a href="#[30]">drv_ST7789_color_fill</a> from dev_st7789.o(i.drv_ST7789_color_fill) referenced 2 times from dev_st7789.o(.data)
 <LI><a href="#[34]">drv_ST7789_display_onoff</a> from dev_st7789.o(i.drv_ST7789_display_onoff) referenced 2 times from dev_st7789.o(.data)
 <LI><a href="#[2f]">drv_ST7789_drawpoint</a> from dev_st7789.o(i.drv_ST7789_drawpoint) referenced 2 times from dev_st7789.o(.data)
 <LI><a href="#[31]">drv_ST7789_fill</a> from dev_st7789.o(i.drv_ST7789_fill) referenced 2 times from dev_st7789.o(.data)
 <LI><a href="#[33]">drv_ST7789_flush</a> from dev_st7789.o(i.drv_ST7789_flush) referenced 2 times from dev_st7789.o(.data)
 <LI><a href="#[2e]">drv_ST7789_init</a> from dev_st7789.o(i.drv_ST7789_init) referenced 2 times from dev_st7789.o(.data)
 <LI><a href="#[36]">drv_ST7789_lcd_bl</a> from dev_st7789.o(i.drv_ST7789_lcd_bl) referenced 2 times from dev_st7789.o(.data)
 <LI><a href="#[32]">drv_ST7789_prepare_display</a> from dev_st7789.o(i.drv_ST7789_prepare_display) referenced 2 times from dev_st7789.o(.data)
 <LI><a href="#[35]">drv_ST7789_scan_dir</a> from dev_st7789.o(i.drv_ST7789_scan_dir) referenced 2 times from dev_st7789.o(.data)
 <LI><a href="#[41]">drv_ssd1615_display_onoff</a> from dev_str7565.o(i.drv_ssd1615_display_onoff) referenced 2 times from dev_str7565.o(.data)
 <LI><a href="#[40]">drv_ssd1615_init</a> from dev_str7565.o(i.drv_ssd1615_init) referenced 2 times from dev_str7565.o(.data)
 <LI><a href="#[bf]">ipfrag_free_pbuf_custom</a> from ip_frag.o(i.ipfrag_free_pbuf_custom) referenced from ip_frag.o(i.ip_frag)
 <LI><a href="#[e7]">linear_fini</a> from linear.o(i.linear_fini) referenced from linear.o(.constdata)
 <LI><a href="#[e6]">linear_read</a> from linear.o(i.linear_read) referenced from linear.o(.constdata)
 <LI><a href="#[e8]">linear_xyswap</a> from linear.o(i.linear_xyswap) referenced from linear.o(.constdata)
 <LI><a href="#[b5]">main</a> from main.o(i.main) referenced from entry9a.o(.ARM.Collect$$$$0000000B)
 <LI><a href="#[e2]">mod_dejitter_init</a> from dejitter.o(i.mod_dejitter_init) referenced from ts_config.o(.constdata)
 <LI><a href="#[e0]">mod_linear_init</a> from linear.o(i.mod_linear_init) referenced from ts_config.o(.constdata)
 <LI><a href="#[df]">mod_stm32_init</a> from stm32-raw.o(i.mod_stm32_init) referenced from ts_config.o(.constdata)
 <LI><a href="#[e1]">mod_variance_init</a> from variance.o(i.mod_variance_init) referenced from ts_config.o(.constdata)
 <LI><a href="#[c4]">prvIdleTask</a> from frtos_tasks.o(i.prvIdleTask) referenced from frtos_tasks.o(i.vTaskStartScheduler)
 <LI><a href="#[c1]">prvTaskExitError</a> from port.o(i.prvTaskExitError) referenced from port.o(i.pxPortInitialiseStack)
 <LI><a href="#[c6]">prvTimerTask</a> from frtos_timers.o(i.prvTimerTask) referenced from frtos_timers.o(i.xTimerCreateTimerTask)
 <LI><a href="#[bd]">sort_by_x</a> from testutils.o(i.sort_by_x) referenced from testutils.o(i.getxy)
 <LI><a href="#[be]">sort_by_y</a> from testutils.o(i.sort_by_y) referenced from testutils.o(i.getxy)
 <LI><a href="#[c2]">spiffs_obj_lu_find_id_and_span_v</a> from spiffs_nucleus.o(i.spiffs_obj_lu_find_id_and_span_v) referenced from spiffs_nucleus.o(i.spiffs_obj_lu_find_id_and_span)
 <LI><a href="#[c3]">spiffs_obj_lu_scan_v</a> from spiffs_nucleus.o(i.spiffs_obj_lu_scan_v) referenced from spiffs_nucleus.o(i.spiffs_obj_lu_scan)
 <LI><a href="#[b8]">spiffs_read_dir_v</a> from spiffs_hydrogen.o(i.spiffs_read_dir_v) referenced from spiffs_hydrogen.o(i.SPIFFS_readdir)
 <LI><a href="#[c0]">start_task</a> from main.o(i.start_task) referenced from main.o(i.main)
 <LI><a href="#[d6]">test_camera</a> from wujique_stm407.o(i.test_camera) referenced from wujique_stm407.o(.constdata)
 <LI><a href="#[db]">test_can_rec</a> from wujique_stm407.o(i.test_can_rec) referenced from wujique_stm407.o(.constdata)
 <LI><a href="#[dc]">test_can_snd</a> from wujique_stm407.o(i.test_can_snd) referenced from wujique_stm407.o(.constdata)
 <LI><a href="#[de]">test_esp8266</a> from wujique_stm407.o(i.test_esp8266) referenced from wujique_stm407.o(.constdata)
 <LI><a href="#[c7]">test_i2c_oled_display</a> from wujique_stm407.o(i.test_i2c_oled_display) referenced from wujique_stm407.o(.constdata)
 <LI><a href="#[d3]">test_key</a> from wujique_stm407.o(i.test_key) referenced from wujique_stm407.o(.constdata)
 <LI><a href="#[d5]">test_keypad</a> from wujique_stm407.o(i.test_keypad) referenced from wujique_stm407.o(.constdata)
 <LI><a href="#[cb]">test_lcd_font</a> from wujique_stm407.o(i.test_lcd_font) referenced from wujique_stm407.o(.constdata)
 <LI><a href="#[ca]">test_lcd_pic</a> from wujique_stm407.o(i.test_lcd_pic) referenced from wujique_stm407.o(.constdata)
 <LI><a href="#[d9]">test_rs485_rec</a> from wujique_stm407.o(i.test_rs485_rec) referenced from wujique_stm407.o(.constdata)
 <LI><a href="#[da]">test_rs485_snd</a> from wujique_stm407.o(i.test_rs485_snd) referenced from wujique_stm407.o(.constdata)
 <LI><a href="#[cc]">test_sound_buzzer</a> from wujique_stm407.o(i.test_sound_buzzer) referenced from wujique_stm407.o(.constdata)
 <LI><a href="#[cd]">test_sound_dac</a> from wujique_stm407.o(i.test_sound_dac) referenced from wujique_stm407.o(.constdata)
 <LI><a href="#[ce]">test_sound_fm</a> from wujique_stm407.o(i.test_sound_fm) referenced from wujique_stm407.o(.constdata)
 <LI><a href="#[d0]">test_sound_rec</a> from wujique_stm407.o(i.test_sound_rec) referenced from wujique_stm407.o(.constdata)
 <LI><a href="#[cf]">test_sound_wm8978</a> from wujique_stm407.o(i.test_sound_wm8978) referenced from wujique_stm407.o(.constdata)
 <LI><a href="#[c8]">test_spi_cog_display</a> from wujique_stm407.o(i.test_spi_cog_display) referenced from wujique_stm407.o(.constdata)
 <LI><a href="#[d8]">test_spiflash_board</a> from wujique_stm407.o(i.test_spiflash_board) referenced from wujique_stm407.o(.constdata)
 <LI><a href="#[d7]">test_spiflash_core</a> from wujique_stm407.o(i.test_spiflash_core) referenced from wujique_stm407.o(.constdata)
 <LI><a href="#[c9]">test_tft_display</a> from wujique_stm407.o(i.test_tft_display) referenced from wujique_stm407.o(.constdata)
 <LI><a href="#[d4]">test_touchkey</a> from wujique_stm407.o(i.test_touchkey) referenced from wujique_stm407.o(.constdata)
 <LI><a href="#[d1]">test_tp_calibrate</a> from wujique_stm407.o(i.test_tp_calibrate) referenced from wujique_stm407.o(.constdata)
 <LI><a href="#[d2]">test_tp_test</a> from wujique_stm407.o(i.test_tp_test) referenced from wujique_stm407.o(.constdata)
 <LI><a href="#[dd]">test_uart</a> from wujique_stm407.o(i.test_uart) referenced from wujique_stm407.o(.constdata)
 <LI><a href="#[ea]">ts_input_fini</a> from stm32-raw.o(i.ts_input_fini) referenced from stm32-raw.o(.constdata)
 <LI><a href="#[e9]">ts_input_read</a> from stm32-raw.o(i.ts_input_read) referenced from stm32-raw.o(.constdata)
 <LI><a href="#[ec]">variance_fini</a> from variance.o(i.variance_fini) referenced from variance.o(.constdata)
 <LI><a href="#[ed]">variance_limit</a> from variance.o(i.variance_limit) referenced from variance.o(.constdata)
 <LI><a href="#[eb]">variance_read</a> from variance.o(i.variance_read) referenced from variance.o(.constdata)
 <LI><a href="#[c5]">wujique_stm407_test</a> from wujique_stm407.o(i.wujique_stm407_test) referenced from wujique_stm407.o(i.wujique_407test_init)
</UL>
<P>
<H3>
Global Symbols
</H3>
<P><STRONG><a name="[b7]"></a>__main</STRONG> (Thumb, 0 bytes, Stack size unknown bytes, entry.o(.ARM.Collect$$$$00000000))
<BR>[Address Reference Count : 1]<UL><LI> startup_stm32f40_41xxx.o(.text)
</UL>
<P><STRONG><a name="[478]"></a>_main_stk</STRONG> (Thumb, 0 bytes, Stack size unknown bytes, entry2.o(.ARM.Collect$$$$00000001))

<P><STRONG><a name="[f6]"></a>_main_scatterload</STRONG> (Thumb, 0 bytes, Stack size unknown bytes, entry5.o(.ARM.Collect$$$$00000004))
<BR><BR>[Calls]<UL><LI><a href="#[f7]">&gt;&gt;</a>&nbsp;&nbsp;&nbsp;__scatterload
</UL>

<P><STRONG><a name="[111]"></a>__main_after_scatterload</STRONG> (Thumb, 0 bytes, Stack size unknown bytes, entry5.o(.ARM.Collect$$$$00000004))
<BR><BR>[Called By]<UL><LI><a href="#[f7]">&gt;&gt;</a>&nbsp;&nbsp;&nbsp;__scatterload
</UL>

<P><STRONG><a name="[479]"></a>_main_clock</STRONG> (Thumb, 0 bytes, Stack size unknown bytes, entry7b.o(.ARM.Collect$$$$00000008))

<P><STRONG><a name="[47a]"></a>_main_cpp_init</STRONG> (Thumb, 0 bytes, Stack size unknown bytes, entry8b.o(.ARM.Collect$$$$0000000A))

<P><STRONG><a name="[47b]"></a>_main_init</STRONG> (Thumb, 0 bytes, Stack size unknown bytes, entry9a.o(.ARM.Collect$$$$0000000B))

<P><STRONG><a name="[47c]"></a>__rt_lib_shutdown_fini</STRONG> (Thumb, 0 bytes, Stack size unknown bytes, entry12b.o(.ARM.Collect$$$$0000000E))

<P><STRONG><a name="[47d]"></a>__rt_final_cpp</STRONG> (Thumb, 0 bytes, Stack size unknown bytes, entry10a.o(.ARM.Collect$$$$0000000F))

<P><STRONG><a name="[47e]"></a>__rt_final_exit</STRONG> (Thumb, 0 bytes, Stack size unknown bytes, entry11a.o(.ARM.Collect$$$$00000011))

<P><STRONG><a name="[1d3]"></a>vPortSVCHandler</STRONG> (Thumb, 28 bytes, Stack size 0 bytes, port.o(.emb_text))
<BR><BR>[Called By]<UL><LI><a href="#[5f]">&gt;&gt;</a>&nbsp;&nbsp;&nbsp;SVC_Handler
</UL>

<P><STRONG><a name="[470]"></a>__asm___6_port_c_39a90d8d__prvStartFirstTask</STRONG> (Thumb, 36 bytes, Stack size 0 bytes, port.o(.emb_text))
<BR><BR>[Called By]<UL><LI><a href="#[46b]">&gt;&gt;</a>&nbsp;&nbsp;&nbsp;xPortStartScheduler
</UL>

<P><STRONG><a name="[46f]"></a>__asm___6_port_c_39a90d8d__prvEnableVFP</STRONG> (Thumb, 16 bytes, Stack size 0 bytes, port.o(.emb_text))
<BR><BR>[Called By]<UL><LI><a href="#[46b]">&gt;&gt;</a>&nbsp;&nbsp;&nbsp;xPortStartScheduler
</UL>

<P><STRONG><a name="[f8]"></a>xPortPendSVHandler</STRONG> (Thumb, 88 bytes, Stack size 0 bytes, port.o(.emb_text))
<BR><BR>[Calls]<UL><LI><a href="#[f9]">&gt;&gt;</a>&nbsp;&nbsp;&nbsp;vTaskSwitchContext
</UL>
<BR>[Called By]<UL><LI><a href="#[61]">&gt;&gt;</a>&nbsp;&nbsp;&nbsp;PendSV_Handler
</UL>

<P><STRONG><a name="[467]"></a>vPortGetIPSR</STRONG> (Thumb, 6 bytes, Stack size 0 bytes, port.o(.emb_text))
<BR><BR>[Called By]<UL><LI><a href="#[466]">&gt;&gt;</a>&nbsp;&nbsp;&nbsp;vPortValidateInterruptPriority
</UL>

<P><STRONG><a name="[59]"></a>Reset_Handler</STRONG> (Thumb, 8 bytes, Stack size 0 bytes, startup_stm32f40_41xxx.o(.text))
<BR>[Address Reference Count : 1]<UL><LI> startup_stm32f40_41xxx.o(RESET)
</UL>
<P><STRONG><a name="[78]"></a>CAN1_RX1_IRQHandler</STRONG> (Thumb, 0 bytes, Stack size 0 bytes, startup_stm32f40_41xxx.o(.text))
<BR><BR>[Calls]<UL><LI><a href="#[78]">&gt;&gt;</a>&nbsp;&nbsp;&nbsp;CAN1_RX1_IRQHandler
</UL>
<BR>[Called By]<UL><LI><a href="#[78]">&gt;&gt;</a>&nbsp;&nbsp;&nbsp;CAN1_RX1_IRQHandler
</UL>
<BR>[Address Reference Count : 1]<UL><LI> startup_stm32f40_41xxx.o(RESET)
</UL>
<P><STRONG><a name="[79]"></a>CAN1_SCE_IRQHandler</STRONG> (Thumb, 0 bytes, Stack size 0 bytes, startup_stm32f40_41xxx.o(.text))
<BR>[Address Reference Count : 1]<UL><LI> startup_stm32f40_41xxx.o(RESET)
</UL>
<P><STRONG><a name="[76]"></a>CAN1_TX_IRQHandler</STRONG> (Thumb, 0 bytes, Stack size 0 bytes, startup_stm32f40_41xxx.o(.text))
<BR>[Address Reference Count : 1]<UL><LI> startup_stm32f40_41xxx.o(RESET)
</UL>
<P><STRONG><a name="[a3]"></a>CAN2_RX0_IRQHandler</STRONG> (Thumb, 0 bytes, Stack size 0 bytes, startup_stm32f40_41xxx.o(.text))
<BR>[Address Reference Count : 1]<UL><LI> startup_stm32f40_41xxx.o(RESET)
</UL>
<P><STRONG><a name="[a4]"></a>CAN2_RX1_IRQHandler</STRONG> (Thumb, 0 bytes, Stack size 0 bytes, startup_stm32f40_41xxx.o(.text))
<BR>[Address Reference Count : 1]<UL><LI> startup_stm32f40_41xxx.o(RESET)
</UL>
<P><STRONG><a name="[a5]"></a>CAN2_SCE_IRQHandler</STRONG> (Thumb, 0 bytes, Stack size 0 bytes, startup_stm32f40_41xxx.o(.text))
<BR>[Address Reference Count : 1]<UL><LI> startup_stm32f40_41xxx.o(RESET)
</UL>
<P><STRONG><a name="[a2]"></a>CAN2_TX_IRQHandler</STRONG> (Thumb, 0 bytes, Stack size 0 bytes, startup_stm32f40_41xxx.o(.text))
<BR>[Address Reference Count : 1]<UL><LI> startup_stm32f40_41xxx.o(RESET)
</UL>
<P><STRONG><a name="[b2]"></a>CRYP_IRQHandler</STRONG> (Thumb, 0 bytes, Stack size 0 bytes, startup_stm32f40_41xxx.o(.text))
<BR>[Address Reference Count : 1]<UL><LI> startup_stm32f40_41xxx.o(RESET)
</UL>
<P><STRONG><a name="[6e]"></a>DMA1_Stream0_IRQHandler</STRONG> (Thumb, 0 bytes, Stack size 0 bytes, startup_stm32f40_41xxx.o(.text))
<BR>[Address Reference Count : 1]<UL><LI> startup_stm32f40_41xxx.o(RESET)
</UL>
<P><STRONG><a name="[6f]"></a>DMA1_Stream1_IRQHandler</STRONG> (Thumb, 0 bytes, Stack size 0 bytes, startup_stm32f40_41xxx.o(.text))
<BR>[Address Reference Count : 1]<UL><LI> startup_stm32f40_41xxx.o(RESET)
</UL>
<P><STRONG><a name="[70]"></a>DMA1_Stream2_IRQHandler</STRONG> (Thumb, 0 bytes, Stack size 0 bytes, startup_stm32f40_41xxx.o(.text))
<BR>[Address Reference Count : 1]<UL><LI> startup_stm32f40_41xxx.o(RESET)
</UL>
<P><STRONG><a name="[73]"></a>DMA1_Stream5_IRQHandler</STRONG> (Thumb, 0 bytes, Stack size 0 bytes, startup_stm32f40_41xxx.o(.text))
<BR>[Address Reference Count : 1]<UL><LI> startup_stm32f40_41xxx.o(RESET)
</UL>
<P><STRONG><a name="[74]"></a>DMA1_Stream6_IRQHandler</STRONG> (Thumb, 0 bytes, Stack size 0 bytes, startup_stm32f40_41xxx.o(.text))
<BR>[Address Reference Count : 1]<UL><LI> startup_stm32f40_41xxx.o(RESET)
</UL>
<P><STRONG><a name="[92]"></a>DMA1_Stream7_IRQHandler</STRONG> (Thumb, 0 bytes, Stack size 0 bytes, startup_stm32f40_41xxx.o(.text))
<BR>[Address Reference Count : 1]<UL><LI> startup_stm32f40_41xxx.o(RESET)
</UL>
<P><STRONG><a name="[9b]"></a>DMA2_Stream0_IRQHandler</STRONG> (Thumb, 0 bytes, Stack size 0 bytes, startup_stm32f40_41xxx.o(.text))
<BR>[Address Reference Count : 1]<UL><LI> startup_stm32f40_41xxx.o(RESET)
</UL>
<P><STRONG><a name="[9d]"></a>DMA2_Stream2_IRQHandler</STRONG> (Thumb, 0 bytes, Stack size 0 bytes, startup_stm32f40_41xxx.o(.text))
<BR>[Address Reference Count : 1]<UL><LI> startup_stm32f40_41xxx.o(RESET)
</UL>
<P><STRONG><a name="[9f]"></a>DMA2_Stream4_IRQHandler</STRONG> (Thumb, 0 bytes, Stack size 0 bytes, startup_stm32f40_41xxx.o(.text))
<BR>[Address Reference Count : 1]<UL><LI> startup_stm32f40_41xxx.o(RESET)
</UL>
<P><STRONG><a name="[a7]"></a>DMA2_Stream5_IRQHandler</STRONG> (Thumb, 0 bytes, Stack size 0 bytes, startup_stm32f40_41xxx.o(.text))
<BR>[Address Reference Count : 1]<UL><LI> startup_stm32f40_41xxx.o(RESET)
</UL>
<P><STRONG><a name="[a8]"></a>DMA2_Stream6_IRQHandler</STRONG> (Thumb, 0 bytes, Stack size 0 bytes, startup_stm32f40_41xxx.o(.text))
<BR>[Address Reference Count : 1]<UL><LI> startup_stm32f40_41xxx.o(RESET)
</UL>
<P><STRONG><a name="[a9]"></a>DMA2_Stream7_IRQHandler</STRONG> (Thumb, 0 bytes, Stack size 0 bytes, startup_stm32f40_41xxx.o(.text))
<BR>[Address Reference Count : 1]<UL><LI> startup_stm32f40_41xxx.o(RESET)
</UL>
<P><STRONG><a name="[a0]"></a>ETH_IRQHandler</STRONG> (Thumb, 0 bytes, Stack size 0 bytes, startup_stm32f40_41xxx.o(.text))
<BR>[Address Reference Count : 1]<UL><LI> startup_stm32f40_41xxx.o(RESET)
</UL>
<P><STRONG><a name="[a1]"></a>ETH_WKUP_IRQHandler</STRONG> (Thumb, 0 bytes, Stack size 0 bytes, startup_stm32f40_41xxx.o(.text))
<BR>[Address Reference Count : 1]<UL><LI> startup_stm32f40_41xxx.o(RESET)
</UL>
<P><STRONG><a name="[69]"></a>EXTI0_IRQHandler</STRONG> (Thumb, 0 bytes, Stack size 0 bytes, startup_stm32f40_41xxx.o(.text))
<BR>[Address Reference Count : 1]<UL><LI> startup_stm32f40_41xxx.o(RESET)
</UL>
<P><STRONG><a name="[6a]"></a>EXTI1_IRQHandler</STRONG> (Thumb, 0 bytes, Stack size 0 bytes, startup_stm32f40_41xxx.o(.text))
<BR>[Address Reference Count : 1]<UL><LI> startup_stm32f40_41xxx.o(RESET)
</UL>
<P><STRONG><a name="[6c]"></a>EXTI3_IRQHandler</STRONG> (Thumb, 0 bytes, Stack size 0 bytes, startup_stm32f40_41xxx.o(.text))
<BR>[Address Reference Count : 1]<UL><LI> startup_stm32f40_41xxx.o(RESET)
</UL>
<P><STRONG><a name="[6d]"></a>EXTI4_IRQHandler</STRONG> (Thumb, 0 bytes, Stack size 0 bytes, startup_stm32f40_41xxx.o(.text))
<BR>[Address Reference Count : 1]<UL><LI> startup_stm32f40_41xxx.o(RESET)
</UL>
<P><STRONG><a name="[7a]"></a>EXTI9_5_IRQHandler</STRONG> (Thumb, 0 bytes, Stack size 0 bytes, startup_stm32f40_41xxx.o(.text))
<BR>[Address Reference Count : 1]<UL><LI> startup_stm32f40_41xxx.o(RESET)
</UL>
<P><STRONG><a name="[67]"></a>FLASH_IRQHandler</STRONG> (Thumb, 0 bytes, Stack size 0 bytes, startup_stm32f40_41xxx.o(.text))
<BR>[Address Reference Count : 1]<UL><LI> startup_stm32f40_41xxx.o(RESET)
</UL>
<P><STRONG><a name="[b4]"></a>FPU_IRQHandler</STRONG> (Thumb, 0 bytes, Stack size 0 bytes, startup_stm32f40_41xxx.o(.text))
<BR>[Address Reference Count : 1]<UL><LI> startup_stm32f40_41xxx.o(RESET)
</UL>
<P><STRONG><a name="[93]"></a>FSMC_IRQHandler</STRONG> (Thumb, 0 bytes, Stack size 0 bytes, startup_stm32f40_41xxx.o(.text))
<BR>[Address Reference Count : 1]<UL><LI> startup_stm32f40_41xxx.o(RESET)
</UL>
<P><STRONG><a name="[b3]"></a>HASH_RNG_IRQHandler</STRONG> (Thumb, 0 bytes, Stack size 0 bytes, startup_stm32f40_41xxx.o(.text))
<BR>[Address Reference Count : 1]<UL><LI> startup_stm32f40_41xxx.o(RESET)
</UL>
<P><STRONG><a name="[83]"></a>I2C1_ER_IRQHandler</STRONG> (Thumb, 0 bytes, Stack size 0 bytes, startup_stm32f40_41xxx.o(.text))
<BR>[Address Reference Count : 1]<UL><LI> startup_stm32f40_41xxx.o(RESET)
</UL>
<P><STRONG><a name="[82]"></a>I2C1_EV_IRQHandler</STRONG> (Thumb, 0 bytes, Stack size 0 bytes, startup_stm32f40_41xxx.o(.text))
<BR>[Address Reference Count : 1]<UL><LI> startup_stm32f40_41xxx.o(RESET)
</UL>
<P><STRONG><a name="[85]"></a>I2C2_ER_IRQHandler</STRONG> (Thumb, 0 bytes, Stack size 0 bytes, startup_stm32f40_41xxx.o(.text))
<BR>[Address Reference Count : 1]<UL><LI> startup_stm32f40_41xxx.o(RESET)
</UL>
<P><STRONG><a name="[84]"></a>I2C2_EV_IRQHandler</STRONG> (Thumb, 0 bytes, Stack size 0 bytes, startup_stm32f40_41xxx.o(.text))
<BR>[Address Reference Count : 1]<UL><LI> startup_stm32f40_41xxx.o(RESET)
</UL>
<P><STRONG><a name="[ac]"></a>I2C3_ER_IRQHandler</STRONG> (Thumb, 0 bytes, Stack size 0 bytes, startup_stm32f40_41xxx.o(.text))
<BR>[Address Reference Count : 1]<UL><LI> startup_stm32f40_41xxx.o(RESET)
</UL>
<P><STRONG><a name="[ab]"></a>I2C3_EV_IRQHandler</STRONG> (Thumb, 0 bytes, Stack size 0 bytes, startup_stm32f40_41xxx.o(.text))
<BR>[Address Reference Count : 1]<UL><LI> startup_stm32f40_41xxx.o(RESET)
</UL>
<P><STRONG><a name="[8d]"></a>OTG_FS_WKUP_IRQHandler</STRONG> (Thumb, 0 bytes, Stack size 0 bytes, startup_stm32f40_41xxx.o(.text))
<BR>[Address Reference Count : 1]<UL><LI> startup_stm32f40_41xxx.o(RESET)
</UL>
<P><STRONG><a name="[ae]"></a>OTG_HS_EP1_IN_IRQHandler</STRONG> (Thumb, 0 bytes, Stack size 0 bytes, startup_stm32f40_41xxx.o(.text))
<BR>[Address Reference Count : 1]<UL><LI> startup_stm32f40_41xxx.o(RESET)
</UL>
<P><STRONG><a name="[ad]"></a>OTG_HS_EP1_OUT_IRQHandler</STRONG> (Thumb, 0 bytes, Stack size 0 bytes, startup_stm32f40_41xxx.o(.text))
<BR>[Address Reference Count : 1]<UL><LI> startup_stm32f40_41xxx.o(RESET)
</UL>
<P><STRONG><a name="[b0]"></a>OTG_HS_IRQHandler</STRONG> (Thumb, 0 bytes, Stack size 0 bytes, startup_stm32f40_41xxx.o(.text))
<BR>[Address Reference Count : 1]<UL><LI> startup_stm32f40_41xxx.o(RESET)
</UL>
<P><STRONG><a name="[af]"></a>OTG_HS_WKUP_IRQHandler</STRONG> (Thumb, 0 bytes, Stack size 0 bytes, startup_stm32f40_41xxx.o(.text))
<BR>[Address Reference Count : 1]<UL><LI> startup_stm32f40_41xxx.o(RESET)
</UL>
<P><STRONG><a name="[64]"></a>PVD_IRQHandler</STRONG> (Thumb, 0 bytes, Stack size 0 bytes, startup_stm32f40_41xxx.o(.text))
<BR>[Address Reference Count : 1]<UL><LI> startup_stm32f40_41xxx.o(RESET)
</UL>
<P><STRONG><a name="[68]"></a>RCC_IRQHandler</STRONG> (Thumb, 0 bytes, Stack size 0 bytes, startup_stm32f40_41xxx.o(.text))
<BR>[Address Reference Count : 1]<UL><LI> startup_stm32f40_41xxx.o(RESET)
</UL>
<P><STRONG><a name="[8c]"></a>RTC_Alarm_IRQHandler</STRONG> (Thumb, 0 bytes, Stack size 0 bytes, startup_stm32f40_41xxx.o(.text))
<BR>[Address Reference Count : 1]<UL><LI> startup_stm32f40_41xxx.o(RESET)
</UL>
<P><STRONG><a name="[66]"></a>RTC_WKUP_IRQHandler</STRONG> (Thumb, 0 bytes, Stack size 0 bytes, startup_stm32f40_41xxx.o(.text))
<BR>[Address Reference Count : 1]<UL><LI> startup_stm32f40_41xxx.o(RESET)
</UL>
<P><STRONG><a name="[86]"></a>SPI1_IRQHandler</STRONG> (Thumb, 0 bytes, Stack size 0 bytes, startup_stm32f40_41xxx.o(.text))
<BR>[Address Reference Count : 1]<UL><LI> startup_stm32f40_41xxx.o(RESET)
</UL>
<P><STRONG><a name="[87]"></a>SPI2_IRQHandler</STRONG> (Thumb, 0 bytes, Stack size 0 bytes, startup_stm32f40_41xxx.o(.text))
<BR>[Address Reference Count : 1]<UL><LI> startup_stm32f40_41xxx.o(RESET)
</UL>
<P><STRONG><a name="[96]"></a>SPI3_IRQHandler</STRONG> (Thumb, 0 bytes, Stack size 0 bytes, startup_stm32f40_41xxx.o(.text))
<BR>[Address Reference Count : 1]<UL><LI> startup_stm32f40_41xxx.o(RESET)
</UL>
<P><STRONG><a name="[65]"></a>TAMP_STAMP_IRQHandler</STRONG> (Thumb, 0 bytes, Stack size 0 bytes, startup_stm32f40_41xxx.o(.text))
<BR>[Address Reference Count : 1]<UL><LI> startup_stm32f40_41xxx.o(RESET)
</UL>
<P><STRONG><a name="[7b]"></a>TIM1_BRK_TIM9_IRQHandler</STRONG> (Thumb, 0 bytes, Stack size 0 bytes, startup_stm32f40_41xxx.o(.text))
<BR>[Address Reference Count : 1]<UL><LI> startup_stm32f40_41xxx.o(RESET)
</UL>
<P><STRONG><a name="[7e]"></a>TIM1_CC_IRQHandler</STRONG> (Thumb, 0 bytes, Stack size 0 bytes, startup_stm32f40_41xxx.o(.text))
<BR>[Address Reference Count : 1]<UL><LI> startup_stm32f40_41xxx.o(RESET)
</UL>
<P><STRONG><a name="[7d]"></a>TIM1_TRG_COM_TIM11_IRQHandler</STRONG> (Thumb, 0 bytes, Stack size 0 bytes, startup_stm32f40_41xxx.o(.text))
<BR>[Address Reference Count : 1]<UL><LI> startup_stm32f40_41xxx.o(RESET)
</UL>
<P><STRONG><a name="[7c]"></a>TIM1_UP_TIM10_IRQHandler</STRONG> (Thumb, 0 bytes, Stack size 0 bytes, startup_stm32f40_41xxx.o(.text))
<BR>[Address Reference Count : 1]<UL><LI> startup_stm32f40_41xxx.o(RESET)
</UL>
<P><STRONG><a name="[81]"></a>TIM4_IRQHandler</STRONG> (Thumb, 0 bytes, Stack size 0 bytes, startup_stm32f40_41xxx.o(.text))
<BR>[Address Reference Count : 1]<UL><LI> startup_stm32f40_41xxx.o(RESET)
</UL>
<P><STRONG><a name="[99]"></a>TIM6_DAC_IRQHandler</STRONG> (Thumb, 0 bytes, Stack size 0 bytes, startup_stm32f40_41xxx.o(.text))
<BR>[Address Reference Count : 1]<UL><LI> startup_stm32f40_41xxx.o(RESET)
</UL>
<P><STRONG><a name="[8e]"></a>TIM8_BRK_TIM12_IRQHandler</STRONG> (Thumb, 0 bytes, Stack size 0 bytes, startup_stm32f40_41xxx.o(.text))
<BR>[Address Reference Count : 1]<UL><LI> startup_stm32f40_41xxx.o(RESET)
</UL>
<P><STRONG><a name="[91]"></a>TIM8_CC_IRQHandler</STRONG> (Thumb, 0 bytes, Stack size 0 bytes, startup_stm32f40_41xxx.o(.text))
<BR>[Address Reference Count : 1]<UL><LI> startup_stm32f40_41xxx.o(RESET)
</UL>
<P><STRONG><a name="[90]"></a>TIM8_TRG_COM_TIM14_IRQHandler</STRONG> (Thumb, 0 bytes, Stack size 0 bytes, startup_stm32f40_41xxx.o(.text))
<BR>[Address Reference Count : 1]<UL><LI> startup_stm32f40_41xxx.o(RESET)
</UL>
<P><STRONG><a name="[8f]"></a>TIM8_UP_TIM13_IRQHandler</STRONG> (Thumb, 0 bytes, Stack size 0 bytes, startup_stm32f40_41xxx.o(.text))
<BR>[Address Reference Count : 1]<UL><LI> startup_stm32f40_41xxx.o(RESET)
</UL>
<P><STRONG><a name="[97]"></a>UART4_IRQHandler</STRONG> (Thumb, 0 bytes, Stack size 0 bytes, startup_stm32f40_41xxx.o(.text))
<BR>[Address Reference Count : 1]<UL><LI> startup_stm32f40_41xxx.o(RESET)
</UL>
<P><STRONG><a name="[98]"></a>UART5_IRQHandler</STRONG> (Thumb, 0 bytes, Stack size 0 bytes, startup_stm32f40_41xxx.o(.text))
<BR>[Address Reference Count : 1]<UL><LI> startup_stm32f40_41xxx.o(RESET)
</UL>
<P><STRONG><a name="[aa]"></a>USART6_IRQHandler</STRONG> (Thumb, 0 bytes, Stack size 0 bytes, startup_stm32f40_41xxx.o(.text))
<BR>[Address Reference Count : 1]<UL><LI> startup_stm32f40_41xxx.o(RESET)
</UL>
<P><STRONG><a name="[63]"></a>WWDG_IRQHandler</STRONG> (Thumb, 0 bytes, Stack size 0 bytes, startup_stm32f40_41xxx.o(.text))
<BR>[Address Reference Count : 1]<UL><LI> startup_stm32f40_41xxx.o(RESET)
</UL>
<P><STRONG><a name="[fa]"></a>__aeabi_uldivmod</STRONG> (Thumb, 98 bytes, Stack size 40 bytes, uldiv.o(.text), UNUSED)
<BR><BR>[Calls]<UL><LI><a href="#[fb]">&gt;&gt;</a>&nbsp;&nbsp;&nbsp;__aeabi_llsr
<LI><a href="#[fc]">&gt;&gt;</a>&nbsp;&nbsp;&nbsp;__aeabi_llsl
</UL>
<BR>[Called By]<UL><LI><a href="#[229]">&gt;&gt;</a>&nbsp;&nbsp;&nbsp;_printf_core
<LI><a href="#[235]">&gt;&gt;</a>&nbsp;&nbsp;&nbsp;_fp_digits
</UL>

<P><STRONG><a name="[fd]"></a>qsort</STRONG> (Thumb, 156 bytes, Stack size 40 bytes, qsort.o(.text))
<BR><BR>[Stack]<UL><LI>Max Depth = 40 + In Cycle
<LI>Call Chain = qsort &rArr;  qsort (Cycle)
</UL>
<BR>[Calls]<UL><LI><a href="#[fd]">&gt;&gt;</a>&nbsp;&nbsp;&nbsp;qsort
</UL>
<BR>[Called By]<UL><LI><a href="#[368]">&gt;&gt;</a>&nbsp;&nbsp;&nbsp;getxy
<LI><a href="#[fd]">&gt;&gt;</a>&nbsp;&nbsp;&nbsp;qsort
</UL>

<P><STRONG><a name="[47f]"></a>___aeabi_memcpy8$move</STRONG> (Thumb, 0 bytes, Stack size 8 bytes, memmovea.o(.text), UNUSED)

<P><STRONG><a name="[24b]"></a>__aeabi_memcpy</STRONG> (Thumb, 64 bytes, Stack size 8 bytes, memmovea.o(.text))
<BR><BR>[Stack]<UL><LI>Max Depth = 8<LI>Call Chain = __aeabi_memcpy
</UL>
<BR>[Called By]<UL><LI><a href="#[3c0]">&gt;&gt;</a>&nbsp;&nbsp;&nbsp;mcu_spich_register
<LI><a href="#[3bd]">&gt;&gt;</a>&nbsp;&nbsp;&nbsp;mcu_spi_register
<LI><a href="#[3a6]">&gt;&gt;</a>&nbsp;&nbsp;&nbsp;mcu_i2c_register
<LI><a href="#[29e]">&gt;&gt;</a>&nbsp;&nbsp;&nbsp;dev_lcdbus_register
<LI><a href="#[298]">&gt;&gt;</a>&nbsp;&nbsp;&nbsp;dev_lcd_register
<LI><a href="#[292]">&gt;&gt;</a>&nbsp;&nbsp;&nbsp;dev_lcd_put_string
<LI><a href="#[294]">&gt;&gt;</a>&nbsp;&nbsp;&nbsp;font_get_asc
<LI><a href="#[24a]">&gt;&gt;</a>&nbsp;&nbsp;&nbsp;bus_lcd_write_data
<LI><a href="#[45f]">&gt;&gt;</a>&nbsp;&nbsp;&nbsp;ts_config
<LI><a href="#[341]">&gt;&gt;</a>&nbsp;&nbsp;&nbsp;pbuf_copy
<LI><a href="#[2f7]">&gt;&gt;</a>&nbsp;&nbsp;&nbsp;pbuf_copy_partial
<LI><a href="#[345]">&gt;&gt;</a>&nbsp;&nbsp;&nbsp;low_level_input
<LI><a href="#[36d]">&gt;&gt;</a>&nbsp;&nbsp;&nbsp;ip_frag
<LI><a href="#[3ec]">&gt;&gt;</a>&nbsp;&nbsp;&nbsp;prvCopyDataToQueue
<LI><a href="#[3eb]">&gt;&gt;</a>&nbsp;&nbsp;&nbsp;prvCopyDataFromQueue
<LI><a href="#[411]">&gt;&gt;</a>&nbsp;&nbsp;&nbsp;spiffs_phys_wr
<LI><a href="#[41a]">&gt;&gt;</a>&nbsp;&nbsp;&nbsp;spiffs_phys_rd
<LI><a href="#[1cb]">&gt;&gt;</a>&nbsp;&nbsp;&nbsp;spiffs_cache_init
</UL>

<P><STRONG><a name="[1ca]"></a>__aeabi_memcpy4</STRONG> (Thumb, 0 bytes, Stack size 8 bytes, memmovea.o(.text))
<BR><BR>[Stack]<UL><LI>Max Depth = 8<LI>Call Chain = __aeabi_memcpy4
</UL>
<BR>[Called By]<UL><LI><a href="#[1c8]">&gt;&gt;</a>&nbsp;&nbsp;&nbsp;SPIFFS_mount
</UL>

<P><STRONG><a name="[480]"></a>__aeabi_memmove</STRONG> (Thumb, 0 bytes, Stack size 8 bytes, memmovea.o(.text), UNUSED)

<P><STRONG><a name="[481]"></a>__aeabi_memmove4</STRONG> (Thumb, 0 bytes, Stack size 8 bytes, memmovea.o(.text), UNUSED)

<P><STRONG><a name="[482]"></a>__aeabi_memmove8</STRONG> (Thumb, 0 bytes, Stack size 8 bytes, memmovea.o(.text), UNUSED)

<P><STRONG><a name="[ff]"></a>__aeabi_memset</STRONG> (Thumb, 14 bytes, Stack size 0 bytes, memseta.o(.text))
<BR><BR>[Called By]<UL><LI><a href="#[3f0]">&gt;&gt;</a>&nbsp;&nbsp;&nbsp;prvInitialiseNewTask
<LI><a href="#[416]">&gt;&gt;</a>&nbsp;&nbsp;&nbsp;spiffs_gc_find_candidate
<LI><a href="#[100]">&gt;&gt;</a>&nbsp;&nbsp;&nbsp;memset
<LI><a href="#[fe]">&gt;&gt;</a>&nbsp;&nbsp;&nbsp;__aeabi_memclr
<LI><a href="#[421]">&gt;&gt;</a>&nbsp;&nbsp;&nbsp;spiffs_object_append
</UL>

<P><STRONG><a name="[483]"></a>__aeabi_memset4</STRONG> (Thumb, 0 bytes, Stack size 0 bytes, memseta.o(.text), UNUSED)

<P><STRONG><a name="[484]"></a>__aeabi_memset8</STRONG> (Thumb, 0 bytes, Stack size 0 bytes, memseta.o(.text), UNUSED)

<P><STRONG><a name="[fe]"></a>__aeabi_memclr</STRONG> (Thumb, 4 bytes, Stack size 0 bytes, memseta.o(.text))
<BR><BR>[Calls]<UL><LI><a href="#[ff]">&gt;&gt;</a>&nbsp;&nbsp;&nbsp;__aeabi_memset
</UL>
<BR>[Called By]<UL><LI><a href="#[1c8]">&gt;&gt;</a>&nbsp;&nbsp;&nbsp;SPIFFS_mount
<LI><a href="#[3]">&gt;&gt;</a>&nbsp;&nbsp;&nbsp;drv_IL91874_init
<LI><a href="#[3d6]">&gt;&gt;</a>&nbsp;&nbsp;&nbsp;tslib_parse_vars
<LI><a href="#[42]">&gt;&gt;</a>&nbsp;&nbsp;&nbsp;drv_IL3820_init
<LI><a href="#[40]">&gt;&gt;</a>&nbsp;&nbsp;&nbsp;drv_ssd1615_init
<LI><a href="#[37]">&gt;&gt;</a>&nbsp;&nbsp;&nbsp;drv_ST7565_init
<LI><a href="#[1cb]">&gt;&gt;</a>&nbsp;&nbsp;&nbsp;spiffs_cache_init
</UL>

<P><STRONG><a name="[1c9]"></a>__aeabi_memclr4</STRONG> (Thumb, 0 bytes, Stack size 0 bytes, memseta.o(.text))
<BR><BR>[Called By]<UL><LI><a href="#[1c8]">&gt;&gt;</a>&nbsp;&nbsp;&nbsp;SPIFFS_mount
<LI><a href="#[d9]">&gt;&gt;</a>&nbsp;&nbsp;&nbsp;test_rs485_rec
<LI><a href="#[de]">&gt;&gt;</a>&nbsp;&nbsp;&nbsp;test_esp8266
<LI><a href="#[e2]">&gt;&gt;</a>&nbsp;&nbsp;&nbsp;mod_dejitter_init
<LI><a href="#[174]">&gt;&gt;</a>&nbsp;&nbsp;&nbsp;dhcp_start
<LI><a href="#[2fe]">&gt;&gt;</a>&nbsp;&nbsp;&nbsp;udp_new
<LI><a href="#[2f6]">&gt;&gt;</a>&nbsp;&nbsp;&nbsp;dhcp_parse_reply
<LI><a href="#[332]">&gt;&gt;</a>&nbsp;&nbsp;&nbsp;emenu_display
<LI><a href="#[417]">&gt;&gt;</a>&nbsp;&nbsp;&nbsp;spiffs_gc_clean
<LI><a href="#[1cb]">&gt;&gt;</a>&nbsp;&nbsp;&nbsp;spiffs_cache_init
</UL>

<P><STRONG><a name="[485]"></a>__aeabi_memclr8</STRONG> (Thumb, 0 bytes, Stack size 0 bytes, memseta.o(.text), UNUSED)

<P><STRONG><a name="[100]"></a>memset</STRONG> (Thumb, 18 bytes, Stack size 8 bytes, memseta.o(.text), UNUSED)
<BR><BR>[Calls]<UL><LI><a href="#[ff]">&gt;&gt;</a>&nbsp;&nbsp;&nbsp;__aeabi_memset
</UL>

<P><STRONG><a name="[334]"></a>strcat</STRONG> (Thumb, 24 bytes, Stack size 0 bytes, strcat.o(.text))
<BR><BR>[Called By]<UL><LI><a href="#[332]">&gt;&gt;</a>&nbsp;&nbsp;&nbsp;emenu_display
</UL>

<P><STRONG><a name="[428]"></a>strncpy</STRONG> (Thumb, 24 bytes, Stack size 8 bytes, strncpy.o(.text))
<BR><BR>[Stack]<UL><LI>Max Depth = 8<LI>Call Chain = strncpy
</UL>
<BR>[Called By]<UL><LI><a href="#[3d6]">&gt;&gt;</a>&nbsp;&nbsp;&nbsp;tslib_parse_vars
<LI><a href="#[41e]">&gt;&gt;</a>&nbsp;&nbsp;&nbsp;spiffs_object_update_index_hdr
</UL>

<P><STRONG><a name="[318]"></a>strchr</STRONG> (Thumb, 20 bytes, Stack size 0 bytes, strchr.o(.text))
<BR><BR>[Called By]<UL><LI><a href="#[3d6]">&gt;&gt;</a>&nbsp;&nbsp;&nbsp;tslib_parse_vars
<LI><a href="#[45f]">&gt;&gt;</a>&nbsp;&nbsp;&nbsp;ts_config
<LI><a href="#[233]">&gt;&gt;</a>&nbsp;&nbsp;&nbsp;find_cmd_tbl
<LI><a href="#[f1]">&gt;&gt;</a>&nbsp;&nbsp;&nbsp;do_dump_regs
</UL>

<P><STRONG><a name="[293]"></a>strlen</STRONG> (Thumb, 14 bytes, Stack size 0 bytes, strlen.o(.text))
<BR><BR>[Called By]<UL><LI><a href="#[292]">&gt;&gt;</a>&nbsp;&nbsp;&nbsp;dev_lcd_put_string
<LI><a href="#[408]">&gt;&gt;</a>&nbsp;&nbsp;&nbsp;put_string_center
<LI><a href="#[3d6]">&gt;&gt;</a>&nbsp;&nbsp;&nbsp;tslib_parse_vars
<LI><a href="#[332]">&gt;&gt;</a>&nbsp;&nbsp;&nbsp;emenu_display
<LI><a href="#[233]">&gt;&gt;</a>&nbsp;&nbsp;&nbsp;find_cmd_tbl
</UL>

<P><STRONG><a name="[230]"></a>strcmp</STRONG> (Thumb, 28 bytes, Stack size 8 bytes, strcmp.o(.text))
<BR><BR>[Stack]<UL><LI>Max Depth = 8<LI>Call Chain = strcmp
</UL>
<BR>[Called By]<UL><LI><a href="#[25b]">&gt;&gt;</a>&nbsp;&nbsp;&nbsp;dev_spiflash_open
<LI><a href="#[3c0]">&gt;&gt;</a>&nbsp;&nbsp;&nbsp;mcu_spich_register
<LI><a href="#[3bd]">&gt;&gt;</a>&nbsp;&nbsp;&nbsp;mcu_spi_register
<LI><a href="#[3a6]">&gt;&gt;</a>&nbsp;&nbsp;&nbsp;mcu_i2c_register
<LI><a href="#[2ab]">&gt;&gt;</a>&nbsp;&nbsp;&nbsp;dev_spiflash_register
<LI><a href="#[29e]">&gt;&gt;</a>&nbsp;&nbsp;&nbsp;dev_lcdbus_register
<LI><a href="#[298]">&gt;&gt;</a>&nbsp;&nbsp;&nbsp;dev_lcd_register
<LI><a href="#[35b]">&gt;&gt;</a>&nbsp;&nbsp;&nbsp;fun_sound_play
<LI><a href="#[291]">&gt;&gt;</a>&nbsp;&nbsp;&nbsp;dev_lcd_open
<LI><a href="#[243]">&gt;&gt;</a>&nbsp;&nbsp;&nbsp;mcu_spi_open
<LI><a href="#[39a]">&gt;&gt;</a>&nbsp;&nbsp;&nbsp;mcu_hspi_transfer
<LI><a href="#[398]">&gt;&gt;</a>&nbsp;&nbsp;&nbsp;mcu_hspi_open
<LI><a href="#[396]">&gt;&gt;</a>&nbsp;&nbsp;&nbsp;mcu_hspi_init
<LI><a href="#[394]">&gt;&gt;</a>&nbsp;&nbsp;&nbsp;mcu_hspi_close
<LI><a href="#[244]">&gt;&gt;</a>&nbsp;&nbsp;&nbsp;mcu_i2c_open
<LI><a href="#[242]">&gt;&gt;</a>&nbsp;&nbsp;&nbsp;bus_lcd_open
<LI><a href="#[3d6]">&gt;&gt;</a>&nbsp;&nbsp;&nbsp;tslib_parse_vars
<LI><a href="#[22c]">&gt;&gt;</a>&nbsp;&nbsp;&nbsp;ts_stm32_gei_init
<LI><a href="#[45f]">&gt;&gt;</a>&nbsp;&nbsp;&nbsp;ts_config
<LI><a href="#[22f]">&gt;&gt;</a>&nbsp;&nbsp;&nbsp;_do_help
<LI><a href="#[f1]">&gt;&gt;</a>&nbsp;&nbsp;&nbsp;do_dump_regs
</UL>

<P><STRONG><a name="[42a]"></a>strcpy</STRONG> (Thumb, 18 bytes, Stack size 0 bytes, strcpy.o(.text))
<BR><BR>[Called By]<UL><LI><a href="#[b8]">&gt;&gt;</a>&nbsp;&nbsp;&nbsp;spiffs_read_dir_v
</UL>

<P><STRONG><a name="[31d]"></a>strncmp</STRONG> (Thumb, 30 bytes, Stack size 12 bytes, strncmp.o(.text))
<BR><BR>[Stack]<UL><LI>Max Depth = 12<LI>Call Chain = strncmp
</UL>
<BR>[Called By]<UL><LI><a href="#[233]">&gt;&gt;</a>&nbsp;&nbsp;&nbsp;find_cmd_tbl
<LI><a href="#[ee]">&gt;&gt;</a>&nbsp;&nbsp;&nbsp;do_wtd_test
</UL>

<P><STRONG><a name="[101]"></a>strtoul</STRONG> (Thumb, 114 bytes, Stack size 40 bytes, strtoul.o(.text))
<BR><BR>[Stack]<UL><LI>Max Depth = 80<LI>Call Chain = strtoul &rArr; _strtoul
</UL>
<BR>[Calls]<UL><LI><a href="#[104]">&gt;&gt;</a>&nbsp;&nbsp;&nbsp;_strtoul
<LI><a href="#[102]">&gt;&gt;</a>&nbsp;&nbsp;&nbsp;__aeabi_errno_addr
<LI><a href="#[103]">&gt;&gt;</a>&nbsp;&nbsp;&nbsp;__rt_ctype_table
</UL>
<BR>[Called By]<UL><LI><a href="#[ed]">&gt;&gt;</a>&nbsp;&nbsp;&nbsp;variance_limit
<LI><a href="#[e5]">&gt;&gt;</a>&nbsp;&nbsp;&nbsp;dejitter_limit
<LI><a href="#[f1]">&gt;&gt;</a>&nbsp;&nbsp;&nbsp;do_dump_regs
</UL>

<P><STRONG><a name="[105]"></a>__aeabi_dadd</STRONG> (Thumb, 322 bytes, Stack size 48 bytes, dadd.o(.text))
<BR><BR>[Stack]<UL><LI>Max Depth = 88<LI>Call Chain = __aeabi_dadd &rArr; _double_epilogue &rArr; _double_round
</UL>
<BR>[Calls]<UL><LI><a href="#[106]">&gt;&gt;</a>&nbsp;&nbsp;&nbsp;__aeabi_lasr
<LI><a href="#[fc]">&gt;&gt;</a>&nbsp;&nbsp;&nbsp;__aeabi_llsl
<LI><a href="#[108]">&gt;&gt;</a>&nbsp;&nbsp;&nbsp;_double_round
<LI><a href="#[107]">&gt;&gt;</a>&nbsp;&nbsp;&nbsp;_double_epilogue
</UL>
<BR>[Called By]<UL><LI><a href="#[3db]">&gt;&gt;</a>&nbsp;&nbsp;&nbsp;perform_calibration
<LI><a href="#[10a]">&gt;&gt;</a>&nbsp;&nbsp;&nbsp;__aeabi_drsub
<LI><a href="#[109]">&gt;&gt;</a>&nbsp;&nbsp;&nbsp;__aeabi_dsub
<LI><a href="#[235]">&gt;&gt;</a>&nbsp;&nbsp;&nbsp;_fp_digits
</UL>

<P><STRONG><a name="[109]"></a>__aeabi_dsub</STRONG> (Thumb, 6 bytes, Stack size 0 bytes, dadd.o(.text), UNUSED)
<BR><BR>[Calls]<UL><LI><a href="#[105]">&gt;&gt;</a>&nbsp;&nbsp;&nbsp;__aeabi_dadd
</UL>

<P><STRONG><a name="[10a]"></a>__aeabi_drsub</STRONG> (Thumb, 6 bytes, Stack size 0 bytes, dadd.o(.text), UNUSED)
<BR><BR>[Calls]<UL><LI><a href="#[105]">&gt;&gt;</a>&nbsp;&nbsp;&nbsp;__aeabi_dadd
</UL>

<P><STRONG><a name="[3dc]"></a>__aeabi_f2d</STRONG> (Thumb, 38 bytes, Stack size 0 bytes, f2d.o(.text))
<BR><BR>[Called By]<UL><LI><a href="#[3db]">&gt;&gt;</a>&nbsp;&nbsp;&nbsp;perform_calibration
</UL>

<P><STRONG><a name="[10b]"></a>__aeabi_d2f</STRONG> (Thumb, 56 bytes, Stack size 8 bytes, d2f.o(.text))
<BR><BR>[Stack]<UL><LI>Max Depth = 8<LI>Call Chain = __aeabi_d2f
</UL>
<BR>[Calls]<UL><LI><a href="#[10c]">&gt;&gt;</a>&nbsp;&nbsp;&nbsp;_float_round
</UL>
<BR>[Called By]<UL><LI><a href="#[3db]">&gt;&gt;</a>&nbsp;&nbsp;&nbsp;perform_calibration
</UL>

<P><STRONG><a name="[486]"></a>__aeabi_uidiv</STRONG> (Thumb, 0 bytes, Stack size 12 bytes, uidiv.o(.text), UNUSED)

<P><STRONG><a name="[239]"></a>__aeabi_uidivmod</STRONG> (Thumb, 44 bytes, Stack size 12 bytes, uidiv.o(.text), UNUSED)
<BR><BR>[Called By]<UL><LI><a href="#[229]">&gt;&gt;</a>&nbsp;&nbsp;&nbsp;_printf_core
</UL>

<P><STRONG><a name="[fc]"></a>__aeabi_llsl</STRONG> (Thumb, 30 bytes, Stack size 0 bytes, llshl.o(.text))
<BR><BR>[Called By]<UL><LI><a href="#[105]">&gt;&gt;</a>&nbsp;&nbsp;&nbsp;__aeabi_dadd
<LI><a href="#[fa]">&gt;&gt;</a>&nbsp;&nbsp;&nbsp;__aeabi_uldivmod
<LI><a href="#[107]">&gt;&gt;</a>&nbsp;&nbsp;&nbsp;_double_epilogue
<LI><a href="#[110]">&gt;&gt;</a>&nbsp;&nbsp;&nbsp;__aeabi_d2ulz
</UL>

<P><STRONG><a name="[487]"></a>_ll_shift_l</STRONG> (Thumb, 0 bytes, Stack size 0 bytes, llshl.o(.text), UNUSED)

<P><STRONG><a name="[fb]"></a>__aeabi_llsr</STRONG> (Thumb, 32 bytes, Stack size 0 bytes, llushr.o(.text))
<BR><BR>[Called By]<UL><LI><a href="#[fa]">&gt;&gt;</a>&nbsp;&nbsp;&nbsp;__aeabi_uldivmod
<LI><a href="#[107]">&gt;&gt;</a>&nbsp;&nbsp;&nbsp;_double_epilogue
<LI><a href="#[110]">&gt;&gt;</a>&nbsp;&nbsp;&nbsp;__aeabi_d2ulz
</UL>

<P><STRONG><a name="[488]"></a>_ll_ushift_r</STRONG> (Thumb, 0 bytes, Stack size 0 bytes, llushr.o(.text), UNUSED)

<P><STRONG><a name="[106]"></a>__aeabi_lasr</STRONG> (Thumb, 36 bytes, Stack size 0 bytes, llsshr.o(.text))
<BR><BR>[Called By]<UL><LI><a href="#[105]">&gt;&gt;</a>&nbsp;&nbsp;&nbsp;__aeabi_dadd
</UL>

<P><STRONG><a name="[489]"></a>_ll_sshift_r</STRONG> (Thumb, 0 bytes, Stack size 0 bytes, llsshr.o(.text), UNUSED)

<P><STRONG><a name="[103]"></a>__rt_ctype_table</STRONG> (Thumb, 4 bytes, Stack size 0 bytes, ctype_o.o(.text))
<BR><BR>[Called By]<UL><LI><a href="#[101]">&gt;&gt;</a>&nbsp;&nbsp;&nbsp;strtoul
</UL>

<P><STRONG><a name="[104]"></a>_strtoul</STRONG> (Thumb, 158 bytes, Stack size 40 bytes, _strtoul.o(.text))
<BR><BR>[Stack]<UL><LI>Max Depth = 40<LI>Call Chain = _strtoul
</UL>
<BR>[Calls]<UL><LI><a href="#[10d]">&gt;&gt;</a>&nbsp;&nbsp;&nbsp;_chval
<LI><a href="#[102]">&gt;&gt;</a>&nbsp;&nbsp;&nbsp;__aeabi_errno_addr
</UL>
<BR>[Called By]<UL><LI><a href="#[101]">&gt;&gt;</a>&nbsp;&nbsp;&nbsp;strtoul
</UL>

<P><STRONG><a name="[48a]"></a>__I$use$fp</STRONG> (Thumb, 0 bytes, Stack size 0 bytes, iusefp.o(.text), UNUSED)

<P><STRONG><a name="[10c]"></a>_float_round</STRONG> (Thumb, 18 bytes, Stack size 0 bytes, fepilogue.o(.text))
<BR><BR>[Called By]<UL><LI><a href="#[10b]">&gt;&gt;</a>&nbsp;&nbsp;&nbsp;__aeabi_d2f
</UL>

<P><STRONG><a name="[48b]"></a>_float_epilogue</STRONG> (Thumb, 92 bytes, Stack size 4 bytes, fepilogue.o(.text), UNUSED)

<P><STRONG><a name="[108]"></a>_double_round</STRONG> (Thumb, 30 bytes, Stack size 8 bytes, depilogue.o(.text))
<BR><BR>[Stack]<UL><LI>Max Depth = 8<LI>Call Chain = _double_round
</UL>
<BR>[Called By]<UL><LI><a href="#[105]">&gt;&gt;</a>&nbsp;&nbsp;&nbsp;__aeabi_dadd
<LI><a href="#[107]">&gt;&gt;</a>&nbsp;&nbsp;&nbsp;_double_epilogue
<LI><a href="#[10f]">&gt;&gt;</a>&nbsp;&nbsp;&nbsp;__aeabi_ddiv
</UL>

<P><STRONG><a name="[107]"></a>_double_epilogue</STRONG> (Thumb, 156 bytes, Stack size 32 bytes, depilogue.o(.text))
<BR><BR>[Stack]<UL><LI>Max Depth = 40<LI>Call Chain = _double_epilogue &rArr; _double_round
</UL>
<BR>[Calls]<UL><LI><a href="#[fb]">&gt;&gt;</a>&nbsp;&nbsp;&nbsp;__aeabi_llsr
<LI><a href="#[fc]">&gt;&gt;</a>&nbsp;&nbsp;&nbsp;__aeabi_llsl
<LI><a href="#[108]">&gt;&gt;</a>&nbsp;&nbsp;&nbsp;_double_round
</UL>
<BR>[Called By]<UL><LI><a href="#[105]">&gt;&gt;</a>&nbsp;&nbsp;&nbsp;__aeabi_dadd
<LI><a href="#[10e]">&gt;&gt;</a>&nbsp;&nbsp;&nbsp;__aeabi_dmul
</UL>

<P><STRONG><a name="[10e]"></a>__aeabi_dmul</STRONG> (Thumb, 228 bytes, Stack size 48 bytes, dmul.o(.text), UNUSED)
<BR><BR>[Calls]<UL><LI><a href="#[107]">&gt;&gt;</a>&nbsp;&nbsp;&nbsp;_double_epilogue
</UL>
<BR>[Called By]<UL><LI><a href="#[235]">&gt;&gt;</a>&nbsp;&nbsp;&nbsp;_fp_digits
</UL>

<P><STRONG><a name="[10f]"></a>__aeabi_ddiv</STRONG> (Thumb, 222 bytes, Stack size 32 bytes, ddiv.o(.text), UNUSED)
<BR><BR>[Calls]<UL><LI><a href="#[108]">&gt;&gt;</a>&nbsp;&nbsp;&nbsp;_double_round
</UL>
<BR>[Called By]<UL><LI><a href="#[235]">&gt;&gt;</a>&nbsp;&nbsp;&nbsp;_fp_digits
</UL>

<P><STRONG><a name="[110]"></a>__aeabi_d2ulz</STRONG> (Thumb, 48 bytes, Stack size 0 bytes, dfixul.o(.text), UNUSED)
<BR><BR>[Calls]<UL><LI><a href="#[fb]">&gt;&gt;</a>&nbsp;&nbsp;&nbsp;__aeabi_llsr
<LI><a href="#[fc]">&gt;&gt;</a>&nbsp;&nbsp;&nbsp;__aeabi_llsl
</UL>
<BR>[Called By]<UL><LI><a href="#[235]">&gt;&gt;</a>&nbsp;&nbsp;&nbsp;_fp_digits
</UL>

<P><STRONG><a name="[236]"></a>__aeabi_cdrcmple</STRONG> (Thumb, 48 bytes, Stack size 0 bytes, cdrcmple.o(.text), UNUSED)
<BR><BR>[Called By]<UL><LI><a href="#[235]">&gt;&gt;</a>&nbsp;&nbsp;&nbsp;_fp_digits
</UL>

<P><STRONG><a name="[f7]"></a>__scatterload</STRONG> (Thumb, 28 bytes, Stack size 0 bytes, init.o(.text))
<BR><BR>[Calls]<UL><LI><a href="#[111]">&gt;&gt;</a>&nbsp;&nbsp;&nbsp;__main_after_scatterload
</UL>
<BR>[Called By]<UL><LI><a href="#[f6]">&gt;&gt;</a>&nbsp;&nbsp;&nbsp;_main_scatterload
</UL>

<P><STRONG><a name="[48c]"></a>__scatterload_rt2</STRONG> (Thumb, 0 bytes, Stack size 0 bytes, init.o(.text), UNUSED)

<P><STRONG><a name="[10d]"></a>_chval</STRONG> (Thumb, 28 bytes, Stack size 0 bytes, _chval.o(.text))
<BR><BR>[Called By]<UL><LI><a href="#[104]">&gt;&gt;</a>&nbsp;&nbsp;&nbsp;_strtoul
</UL>

<P><STRONG><a name="[48d]"></a>__decompress</STRONG> (Thumb, 0 bytes, Stack size unknown bytes, __dczerorl2.o(.text), UNUSED)

<P><STRONG><a name="[48e]"></a>__decompress1</STRONG> (Thumb, 86 bytes, Stack size unknown bytes, __dczerorl2.o(.text), UNUSED)

<P><STRONG><a name="[384]"></a>ADC_ClearFlag</STRONG> (Thumb, 6 bytes, Stack size 0 bytes, stm32f4xx_adc.o(i.ADC_ClearFlag))
<BR><BR>[Called By]<UL><LI><a href="#[112]">&gt;&gt;</a>&nbsp;&nbsp;&nbsp;mcu_adc_IRQhandler
<LI><a href="#[3c1]">&gt;&gt;</a>&nbsp;&nbsp;&nbsp;mcu_tempreate_get_adc_value
</UL>

<P><STRONG><a name="[385]"></a>ADC_ClearITPendingBit</STRONG> (Thumb, 8 bytes, Stack size 0 bytes, stm32f4xx_adc.o(i.ADC_ClearITPendingBit))
<BR><BR>[Called By]<UL><LI><a href="#[112]">&gt;&gt;</a>&nbsp;&nbsp;&nbsp;mcu_adc_IRQhandler
</UL>

<P><STRONG><a name="[38c]"></a>ADC_Cmd</STRONG> (Thumb, 24 bytes, Stack size 0 bytes, stm32f4xx_adc.o(i.ADC_Cmd))
<BR><BR>[Called By]<UL><LI><a href="#[388]">&gt;&gt;</a>&nbsp;&nbsp;&nbsp;mcu_adc_temprate_init
</UL>

<P><STRONG><a name="[38a]"></a>ADC_CommonInit</STRONG> (Thumb, 30 bytes, Stack size 8 bytes, stm32f4xx_adc.o(i.ADC_CommonInit))
<BR><BR>[Stack]<UL><LI>Max Depth = 8<LI>Call Chain = ADC_CommonInit
</UL>
<BR>[Called By]<UL><LI><a href="#[388]">&gt;&gt;</a>&nbsp;&nbsp;&nbsp;mcu_adc_temprate_init
</UL>

<P><STRONG><a name="[383]"></a>ADC_GetConversionValue</STRONG> (Thumb, 6 bytes, Stack size 0 bytes, stm32f4xx_adc.o(i.ADC_GetConversionValue))
<BR><BR>[Called By]<UL><LI><a href="#[112]">&gt;&gt;</a>&nbsp;&nbsp;&nbsp;mcu_adc_IRQhandler
<LI><a href="#[3c1]">&gt;&gt;</a>&nbsp;&nbsp;&nbsp;mcu_tempreate_get_adc_value
</UL>

<P><STRONG><a name="[382]"></a>ADC_GetFlagStatus</STRONG> (Thumb, 14 bytes, Stack size 0 bytes, stm32f4xx_adc.o(i.ADC_GetFlagStatus))
<BR><BR>[Called By]<UL><LI><a href="#[112]">&gt;&gt;</a>&nbsp;&nbsp;&nbsp;mcu_adc_IRQhandler
<LI><a href="#[3c1]">&gt;&gt;</a>&nbsp;&nbsp;&nbsp;mcu_tempreate_get_adc_value
</UL>

<P><STRONG><a name="[381]"></a>ADC_GetITStatus</STRONG> (Thumb, 30 bytes, Stack size 12 bytes, stm32f4xx_adc.o(i.ADC_GetITStatus))
<BR><BR>[Stack]<UL><LI>Max Depth = 12<LI>Call Chain = ADC_GetITStatus
</UL>
<BR>[Called By]<UL><LI><a href="#[112]">&gt;&gt;</a>&nbsp;&nbsp;&nbsp;mcu_adc_IRQhandler
</UL>

<P><STRONG><a name="[75]"></a>ADC_IRQHandler</STRONG> (Thumb, 4 bytes, Stack size 0 bytes, stm32f4xx_it.o(i.ADC_IRQHandler))
<BR><BR>[Stack]<UL><LI>Max Depth = 92<LI>Call Chain = ADC_IRQHandler &rArr; mcu_adc_IRQhandler &rArr; dev_ts_adc_task &rArr; mcu_tim7_start &rArr; TIM_TimeBaseInit
</UL>
<BR>[Calls]<UL><LI><a href="#[112]">&gt;&gt;</a>&nbsp;&nbsp;&nbsp;mcu_adc_IRQhandler
</UL>
<BR>[Address Reference Count : 1]<UL><LI> startup_stm32f40_41xxx.o(RESET)
</UL>
<P><STRONG><a name="[38b]"></a>ADC_Init</STRONG> (Thumb, 66 bytes, Stack size 12 bytes, stm32f4xx_adc.o(i.ADC_Init))
<BR><BR>[Stack]<UL><LI>Max Depth = 12<LI>Call Chain = ADC_Init
</UL>
<BR>[Called By]<UL><LI><a href="#[388]">&gt;&gt;</a>&nbsp;&nbsp;&nbsp;mcu_adc_temprate_init
</UL>

<P><STRONG><a name="[386]"></a>ADC_RegularChannelConfig</STRONG> (Thumb, 116 bytes, Stack size 16 bytes, stm32f4xx_adc.o(i.ADC_RegularChannelConfig))
<BR><BR>[Stack]<UL><LI>Max Depth = 16<LI>Call Chain = ADC_RegularChannelConfig
</UL>
<BR>[Called By]<UL><LI><a href="#[388]">&gt;&gt;</a>&nbsp;&nbsp;&nbsp;mcu_adc_temprate_init
<LI><a href="#[3c1]">&gt;&gt;</a>&nbsp;&nbsp;&nbsp;mcu_tempreate_get_adc_value
<LI><a href="#[2c4]">&gt;&gt;</a>&nbsp;&nbsp;&nbsp;mcu_adc_start_conv
</UL>

<P><STRONG><a name="[387]"></a>ADC_SoftwareStartConv</STRONG> (Thumb, 10 bytes, Stack size 0 bytes, stm32f4xx_adc.o(i.ADC_SoftwareStartConv))
<BR><BR>[Called By]<UL><LI><a href="#[3c1]">&gt;&gt;</a>&nbsp;&nbsp;&nbsp;mcu_tempreate_get_adc_value
<LI><a href="#[2c4]">&gt;&gt;</a>&nbsp;&nbsp;&nbsp;mcu_adc_start_conv
</UL>

<P><STRONG><a name="[389]"></a>ADC_TempSensorVrefintCmd</STRONG> (Thumb, 34 bytes, Stack size 0 bytes, stm32f4xx_adc.o(i.ADC_TempSensorVrefintCmd))
<BR><BR>[Called By]<UL><LI><a href="#[388]">&gt;&gt;</a>&nbsp;&nbsp;&nbsp;mcu_adc_temprate_init
</UL>

<P><STRONG><a name="[11a]"></a>BUS_DCMI_Config</STRONG> (Thumb, 94 bytes, Stack size 40 bytes, mcu_dcmi.o(i.BUS_DCMI_Config))
<BR><BR>[Stack]<UL><LI>Max Depth = 52<LI>Call Chain = BUS_DCMI_Config &rArr; NVIC_Init
</UL>
<BR>[Calls]<UL><LI><a href="#[11e]">&gt;&gt;</a>&nbsp;&nbsp;&nbsp;NVIC_Init
<LI><a href="#[11c]">&gt;&gt;</a>&nbsp;&nbsp;&nbsp;DCMI_Init
<LI><a href="#[11d]">&gt;&gt;</a>&nbsp;&nbsp;&nbsp;DCMI_ITConfig
<LI><a href="#[11b]">&gt;&gt;</a>&nbsp;&nbsp;&nbsp;RCC_AHB2PeriphClockCmd
</UL>
<BR>[Called By]<UL><LI><a href="#[18d]">&gt;&gt;</a>&nbsp;&nbsp;&nbsp;OV9655_Init
<LI><a href="#[183]">&gt;&gt;</a>&nbsp;&nbsp;&nbsp;OV2640_Init
</UL>

<P><STRONG><a name="[11f]"></a>BUS_DCMI_DMA_Init</STRONG> (Thumb, 176 bytes, Stack size 88 bytes, mcu_dcmi.o(i.BUS_DCMI_DMA_Init))
<BR><BR>[Stack]<UL><LI>Max Depth = 116<LI>Call Chain = BUS_DCMI_DMA_Init &rArr; DMA_DeInit
</UL>
<BR>[Calls]<UL><LI><a href="#[120]">&gt;&gt;</a>&nbsp;&nbsp;&nbsp;RCC_AHB1PeriphClockCmd
<LI><a href="#[11e]">&gt;&gt;</a>&nbsp;&nbsp;&nbsp;NVIC_Init
<LI><a href="#[122]">&gt;&gt;</a>&nbsp;&nbsp;&nbsp;DMA_Init
<LI><a href="#[125]">&gt;&gt;</a>&nbsp;&nbsp;&nbsp;DMA_ITConfig
<LI><a href="#[123]">&gt;&gt;</a>&nbsp;&nbsp;&nbsp;DMA_DoubleBufferModeConfig
<LI><a href="#[124]">&gt;&gt;</a>&nbsp;&nbsp;&nbsp;DMA_DoubleBufferModeCmd
<LI><a href="#[121]">&gt;&gt;</a>&nbsp;&nbsp;&nbsp;DMA_DeInit
</UL>
<BR>[Called By]<UL><LI><a href="#[275]">&gt;&gt;</a>&nbsp;&nbsp;&nbsp;dev_camera_config
</UL>

<P><STRONG><a name="[126]"></a>BUS_DCMI_HW_Init</STRONG> (Thumb, 208 bytes, Stack size 32 bytes, mcu_dcmi.o(i.BUS_DCMI_HW_Init))
<BR><BR>[Stack]<UL><LI>Max Depth = 56<LI>Call Chain = BUS_DCMI_HW_Init &rArr; GPIO_Init
</UL>
<BR>[Calls]<UL><LI><a href="#[120]">&gt;&gt;</a>&nbsp;&nbsp;&nbsp;RCC_AHB1PeriphClockCmd
<LI><a href="#[128]">&gt;&gt;</a>&nbsp;&nbsp;&nbsp;GPIO_Init
<LI><a href="#[127]">&gt;&gt;</a>&nbsp;&nbsp;&nbsp;GPIO_PinAFConfig
</UL>
<BR>[Called By]<UL><LI><a href="#[279]">&gt;&gt;</a>&nbsp;&nbsp;&nbsp;dev_camera_init
</UL>

<P><STRONG><a name="[5d]"></a>BusFault_Handler</STRONG> (Thumb, 10 bytes, Stack size 0 bytes, stm32f4xx_it.o(i.BusFault_Handler))
<BR><BR>[Stack]<UL><LI>Max Depth = 64<LI>Call Chain = BusFault_Handler &rArr; wjq_log &rArr; mcu_uart_write
</UL>
<BR>[Calls]<UL><LI><a href="#[129]">&gt;&gt;</a>&nbsp;&nbsp;&nbsp;wjq_log
</UL>
<BR>[Address Reference Count : 1]<UL><LI> startup_stm32f40_41xxx.o(RESET)
</UL>
<P><STRONG><a name="[77]"></a>CAN1_RX0_IRQHandler</STRONG> (Thumb, 4 bytes, Stack size 0 bytes, stm32f4xx_it.o(i.CAN1_RX0_IRQHandler))
<BR><BR>[Stack]<UL><LI>Max Depth = 72<LI>Call Chain = CAN1_RX0_IRQHandler &rArr; mcu_can1_rx0_IRQ &rArr; wjq_log &rArr; mcu_uart_write
</UL>
<BR>[Calls]<UL><LI><a href="#[12a]">&gt;&gt;</a>&nbsp;&nbsp;&nbsp;mcu_can1_rx0_IRQ
</UL>
<BR>[Address Reference Count : 1]<UL><LI> startup_stm32f40_41xxx.o(RESET)
</UL>
<P><STRONG><a name="[38d]"></a>CAN_Receive</STRONG> (Thumb, 130 bytes, Stack size 8 bytes, stm32f4xx_can.o(i.CAN_Receive))
<BR><BR>[Stack]<UL><LI>Max Depth = 8<LI>Call Chain = CAN_Receive
</UL>
<BR>[Called By]<UL><LI><a href="#[12a]">&gt;&gt;</a>&nbsp;&nbsp;&nbsp;mcu_can1_rx0_IRQ
</UL>

<P><STRONG><a name="[38f]"></a>DAC_Cmd</STRONG> (Thumb, 26 bytes, Stack size 0 bytes, stm32f4xx_dac.o(i.DAC_Cmd))
<BR><BR>[Called By]<UL><LI><a href="#[283]">&gt;&gt;</a>&nbsp;&nbsp;&nbsp;mcu_dac_open
</UL>

<P><STRONG><a name="[38e]"></a>DAC_Init</STRONG> (Thumb, 36 bytes, Stack size 12 bytes, stm32f4xx_dac.o(i.DAC_Init))
<BR><BR>[Stack]<UL><LI>Max Depth = 12<LI>Call Chain = DAC_Init
</UL>
<BR>[Called By]<UL><LI><a href="#[283]">&gt;&gt;</a>&nbsp;&nbsp;&nbsp;mcu_dac_open
</UL>

<P><STRONG><a name="[390]"></a>DAC_SetChannel2Data</STRONG> (Thumb, 16 bytes, Stack size 8 bytes, stm32f4xx_dac.o(i.DAC_SetChannel2Data))
<BR><BR>[Stack]<UL><LI>Max Depth = 8<LI>Call Chain = DAC_SetChannel2Data
</UL>
<BR>[Called By]<UL><LI><a href="#[287]">&gt;&gt;</a>&nbsp;&nbsp;&nbsp;mcu_dac_output
<LI><a href="#[283]">&gt;&gt;</a>&nbsp;&nbsp;&nbsp;mcu_dac_open
</UL>

<P><STRONG><a name="[135]"></a>DCD_EP_ClrStall</STRONG> (Thumb, 56 bytes, Stack size 8 bytes, usb_dcd.o(i.DCD_EP_ClrStall))
<BR><BR>[Stack]<UL><LI>Max Depth = 20<LI>Call Chain = DCD_EP_ClrStall &rArr; USB_OTG_EPClearStall
</UL>
<BR>[Calls]<UL><LI><a href="#[136]">&gt;&gt;</a>&nbsp;&nbsp;&nbsp;USB_OTG_EPClearStall
</UL>
<BR>[Called By]<UL><LI><a href="#[203]">&gt;&gt;</a>&nbsp;&nbsp;&nbsp;USBD_StdEPReq
</UL>

<P><STRONG><a name="[137]"></a>DCD_EP_Open</STRONG> (Thumb, 60 bytes, Stack size 16 bytes, usb_dcd.o(i.DCD_EP_Open))
<BR><BR>[Stack]<UL><LI>Max Depth = 40<LI>Call Chain = DCD_EP_Open &rArr; USB_OTG_EPActivate
</UL>
<BR>[Calls]<UL><LI><a href="#[138]">&gt;&gt;</a>&nbsp;&nbsp;&nbsp;USB_OTG_EPActivate
</UL>
<BR>[Called By]<UL><LI><a href="#[54]">&gt;&gt;</a>&nbsp;&nbsp;&nbsp;USBD_Reset
</UL>

<P><STRONG><a name="[139]"></a>DCD_EP_PrepareRx</STRONG> (Thumb, 56 bytes, Stack size 8 bytes, usb_dcd.o(i.DCD_EP_PrepareRx))
<BR><BR>[Stack]<UL><LI>Max Depth = 52<LI>Call Chain = DCD_EP_PrepareRx &rArr; USB_OTG_EPStartXfer &rArr; USB_OTG_WritePacket
</UL>
<BR>[Calls]<UL><LI><a href="#[13a]">&gt;&gt;</a>&nbsp;&nbsp;&nbsp;USB_OTG_EPStartXfer
<LI><a href="#[13b]">&gt;&gt;</a>&nbsp;&nbsp;&nbsp;USB_OTG_EP0StartXfer
</UL>
<BR>[Called By]<UL><LI><a href="#[1ed]">&gt;&gt;</a>&nbsp;&nbsp;&nbsp;USBD_CtlReceiveStatus
<LI><a href="#[1eb]">&gt;&gt;</a>&nbsp;&nbsp;&nbsp;USBD_CtlContinueRx
<LI><a href="#[51]">&gt;&gt;</a>&nbsp;&nbsp;&nbsp;USBD_DataInStage
</UL>

<P><STRONG><a name="[1fb]"></a>DCD_EP_SetAddress</STRONG> (Thumb, 16 bytes, Stack size 0 bytes, usb_dcd.o(i.DCD_EP_SetAddress))
<BR><BR>[Called By]<UL><LI><a href="#[1fa]">&gt;&gt;</a>&nbsp;&nbsp;&nbsp;USBD_SetAddress
</UL>

<P><STRONG><a name="[13c]"></a>DCD_EP_Stall</STRONG> (Thumb, 56 bytes, Stack size 8 bytes, usb_dcd.o(i.DCD_EP_Stall))
<BR><BR>[Stack]<UL><LI>Max Depth = 16<LI>Call Chain = DCD_EP_Stall &rArr; USB_OTG_EPSetStall
</UL>
<BR>[Calls]<UL><LI><a href="#[13d]">&gt;&gt;</a>&nbsp;&nbsp;&nbsp;USB_OTG_EPSetStall
</UL>
<BR>[Called By]<UL><LI><a href="#[203]">&gt;&gt;</a>&nbsp;&nbsp;&nbsp;USBD_StdEPReq
<LI><a href="#[52]">&gt;&gt;</a>&nbsp;&nbsp;&nbsp;USBD_SetupStage
<LI><a href="#[1e9]">&gt;&gt;</a>&nbsp;&nbsp;&nbsp;USBD_CtlError
</UL>

<P><STRONG><a name="[13e]"></a>DCD_EP_Tx</STRONG> (Thumb, 52 bytes, Stack size 16 bytes, usb_dcd.o(i.DCD_EP_Tx))
<BR><BR>[Stack]<UL><LI>Max Depth = 60<LI>Call Chain = DCD_EP_Tx &rArr; USB_OTG_EPStartXfer &rArr; USB_OTG_WritePacket
</UL>
<BR>[Calls]<UL><LI><a href="#[13a]">&gt;&gt;</a>&nbsp;&nbsp;&nbsp;USB_OTG_EPStartXfer
<LI><a href="#[13b]">&gt;&gt;</a>&nbsp;&nbsp;&nbsp;USB_OTG_EP0StartXfer
</UL>
<BR>[Called By]<UL><LI><a href="#[1ea]">&gt;&gt;</a>&nbsp;&nbsp;&nbsp;USBD_CtlSendStatus
<LI><a href="#[1ec]">&gt;&gt;</a>&nbsp;&nbsp;&nbsp;USBD_CtlContinueSendData
<LI><a href="#[1ee]">&gt;&gt;</a>&nbsp;&nbsp;&nbsp;USBD_CtlSendData
</UL>

<P><STRONG><a name="[278]"></a>DCMI_CaptureCmd</STRONG> (Thumb, 26 bytes, Stack size 0 bytes, stm32f4xx_dcmi.o(i.DCMI_CaptureCmd))
<BR><BR>[Called By]<UL><LI><a href="#[274]">&gt;&gt;</a>&nbsp;&nbsp;&nbsp;dev_camera_stop
<LI><a href="#[276]">&gt;&gt;</a>&nbsp;&nbsp;&nbsp;dev_camera_fresh
</UL>

<P><STRONG><a name="[151]"></a>DCMI_ClearITPendingBit</STRONG> (Thumb, 6 bytes, Stack size 0 bytes, stm32f4xx_dcmi.o(i.DCMI_ClearITPendingBit))
<BR><BR>[Called By]<UL><LI><a href="#[b1]">&gt;&gt;</a>&nbsp;&nbsp;&nbsp;DCMI_IRQHandler
</UL>

<P><STRONG><a name="[277]"></a>DCMI_Cmd</STRONG> (Thumb, 26 bytes, Stack size 0 bytes, stm32f4xx_dcmi.o(i.DCMI_Cmd))
<BR><BR>[Called By]<UL><LI><a href="#[274]">&gt;&gt;</a>&nbsp;&nbsp;&nbsp;dev_camera_stop
<LI><a href="#[276]">&gt;&gt;</a>&nbsp;&nbsp;&nbsp;dev_camera_fresh
</UL>

<P><STRONG><a name="[150]"></a>DCMI_GetITStatus</STRONG> (Thumb, 18 bytes, Stack size 0 bytes, stm32f4xx_dcmi.o(i.DCMI_GetITStatus))
<BR><BR>[Called By]<UL><LI><a href="#[b1]">&gt;&gt;</a>&nbsp;&nbsp;&nbsp;DCMI_IRQHandler
</UL>

<P><STRONG><a name="[b1]"></a>DCMI_IRQHandler</STRONG> (Thumb, 26 bytes, Stack size 8 bytes, stm32f4xx_it.o(i.DCMI_IRQHandler))
<BR><BR>[Stack]<UL><LI>Max Depth = 8<LI>Call Chain = DCMI_IRQHandler
</UL>
<BR>[Calls]<UL><LI><a href="#[152]">&gt;&gt;</a>&nbsp;&nbsp;&nbsp;mcu_dcmi_frame_process
<LI><a href="#[150]">&gt;&gt;</a>&nbsp;&nbsp;&nbsp;DCMI_GetITStatus
<LI><a href="#[151]">&gt;&gt;</a>&nbsp;&nbsp;&nbsp;DCMI_ClearITPendingBit
</UL>
<BR>[Address Reference Count : 1]<UL><LI> startup_stm32f40_41xxx.o(RESET)
</UL>
<P><STRONG><a name="[11d]"></a>DCMI_ITConfig</STRONG> (Thumb, 26 bytes, Stack size 0 bytes, stm32f4xx_dcmi.o(i.DCMI_ITConfig))
<BR><BR>[Called By]<UL><LI><a href="#[11a]">&gt;&gt;</a>&nbsp;&nbsp;&nbsp;BUS_DCMI_Config
</UL>

<P><STRONG><a name="[11c]"></a>DCMI_Init</STRONG> (Thumb, 54 bytes, Stack size 12 bytes, stm32f4xx_dcmi.o(i.DCMI_Init))
<BR><BR>[Stack]<UL><LI>Max Depth = 12<LI>Call Chain = DCMI_Init
</UL>
<BR>[Called By]<UL><LI><a href="#[11a]">&gt;&gt;</a>&nbsp;&nbsp;&nbsp;BUS_DCMI_Config
</UL>

<P><STRONG><a name="[153]"></a>DCMI_PWDN_RESET_Init</STRONG> (Thumb, 84 bytes, Stack size 16 bytes, mcu_dcmi.o(i.DCMI_PWDN_RESET_Init))
<BR><BR>[Stack]<UL><LI>Max Depth = 40<LI>Call Chain = DCMI_PWDN_RESET_Init &rArr; GPIO_Init
</UL>
<BR>[Calls]<UL><LI><a href="#[120]">&gt;&gt;</a>&nbsp;&nbsp;&nbsp;RCC_AHB1PeriphClockCmd
<LI><a href="#[156]">&gt;&gt;</a>&nbsp;&nbsp;&nbsp;GPIO_SetBits
<LI><a href="#[154]">&gt;&gt;</a>&nbsp;&nbsp;&nbsp;GPIO_ResetBits
<LI><a href="#[128]">&gt;&gt;</a>&nbsp;&nbsp;&nbsp;GPIO_Init
<LI><a href="#[155]">&gt;&gt;</a>&nbsp;&nbsp;&nbsp;Delay
</UL>
<BR>[Called By]<UL><LI><a href="#[279]">&gt;&gt;</a>&nbsp;&nbsp;&nbsp;dev_camera_init
</UL>

<P><STRONG><a name="[71]"></a>DMA1_Stream3_IRQHandler</STRONG> (Thumb, 36 bytes, Stack size 16 bytes, stm32f4xx_it.o(i.DMA1_Stream3_IRQHandler))
<BR><BR>[Stack]<UL><LI>Max Depth = 28<LI>Call Chain = DMA1_Stream3_IRQHandler &rArr; DMA_GetITStatus
</UL>
[...]
<LI><a href="#[3e2]">&gt;&gt;</a>&nbsp;&nbsp;&nbsp;vPortEnterCritical
</UL>
<BR>[Called By]<UL><LI><a href="#[3fa]">&gt;&gt;</a>&nbsp;&nbsp;&nbsp;xQueueReceive
<LI><a href="#[472]">&gt;&gt;</a>&nbsp;&nbsp;&nbsp;xQueueGenericSend
<LI><a href="#[3fe]">&gt;&gt;</a>&nbsp;&nbsp;&nbsp;vQueueWaitForMessageRestricted
</UL>

<P><STRONG><a name="[3dd]"></a>prvAddCurrentTaskToDelayedList</STRONG> (Thumb, 104 bytes, Stack size 24 bytes, frtos_tasks.o(i.prvAddCurrentTaskToDelayedList))
<BR><BR>[Stack]<UL><LI>Max Depth = 36<LI>Call Chain = prvAddCurrentTaskToDelayedList &rArr; vListInsert
</UL>
<BR>[Calls]<UL><LI><a href="#[3df]">&gt;&gt;</a>&nbsp;&nbsp;&nbsp;vListInsertEnd
<LI><a href="#[3e0]">&gt;&gt;</a>&nbsp;&nbsp;&nbsp;vListInsert
<LI><a href="#[3de]">&gt;&gt;</a>&nbsp;&nbsp;&nbsp;uxListRemove
</UL>
<BR>[Called By]<UL><LI><a href="#[42e]">&gt;&gt;</a>&nbsp;&nbsp;&nbsp;vTaskDelay
<LI><a href="#[468]">&gt;&gt;</a>&nbsp;&nbsp;&nbsp;vTaskPlaceOnEventListRestricted
<LI><a href="#[469]">&gt;&gt;</a>&nbsp;&nbsp;&nbsp;vTaskPlaceOnEventList
</UL>

<P><STRONG><a name="[3e1]"></a>prvAddNewTaskToReadyList</STRONG> (Thumb, 126 bytes, Stack size 16 bytes, frtos_tasks.o(i.prvAddNewTaskToReadyList))
<BR><BR>[Stack]<UL><LI>Max Depth = 32<LI>Call Chain = prvAddNewTaskToReadyList &rArr; prvInitialiseTaskLists
</UL>
<BR>[Calls]<UL><LI><a href="#[3df]">&gt;&gt;</a>&nbsp;&nbsp;&nbsp;vListInsertEnd
<LI><a href="#[3e4]">&gt;&gt;</a>&nbsp;&nbsp;&nbsp;vPortExitCritical
<LI><a href="#[3e2]">&gt;&gt;</a>&nbsp;&nbsp;&nbsp;vPortEnterCritical
<LI><a href="#[3e3]">&gt;&gt;</a>&nbsp;&nbsp;&nbsp;prvInitialiseTaskLists
</UL>
<BR>[Called By]<UL><LI><a href="#[37f]">&gt;&gt;</a>&nbsp;&nbsp;&nbsp;xTaskCreate
</UL>

<P><STRONG><a name="[3e9]"></a>prvCheckTasksWaitingTermination</STRONG> (Thumb, 52 bytes, Stack size 16 bytes, frtos_tasks.o(i.prvCheckTasksWaitingTermination))
<BR><BR>[Stack]<UL><LI>Max Depth = 36<LI>Call Chain = prvCheckTasksWaitingTermination &rArr; prvDeleteTCB &rArr; wjq_free_m &rArr; wjq_free_t
</UL>
<BR>[Calls]<UL><LI><a href="#[3de]">&gt;&gt;</a>&nbsp;&nbsp;&nbsp;uxListRemove
<LI><a href="#[3e4]">&gt;&gt;</a>&nbsp;&nbsp;&nbsp;vPortExitCritical
<LI><a href="#[3e2]">&gt;&gt;</a>&nbsp;&nbsp;&nbsp;vPortEnterCritical
<LI><a href="#[3ea]">&gt;&gt;</a>&nbsp;&nbsp;&nbsp;prvDeleteTCB
</UL>
<BR>[Called By]<UL><LI><a href="#[c4]">&gt;&gt;</a>&nbsp;&nbsp;&nbsp;prvIdleTask
</UL>

<P><STRONG><a name="[3ea]"></a>prvDeleteTCB</STRONG> (Thumb, 20 bytes, Stack size 8 bytes, frtos_tasks.o(i.prvDeleteTCB))
<BR><BR>[Stack]<UL><LI>Max Depth = 20<LI>Call Chain = prvDeleteTCB &rArr; wjq_free_m &rArr; wjq_free_t
</UL>
<BR>[Calls]<UL><LI><a href="#[297]">&gt;&gt;</a>&nbsp;&nbsp;&nbsp;wjq_free_m
</UL>
<BR>[Called By]<UL><LI><a href="#[3e9]">&gt;&gt;</a>&nbsp;&nbsp;&nbsp;prvCheckTasksWaitingTermination
</UL>

<P><STRONG><a name="[c4]"></a>prvIdleTask</STRONG> (Thumb, 30 bytes, Stack size 0 bytes, frtos_tasks.o(i.prvIdleTask))
<BR><BR>[Stack]<UL><LI>Max Depth = 36<LI>Call Chain = prvIdleTask &rArr; prvCheckTasksWaitingTermination &rArr; prvDeleteTCB &rArr; wjq_free_m &rArr; wjq_free_t
</UL>
<BR>[Calls]<UL><LI><a href="#[3e9]">&gt;&gt;</a>&nbsp;&nbsp;&nbsp;prvCheckTasksWaitingTermination
</UL>
<BR>[Address Reference Count : 1]<UL><LI> frtos_tasks.o(i.vTaskStartScheduler)
</UL>
<P><STRONG><a name="[3f0]"></a>prvInitialiseNewTask</STRONG> (Thumb, 154 bytes, Stack size 32 bytes, frtos_tasks.o(i.prvInitialiseNewTask))
<BR><BR>[Stack]<UL><LI>Max Depth = 32<LI>Call Chain = prvInitialiseNewTask
</UL>
<BR>[Calls]<UL><LI><a href="#[3f1]">&gt;&gt;</a>&nbsp;&nbsp;&nbsp;vListInitialiseItem
<LI><a href="#[3f2]">&gt;&gt;</a>&nbsp;&nbsp;&nbsp;pxPortInitialiseStack
<LI><a href="#[ff]">&gt;&gt;</a>&nbsp;&nbsp;&nbsp;__aeabi_memset
</UL>
<BR>[Called By]<UL><LI><a href="#[37f]">&gt;&gt;</a>&nbsp;&nbsp;&nbsp;xTaskCreate
</UL>

<P><STRONG><a name="[3e3]"></a>prvInitialiseTaskLists</STRONG> (Thumb, 78 bytes, Stack size 16 bytes, frtos_tasks.o(i.prvInitialiseTaskLists))
<BR><BR>[Stack]<UL><LI>Max Depth = 16<LI>Call Chain = prvInitialiseTaskLists
</UL>
<BR>[Calls]<UL><LI><a href="#[3e6]">&gt;&gt;</a>&nbsp;&nbsp;&nbsp;vListInitialise
</UL>
<BR>[Called By]<UL><LI><a href="#[3e1]">&gt;&gt;</a>&nbsp;&nbsp;&nbsp;prvAddNewTaskToReadyList
</UL>

<P><STRONG><a name="[477]"></a>prvResetNextTaskUnblockTime</STRONG> (Thumb, 30 bytes, Stack size 0 bytes, frtos_tasks.o(i.prvResetNextTaskUnblockTime))
<BR><BR>[Called By]<UL><LI><a href="#[3fd]">&gt;&gt;</a>&nbsp;&nbsp;&nbsp;xTaskResumeAll
<LI><a href="#[471]">&gt;&gt;</a>&nbsp;&nbsp;&nbsp;xTaskIncrementTick
</UL>

<P><STRONG><a name="[3e5]"></a>prvCheckForValidListAndQueue</STRONG> (Thumb, 62 bytes, Stack size 8 bytes, frtos_timers.o(i.prvCheckForValidListAndQueue))
<BR><BR>[Stack]<UL><LI>Max Depth = 88<LI>Call Chain = prvCheckForValidListAndQueue &rArr; xQueueGenericCreate &rArr; prvInitialiseNewQueue &rArr; xQueueGenericReset &rArr; xTaskRemoveFromEventList
</UL>
<BR>[Calls]<UL><LI><a href="#[3e7]">&gt;&gt;</a>&nbsp;&nbsp;&nbsp;xQueueGenericCreate
<LI><a href="#[3e8]">&gt;&gt;</a>&nbsp;&nbsp;&nbsp;vQueueAddToRegistry
<LI><a href="#[3e4]">&gt;&gt;</a>&nbsp;&nbsp;&nbsp;vPortExitCritical
<LI><a href="#[3e2]">&gt;&gt;</a>&nbsp;&nbsp;&nbsp;vPortEnterCritical
<LI><a href="#[3e6]">&gt;&gt;</a>&nbsp;&nbsp;&nbsp;vListInitialise
</UL>
<BR>[Called By]<UL><LI><a href="#[46a]">&gt;&gt;</a>&nbsp;&nbsp;&nbsp;xTimerCreateTimerTask
</UL>

<P><STRONG><a name="[401]"></a>prvGetNextExpireTime</STRONG> (Thumb, 30 bytes, Stack size 0 bytes, frtos_timers.o(i.prvGetNextExpireTime))
<BR><BR>[Called By]<UL><LI><a href="#[c6]">&gt;&gt;</a>&nbsp;&nbsp;&nbsp;prvTimerTask
</UL>

<P><STRONG><a name="[3f3]"></a>prvInsertTimerInActiveList</STRONG> (Thumb, 60 bytes, Stack size 16 bytes, frtos_timers.o(i.prvInsertTimerInActiveList))
<BR><BR>[Stack]<UL><LI>Max Depth = 28<LI>Call Chain = prvInsertTimerInActiveList &rArr; vListInsert
</UL>
<BR>[Calls]<UL><LI><a href="#[3e0]">&gt;&gt;</a>&nbsp;&nbsp;&nbsp;vListInsert
</UL>
<BR>[Called By]<UL><LI><a href="#[3f8]">&gt;&gt;</a>&nbsp;&nbsp;&nbsp;prvProcessReceivedCommands
<LI><a href="#[3f6]">&gt;&gt;</a>&nbsp;&nbsp;&nbsp;prvProcessExpiredTimer
</UL>

<P><STRONG><a name="[3f6]"></a>prvProcessExpiredTimer</STRONG> (Thumb, 88 bytes, Stack size 24 bytes, frtos_timers.o(i.prvProcessExpiredTimer))
<BR><BR>[Stack]<UL><LI>Max Depth = 160<LI>Call Chain = prvProcessExpiredTimer &rArr; xTimerGenericCommand &rArr; xQueueGenericSend &rArr; prvUnlockQueue &rArr; xTaskRemoveFromEventList
</UL>
<BR>[Calls]<UL><LI><a href="#[3de]">&gt;&gt;</a>&nbsp;&nbsp;&nbsp;uxListRemove
<LI><a href="#[3f7]">&gt;&gt;</a>&nbsp;&nbsp;&nbsp;xTimerGenericCommand
<LI><a href="#[3f3]">&gt;&gt;</a>&nbsp;&nbsp;&nbsp;prvInsertTimerInActiveList
</UL>
<BR>[Called By]<UL><LI><a href="#[3fb]">&gt;&gt;</a>&nbsp;&nbsp;&nbsp;prvProcessTimerOrBlockTask
</UL>

<P><STRONG><a name="[3f8]"></a>prvProcessReceivedCommands</STRONG> (Thumb, 178 bytes, Stack size 32 bytes, frtos_timers.o(i.prvProcessReceivedCommands))
<BR><BR>[Stack]<UL><LI>Max Depth = 208<LI>Call Chain = prvProcessReceivedCommands &rArr; prvSampleTimeNow &rArr; prvSwitchTimerLists &rArr; xTimerGenericCommand &rArr; xQueueGenericSend &rArr; prvUnlockQueue &rArr; xTaskRemoveFromEventList
</UL>
<BR>[Calls]<UL><LI><a href="#[297]">&gt;&gt;</a>&nbsp;&nbsp;&nbsp;wjq_free_m
<LI><a href="#[3fa]">&gt;&gt;</a>&nbsp;&nbsp;&nbsp;xQueueReceive
<LI><a href="#[3de]">&gt;&gt;</a>&nbsp;&nbsp;&nbsp;uxListRemove
<LI><a href="#[3f7]">&gt;&gt;</a>&nbsp;&nbsp;&nbsp;xTimerGenericCommand
<LI><a href="#[3f9]">&gt;&gt;</a>&nbsp;&nbsp;&nbsp;prvSampleTimeNow
<LI><a href="#[3f3]">&gt;&gt;</a>&nbsp;&nbsp;&nbsp;prvInsertTimerInActiveList
</UL>
<BR>[Called By]<UL><LI><a href="#[c6]">&gt;&gt;</a>&nbsp;&nbsp;&nbsp;prvTimerTask
</UL>

<P><STRONG><a name="[3fb]"></a>prvProcessTimerOrBlockTask</STRONG> (Thumb, 100 bytes, Stack size 24 bytes, frtos_timers.o(i.prvProcessTimerOrBlockTask))
<BR><BR>[Stack]<UL><LI>Max Depth = 200<LI>Call Chain = prvProcessTimerOrBlockTask &rArr; prvSampleTimeNow &rArr; prvSwitchTimerLists &rArr; xTimerGenericCommand &rArr; xQueueGenericSend &rArr; prvUnlockQueue &rArr; xTaskRemoveFromEventList
</UL>
<BR>[Calls]<UL><LI><a href="#[3fe]">&gt;&gt;</a>&nbsp;&nbsp;&nbsp;vQueueWaitForMessageRestricted
<LI><a href="#[3fd]">&gt;&gt;</a>&nbsp;&nbsp;&nbsp;xTaskResumeAll
<LI><a href="#[3fc]">&gt;&gt;</a>&nbsp;&nbsp;&nbsp;vTaskSuspendAll
<LI><a href="#[3f9]">&gt;&gt;</a>&nbsp;&nbsp;&nbsp;prvSampleTimeNow
<LI><a href="#[3f6]">&gt;&gt;</a>&nbsp;&nbsp;&nbsp;prvProcessExpiredTimer
</UL>
<BR>[Called By]<UL><LI><a href="#[c6]">&gt;&gt;</a>&nbsp;&nbsp;&nbsp;prvTimerTask
</UL>

<P><STRONG><a name="[3f9]"></a>prvSampleTimeNow</STRONG> (Thumb, 38 bytes, Stack size 16 bytes, frtos_timers.o(i.prvSampleTimeNow))
<BR><BR>[Stack]<UL><LI>Max Depth = 176<LI>Call Chain = prvSampleTimeNow &rArr; prvSwitchTimerLists &rArr; xTimerGenericCommand &rArr; xQueueGenericSend &rArr; prvUnlockQueue &rArr; xTaskRemoveFromEventList
</UL>
<BR>[Calls]<UL><LI><a href="#[400]">&gt;&gt;</a>&nbsp;&nbsp;&nbsp;prvSwitchTimerLists
<LI><a href="#[3ff]">&gt;&gt;</a>&nbsp;&nbsp;&nbsp;xTaskGetTickCount
</UL>
<BR>[Called By]<UL><LI><a href="#[3fb]">&gt;&gt;</a>&nbsp;&nbsp;&nbsp;prvProcessTimerOrBlockTask
<LI><a href="#[3f8]">&gt;&gt;</a>&nbsp;&nbsp;&nbsp;prvProcessReceivedCommands
</UL>

<P><STRONG><a name="[400]"></a>prvSwitchTimerLists</STRONG> (Thumb, 104 bytes, Stack size 24 bytes, frtos_timers.o(i.prvSwitchTimerLists))
<BR><BR>[Stack]<UL><LI>Max Depth = 160<LI>Call Chain = prvSwitchTimerLists &rArr; xTimerGenericCommand &rArr; xQueueGenericSend &rArr; prvUnlockQueue &rArr; xTaskRemoveFromEventList
</UL>
<BR>[Calls]<UL><LI><a href="#[3e0]">&gt;&gt;</a>&nbsp;&nbsp;&nbsp;vListInsert
<LI><a href="#[3de]">&gt;&gt;</a>&nbsp;&nbsp;&nbsp;uxListRemove
<LI><a href="#[3f7]">&gt;&gt;</a>&nbsp;&nbsp;&nbsp;xTimerGenericCommand
</UL>
<BR>[Called By]<UL><LI><a href="#[3f9]">&gt;&gt;</a>&nbsp;&nbsp;&nbsp;prvSampleTimeNow
</UL>

<P><STRONG><a name="[c6]"></a>prvTimerTask</STRONG> (Thumb, 20 bytes, Stack size 8 bytes, frtos_timers.o(i.prvTimerTask))
<BR><BR>[Stack]<UL><LI>Max Depth = 216<LI>Call Chain = prvTimerTask &rArr; prvProcessReceivedCommands &rArr; prvSampleTimeNow &rArr; prvSwitchTimerLists &rArr; xTimerGenericCommand &rArr; xQueueGenericSend &rArr; prvUnlockQueue &rArr; xTaskRemoveFromEventList
</UL>
<BR>[Calls]<UL><LI><a href="#[3fb]">&gt;&gt;</a>&nbsp;&nbsp;&nbsp;prvProcessTimerOrBlockTask
<LI><a href="#[3f8]">&gt;&gt;</a>&nbsp;&nbsp;&nbsp;prvProcessReceivedCommands
<LI><a href="#[401]">&gt;&gt;</a>&nbsp;&nbsp;&nbsp;prvGetNextExpireTime
</UL>
<BR>[Address Reference Count : 1]<UL><LI> frtos_timers.o(i.xTimerCreateTimerTask)
</UL>
<P><STRONG><a name="[c1]"></a>prvTaskExitError</STRONG> (Thumb, 40 bytes, Stack size 0 bytes, port.o(i.prvTaskExitError))
<BR>[Address Reference Count : 1]<UL><LI> port.o(i.pxPortInitialiseStack)
</UL>
<P><STRONG><a name="[429]"></a>spiffs_cache_page_allocate</STRONG> (Thumb, 62 bytes, Stack size 16 bytes, spiffs_cache.o(i.spiffs_cache_page_allocate))
<BR><BR>[Stack]<UL><LI>Max Depth = 16<LI>Call Chain = spiffs_cache_page_allocate
</UL>
<BR>[Called By]<UL><LI><a href="#[41a]">&gt;&gt;</a>&nbsp;&nbsp;&nbsp;spiffs_phys_rd
</UL>

<P><STRONG><a name="[40c]"></a>spiffs_cache_page_free</STRONG> (Thumb, 84 bytes, Stack size 24 bytes, spiffs_cache.o(i.spiffs_cache_page_free))
<BR><BR>[Stack]<UL><LI>Max Depth = 24<LI>Call Chain = spiffs_cache_page_free
</UL>
<BR>[Called By]<UL><LI><a href="#[411]">&gt;&gt;</a>&nbsp;&nbsp;&nbsp;spiffs_phys_wr
<LI><a href="#[40d]">&gt;&gt;</a>&nbsp;&nbsp;&nbsp;spiffs_cache_fd_release
<LI><a href="#[40a]">&gt;&gt;</a>&nbsp;&nbsp;&nbsp;spiffs_cache_drop_page
<LI><a href="#[40e]">&gt;&gt;</a>&nbsp;&nbsp;&nbsp;spiffs_cache_page_remove_oldest
</UL>

<P><STRONG><a name="[40b]"></a>spiffs_cache_page_get</STRONG> (Thumb, 80 bytes, Stack size 24 bytes, spiffs_cache.o(i.spiffs_cache_page_get))
<BR><BR>[Stack]<UL><LI>Max Depth = 24<LI>Call Chain = spiffs_cache_page_get
</UL>
<BR>[Called By]<UL><LI><a href="#[411]">&gt;&gt;</a>&nbsp;&nbsp;&nbsp;spiffs_phys_wr
<LI><a href="#[41a]">&gt;&gt;</a>&nbsp;&nbsp;&nbsp;spiffs_phys_rd
<LI><a href="#[40a]">&gt;&gt;</a>&nbsp;&nbsp;&nbsp;spiffs_cache_drop_page
</UL>

<P><STRONG><a name="[40e]"></a>spiffs_cache_page_remove_oldest</STRONG> (Thumb, 100 bytes, Stack size 32 bytes, spiffs_cache.o(i.spiffs_cache_page_remove_oldest))
<BR><BR>[Stack]<UL><LI>Max Depth = 56<LI>Call Chain = spiffs_cache_page_remove_oldest &rArr; spiffs_cache_page_free
</UL>
<BR>[Calls]<UL><LI><a href="#[40c]">&gt;&gt;</a>&nbsp;&nbsp;&nbsp;spiffs_cache_page_free
</UL>
<BR>[Called By]<UL><LI><a href="#[41a]">&gt;&gt;</a>&nbsp;&nbsp;&nbsp;spiffs_phys_rd
</UL>

<P><STRONG><a name="[419]"></a>spiffs_gc_erase_block</STRONG> (Thumb, 64 bytes, Stack size 24 bytes, spiffs_gc.o(i.spiffs_gc_erase_block))
<BR><BR>[Stack]<UL><LI>Max Depth = 112<LI>Call Chain = spiffs_gc_erase_block &rArr; spiffs_erase_block &rArr; spiffs_phys_wr &rArr; spiffs_cache_page_get
</UL>
<BR>[Calls]<UL><LI><a href="#[1c7]">&gt;&gt;</a>&nbsp;&nbsp;&nbsp;spiffs_erase_block
<LI><a href="#[40a]">&gt;&gt;</a>&nbsp;&nbsp;&nbsp;spiffs_cache_drop_page
</UL>
<BR>[Called By]<UL><LI><a href="#[41f]">&gt;&gt;</a>&nbsp;&nbsp;&nbsp;spiffs_gc_quick
<LI><a href="#[415]">&gt;&gt;</a>&nbsp;&nbsp;&nbsp;spiffs_gc_check
</UL>

<P><STRONG><a name="[1d0]"></a>spiffs_fflush_cache</STRONG> (Thumb, 100 bytes, Stack size 24 bytes, spiffs_hydrogen.o(i.spiffs_fflush_cache))
<BR><BR>[Stack]<UL><LI>Max Depth = 648<LI>Call Chain = spiffs_fflush_cache &rArr; spiffs_hydro_write &rArr; spiffs_object_modify &rArr; spiffs_gc_check &rArr; spiffs_gc_clean &rArr; spiffs_object_update_index_hdr &rArr; spiffs_page_move &rArr; spiffs_obj_lu_find_free &rArr; spiffs_gc_quick &rArr; spiffs_gc_erase_block &rArr; spiffs_erase_block &rArr; spiffs_phys_wr &rArr; spiffs_cache_page_get
</UL>
<BR>[Calls]<UL><LI><a href="#[414]">&gt;&gt;</a>&nbsp;&nbsp;&nbsp;spiffs_hydro_write
<LI><a href="#[413]">&gt;&gt;</a>&nbsp;&nbsp;&nbsp;spiffs_cache_page_get_by_fd
<LI><a href="#[40d]">&gt;&gt;</a>&nbsp;&nbsp;&nbsp;spiffs_cache_fd_release
<LI><a href="#[412]">&gt;&gt;</a>&nbsp;&nbsp;&nbsp;spiffs_fd_get
</UL>
<BR>[Called By]<UL><LI><a href="#[1cf]">&gt;&gt;</a>&nbsp;&nbsp;&nbsp;SPIFFS_unmount
</UL>

<P><STRONG><a name="[414]"></a>spiffs_hydro_write</STRONG> (Thumb, 82 bytes, Stack size 32 bytes, spiffs_hydrogen.o(i.spiffs_hydro_write))
<BR><BR>[Stack]<UL><LI>Max Depth = 624<LI>Call Chain = spiffs_hydro_write &rArr; spiffs_object_modify &rArr; spiffs_gc_check &rArr; spiffs_gc_clean &rArr; spiffs_object_update_index_hdr &rArr; spiffs_page_move &rArr; spiffs_obj_lu_find_free &rArr; spiffs_gc_quick &rArr; spiffs_gc_erase_block &rArr; spiffs_erase_block &rArr; spiffs_phys_wr &rArr; spiffs_cache_page_get
</UL>
<BR>[Calls]<UL><LI><a href="#[420]">&gt;&gt;</a>&nbsp;&nbsp;&nbsp;spiffs_object_modify
<LI><a href="#[421]">&gt;&gt;</a>&nbsp;&nbsp;&nbsp;spiffs_object_append
</UL>
<BR>[Called By]<UL><LI><a href="#[1d0]">&gt;&gt;</a>&nbsp;&nbsp;&nbsp;spiffs_fflush_cache
</UL>

<P><STRONG><a name="[b8]"></a>spiffs_read_dir_v</STRONG> (Thumb, 168 bytes, Stack size 80 bytes, spiffs_hydrogen.o(i.spiffs_read_dir_v))
<BR><BR>[Stack]<UL><LI>Max Depth = 168<LI>Call Chain = spiffs_read_dir_v &rArr; spiffs_phys_rd &rArr; spiffs_cache_page_remove_oldest &rArr; spiffs_cache_page_free
</UL>
<BR>[Calls]<UL><LI><a href="#[41a]">&gt;&gt;</a>&nbsp;&nbsp;&nbsp;spiffs_phys_rd
<LI><a href="#[42a]">&gt;&gt;</a>&nbsp;&nbsp;&nbsp;strcpy
</UL>
<BR>[Address Reference Count : 1]<UL><LI> spiffs_hydrogen.o(i.SPIFFS_readdir)
</UL>
<P><STRONG><a name="[c2]"></a>spiffs_obj_lu_find_id_and_span_v</STRONG> (Thumb, 144 bytes, Stack size 40 bytes, spiffs_nucleus.o(i.spiffs_obj_lu_find_id_and_span_v))
<BR><BR>[Stack]<UL><LI>Max Depth = 128<LI>Call Chain = spiffs_obj_lu_find_id_and_span_v &rArr; spiffs_phys_rd &rArr; spiffs_cache_page_remove_oldest &rArr; spiffs_cache_page_free
</UL>
<BR>[Calls]<UL><LI><a href="#[41a]">&gt;&gt;</a>&nbsp;&nbsp;&nbsp;spiffs_phys_rd
</UL>
<BR>[Address Reference Count : 1]<UL><LI> spiffs_nucleus.o(i.spiffs_obj_lu_find_id_and_span)
</UL>
<P><STRONG><a name="[c3]"></a>spiffs_obj_lu_scan_v</STRONG> (Thumb, 40 bytes, Stack size 0 bytes, spiffs_nucleus.o(i.spiffs_obj_lu_scan_v))
<BR>[Address Reference Count : 1]<UL><LI> spiffs_nucleus.o(i.spiffs_obj_lu_scan)
</UL>
<P><STRONG><a name="[426]"></a>spiffs_page_data_check</STRONG> (Thumb, 176 bytes, Stack size 40 bytes, spiffs_nucleus.o(i.spiffs_page_data_check))
<BR><BR>[Stack]<UL><LI>Max Depth = 128<LI>Call Chain = spiffs_page_data_check &rArr; spiffs_phys_rd &rArr; spiffs_cache_page_remove_oldest &rArr; spiffs_cache_page_free
</UL>
<BR>[Calls]<UL><LI><a href="#[41a]">&gt;&gt;</a>&nbsp;&nbsp;&nbsp;spiffs_phys_rd
</UL>
<BR>[Called By]<UL><LI><a href="#[420]">&gt;&gt;</a>&nbsp;&nbsp;&nbsp;spiffs_object_modify
<LI><a href="#[421]">&gt;&gt;</a>&nbsp;&nbsp;&nbsp;spiffs_object_append
</UL>

<P><STRONG><a name="[424]"></a>spiffs_page_index_check</STRONG> (Thumb, 188 bytes, Stack size 40 bytes, spiffs_nucleus.o(i.spiffs_page_index_check))
<BR><BR>[Stack]<UL><LI>Max Depth = 128<LI>Call Chain = spiffs_page_index_check &rArr; spiffs_phys_rd &rArr; spiffs_cache_page_remove_oldest &rArr; spiffs_cache_page_free
</UL>
<BR>[Calls]<UL><LI><a href="#[41a]">&gt;&gt;</a>&nbsp;&nbsp;&nbsp;spiffs_phys_rd
</UL>
<BR>[Called By]<UL><LI><a href="#[420]">&gt;&gt;</a>&nbsp;&nbsp;&nbsp;spiffs_object_modify
<LI><a href="#[421]">&gt;&gt;</a>&nbsp;&nbsp;&nbsp;spiffs_object_append
</UL>

<P><STRONG><a name="[410]"></a>spiffs_update_ix_map</STRONG> (Thumb, 238 bytes, Stack size 28 bytes, spiffs_nucleus.o(i.spiffs_update_ix_map))
<BR><BR>[Stack]<UL><LI>Max Depth = 28<LI>Call Chain = spiffs_update_ix_map
</UL>
<BR>[Called By]<UL><LI><a href="#[40f]">&gt;&gt;</a>&nbsp;&nbsp;&nbsp;spiffs_cb_object_event
</UL>

<P><STRONG><a name="[235]"></a>_fp_digits</STRONG> (Thumb, 366 bytes, Stack size 64 bytes, printfa.o(i._fp_digits), UNUSED)
<BR><BR>[Calls]<UL><LI><a href="#[105]">&gt;&gt;</a>&nbsp;&nbsp;&nbsp;__aeabi_dadd
<LI><a href="#[fa]">&gt;&gt;</a>&nbsp;&nbsp;&nbsp;__aeabi_uldivmod
<LI><a href="#[10e]">&gt;&gt;</a>&nbsp;&nbsp;&nbsp;__aeabi_dmul
<LI><a href="#[10f]">&gt;&gt;</a>&nbsp;&nbsp;&nbsp;__aeabi_ddiv
<LI><a href="#[110]">&gt;&gt;</a>&nbsp;&nbsp;&nbsp;__aeabi_d2ulz
<LI><a href="#[236]">&gt;&gt;</a>&nbsp;&nbsp;&nbsp;__aeabi_cdrcmple
</UL>
<BR>[Called By]<UL><LI><a href="#[229]">&gt;&gt;</a>&nbsp;&nbsp;&nbsp;_printf_core
</UL>

<P><STRONG><a name="[229]"></a>_printf_core</STRONG> (Thumb, 1704 bytes, Stack size 136 bytes, printfa.o(i._printf_core), UNUSED)
<BR><BR>[Calls]<UL><LI><a href="#[fa]">&gt;&gt;</a>&nbsp;&nbsp;&nbsp;__aeabi_uldivmod
<LI><a href="#[239]">&gt;&gt;</a>&nbsp;&nbsp;&nbsp;__aeabi_uidivmod
<LI><a href="#[237]">&gt;&gt;</a>&nbsp;&nbsp;&nbsp;_printf_pre_padding
<LI><a href="#[238]">&gt;&gt;</a>&nbsp;&nbsp;&nbsp;_printf_post_padding
<LI><a href="#[235]">&gt;&gt;</a>&nbsp;&nbsp;&nbsp;_fp_digits
</UL>
<BR>[Called By]<UL><LI><a href="#[22a]">&gt;&gt;</a>&nbsp;&nbsp;&nbsp;__0vsprintf
<LI><a href="#[228]">&gt;&gt;</a>&nbsp;&nbsp;&nbsp;__0sprintf
</UL>

<P><STRONG><a name="[238]"></a>_printf_post_padding</STRONG> (Thumb, 36 bytes, Stack size 24 bytes, printfa.o(i._printf_post_padding), UNUSED)
<BR><BR>[Called By]<UL><LI><a href="#[229]">&gt;&gt;</a>&nbsp;&nbsp;&nbsp;_printf_core
</UL>

<P><STRONG><a name="[237]"></a>_printf_pre_padding</STRONG> (Thumb, 46 bytes, Stack size 24 bytes, printfa.o(i._printf_pre_padding), UNUSED)
<BR><BR>[Called By]<UL><LI><a href="#[229]">&gt;&gt;</a>&nbsp;&nbsp;&nbsp;_printf_core
</UL>

<P><STRONG><a name="[b9]"></a>_sputc</STRONG> (Thumb, 10 bytes, Stack size 0 bytes, printfa.o(i._sputc))
<BR><BR>[Called By]<UL><LI><a href="#[22a]">&gt;&gt;</a>&nbsp;&nbsp;&nbsp;__0vsprintf
<LI><a href="#[228]">&gt;&gt;</a>&nbsp;&nbsp;&nbsp;__0sprintf
</UL>
<BR>[Address Reference Count : 2]<UL><LI> printfa.o(i.__0sprintf)
<LI> printfa.o(i.__0vsprintf)
</UL><P>
<H3>
Undefined Global Symbols
</H3><HR></body></html>
