ARM Linker, 4.1 [Build 894] [Standard]

==============================================================================

Section Cross References

    main.o(i.ADC_Configuration) refers to stm32f10x_rcc.o(i.RCC_AHBPeriphClockCmd) for RCC_AHBPeriphClockCmd
    main.o(i.ADC_Configuration) refers to stm32f10x_rcc.o(i.RCC_APB2PeriphClockCmd) for RCC_APB2PeriphClockCmd
    main.o(i.ADC_Configuration) refers to stm32f10x_gpio.o(i.GPIO_Init) for GPIO_Init
    main.o(i.ADC_Configuration) refers to stm32f10x_dma.o(i.DMA_DeInit) for DMA_DeInit
    main.o(i.ADC_Configuration) refers to stm32f10x_dma.o(i.DMA_Init) for DMA_Init
    main.o(i.ADC_Configuration) refers to stm32f10x_dma.o(i.DMA_Cmd) for DMA_Cmd
    main.o(i.ADC_Configuration) refers to stm32f10x_adc.o(i.ADC_Init) for ADC_Init
    main.o(i.ADC_Configuration) refers to stm32f10x_adc.o(i.ADC_RegularChannelConfig) for ADC_RegularChannelConfig
    main.o(i.ADC_Configuration) refers to stm32f10x_adc.o(i.ADC_DMACmd) for ADC_DMACmd
    main.o(i.ADC_Configuration) refers to stm32f10x_adc.o(i.ADC_Cmd) for ADC_Cmd
    main.o(i.ADC_Configuration) refers to stm32f10x_adc.o(i.ADC_ResetCalibration) for ADC_ResetCalibration
    main.o(i.ADC_Configuration) refers to stm32f10x_adc.o(i.ADC_GetResetCalibrationStatus) for ADC_GetResetCalibrationStatus
    main.o(i.ADC_Configuration) refers to stm32f10x_adc.o(i.ADC_StartCalibration) for ADC_StartCalibration
    main.o(i.ADC_Configuration) refers to stm32f10x_adc.o(i.ADC_GetCalibrationStatus) for ADC_GetCalibrationStatus
    main.o(i.ADC_Configuration) refers to stm32f10x_adc.o(i.ADC_SoftwareStartConvCmd) for ADC_SoftwareStartConvCmd
    main.o(i.ADC_Configuration) refers to main.o(.data) for ADC_ConvertedValue
    main.o(i.main) refers to _printf_pad.o(.text) for _printf_pre_padding
    main.o(i.main) refers to _printf_percent.o(.ARM.Collect$$_printf_percent$$00000000) for _printf_percent
    main.o(i.main) refers to _printf_f.o(.ARM.Collect$$_printf_percent$$00000003) for _printf_f
    main.o(i.main) refers to printf1.o(x$fpl$printf1) for _printf_fp_dec
    main.o(i.main) refers to systick.o(i.Delay_Init) for Delay_Init
    main.o(i.main) refers to usart.o(i.usart_Configuration) for usart_Configuration
    main.o(i.main) refers to main.o(i.ADC_Configuration) for ADC_Configuration
    main.o(i.main) refers to main.o(i.user_gpio_init) for user_gpio_init
    main.o(i.main) refers to noretval__2printf.o(.text) for __2printf
    main.o(i.main) refers to stm32f10x_gpio.o(i.GPIO_ReadInputDataBit) for GPIO_ReadInputDataBit
    main.o(i.main) refers to fflt_clz.o(x$fpl$ffltu) for __aeabi_ui2f
    main.o(i.main) refers to fdiv.o(x$fpl$fdiv) for __aeabi_fdiv
    main.o(i.main) refers to f2d.o(x$fpl$f2d) for __aeabi_f2d
    main.o(i.main) refers to dmul.o(x$fpl$dmul) for __aeabi_dmul
    main.o(i.main) refers to d2f.o(x$fpl$d2f) for __aeabi_d2f
    main.o(i.main) refers to systick.o(i.Delay) for Delay
    main.o(i.main) refers to main.o(.constdata) for .constdata
    main.o(i.main) refers to main.o(.data) for ADC_ConvertedValue
    main.o(i.user_gpio_init) refers to stm32f10x_rcc.o(i.RCC_APB2PeriphClockCmd) for RCC_APB2PeriphClockCmd
    main.o(i.user_gpio_init) refers to stm32f10x_gpio.o(i.GPIO_Init) for GPIO_Init
    stm32f10x_it.o(i.SysTick_Handler) refers to systick.o(i.TimingDelay_Decrement) for TimingDelay_Decrement
    systick.o(i.Delay) refers to systick.o(.data) for TimingDelay
    systick.o(i.Delay_Init) refers to system_stm32f10x.o(.data) for SystemCoreClock
    systick.o(i.TimingDelay_Decrement) refers to systick.o(.data) for TimingDelay
    usart.o(i.Rcc_Configuration) refers (Special) to use_no_semi_2.o(.text) for __use_no_semihosting
    usart.o(i.Rcc_Configuration) refers to stm32f10x_rcc.o(i.RCC_APB2PeriphClockCmd) for RCC_APB2PeriphClockCmd
    usart.o(i.UsartGPIO_Configuration) refers (Special) to use_no_semi_2.o(.text) for __use_no_semihosting
    usart.o(i.UsartGPIO_Configuration) refers to stm32f10x_gpio.o(i.GPIO_Init) for GPIO_Init
    usart.o(i._sys_exit) refers (Special) to use_no_semi_2.o(.text) for __use_no_semihosting
    usart.o(i.fputc) refers (Special) to use_no_semi_2.o(.text) for __use_no_semihosting
    usart.o(i.fputc) refers to stm32f10x_usart.o(i.USART_SendData) for USART_SendData
    usart.o(i.fputc) refers to stm32f10x_usart.o(i.USART_GetFlagStatus) for USART_GetFlagStatus
    usart.o(i.usart_Configuration) refers (Special) to use_no_semi_2.o(.text) for __use_no_semihosting
    usart.o(i.usart_Configuration) refers to usart.o(i.Rcc_Configuration) for Rcc_Configuration
    usart.o(i.usart_Configuration) refers to stm32f10x_usart.o(i.USART_Init) for USART_Init
    usart.o(i.usart_Configuration) refers to stm32f10x_usart.o(i.USART_ITConfig) for USART_ITConfig
    usart.o(i.usart_Configuration) refers to stm32f10x_usart.o(i.USART_Cmd) for USART_Cmd
    usart.o(i.usart_Configuration) refers to usart.o(i.UsartGPIO_Configuration) for UsartGPIO_Configuration
[...]
    btod.o(CL$$btod_mult_common) refers (Special) to usenofp.o(x$fpl$usenofp) for __I$use$fp
    btod.o(CL$$btod_div_common) refers (Special) to usenofp.o(x$fpl$usenofp) for __I$use$fp
    lc_numeric_c.o(locale$$data) refers (Special) to libinit2.o(.ARM.Collect$$libinit$$00000012) for __rt_lib_init_lc_numeric_2
    lc_numeric_c.o(locale$$code) refers (Special) to libinit2.o(.ARM.Collect$$libinit$$00000012) for __rt_lib_init_lc_numeric_2
    lc_numeric_c.o(locale$$code) refers to strcmpv7m.o(.text) for strcmp
    lc_numeric_c.o(locale$$code) refers to lc_numeric_c.o(locale$$data) for __lcnum_c_name
    istatus.o(x$fpl$ieeestatus) refers (Special) to usenofp.o(x$fpl$usenofp) for __I$use$fp
    fpclassify.o(i.__ARM_fpclassify) refers (Special) to usenofp.o(x$fpl$usenofp) for __I$use$fp
    libspace.o(.text) refers to libspace.o(.bss) for __libspace_start
    sys_stackheap_outer.o(.text) refers to libspace.o(.text) for __user_perproc_libspace
    sys_stackheap_outer.o(.text) refers to startup_stm32f10x_hd.o(.text) for __user_initial_stackheap
    exit.o(.text) refers to rtexit.o(.ARM.Collect$$rtexit$$00000000) for __rt_exit
    libinit.o(.ARM.Collect$$libinit$$00000000) refers (Special) to libinit2.o(.ARM.Collect$$libinit$$0000002A) for __rt_lib_init_alloca_1
    libinit.o(.ARM.Collect$$libinit$$00000000) refers (Special) to libinit2.o(.ARM.Collect$$libinit$$00000028) for __rt_lib_init_argv_1
    libinit.o(.ARM.Collect$$libinit$$00000000) refers (Special) to libinit2.o(.ARM.Collect$$libinit$$00000017) for __rt_lib_init_atexit_1
    libinit.o(.ARM.Collect$$libinit$$00000000) refers (Special) to libinit2.o(.ARM.Collect$$libinit$$0000001D) for __rt_lib_init_clock_1
    libinit.o(.ARM.Collect$$libinit$$00000000) refers (Special) to libinit2.o(.ARM.Collect$$libinit$$0000002E) for __rt_lib_init_cpp_1
    libinit.o(.ARM.Collect$$libinit$$00000000) refers (Special) to libinit2.o(.ARM.Collect$$libinit$$0000002C) for __rt_lib_init_exceptions_1
    libinit.o(.ARM.Collect$$libinit$$00000000) refers (Special) to libinit2.o(.ARM.Collect$$libinit$$0000001B) for __rt_lib_init_fp_trap_1
    libinit.o(.ARM.Collect$$libinit$$00000000) refers (Special) to libinit2.o(.ARM.Collect$$libinit$$0000001F) for __rt_lib_init_getenv_1
    libinit.o(.ARM.Collect$$libinit$$00000000) refers (Special) to libinit2.o(.ARM.Collect$$libinit$$00000006) for __rt_lib_init_heap_1
    libinit.o(.ARM.Collect$$libinit$$00000000) refers (Special) to libinit2.o(.ARM.Collect$$libinit$$0000000D) for __rt_lib_init_lc_collate_1
    libinit.o(.ARM.Collect$$libinit$$00000000) refers (Special) to libinit2.o(.ARM.Collect$$libinit$$0000000F) for __rt_lib_init_lc_ctype_1
    libinit.o(.ARM.Collect$$libinit$$00000000) refers (Special) to libinit2.o(.ARM.Collect$$libinit$$00000011) for __rt_lib_init_lc_monetary_1
    libinit.o(.ARM.Collect$$libinit$$00000000) refers (Special) to libinit2.o(.ARM.Collect$$libinit$$00000013) for __rt_lib_init_lc_numeric_1
    libinit.o(.ARM.Collect$$libinit$$00000000) refers (Special) to libinit2.o(.ARM.Collect$$libinit$$00000015) for __rt_lib_init_lc_time_1
    libinit.o(.ARM.Collect$$libinit$$00000000) refers (Special) to libinit2.o(.ARM.Collect$$libinit$$0000000A) for __rt_lib_init_rand_1
    libinit.o(.ARM.Collect$$libinit$$00000000) refers (Special) to libinit2.o(.ARM.Collect$$libinit$$0000002F) for __rt_lib_init_return
    libinit.o(.ARM.Collect$$libinit$$00000000) refers (Special) to libinit2.o(.ARM.Collect$$libinit$$00000019) for __rt_lib_init_signal_1
    libinit.o(.ARM.Collect$$libinit$$00000000) refers (Special) to libinit2.o(.ARM.Collect$$libinit$$00000021) for __rt_lib_init_stdio_1
    libinit.o(.ARM.Collect$$libinit$$00000000) refers (Special) to libinit2.o(.ARM.Collect$$libinit$$00000008) for __rt_lib_init_user_alloc_1
    libinit.o(.ARM.Collect$$libinit$$00000000) refers to fpinit.o(x$fpl$fpinit) for _fp_init
    libinit2.o(.ARM.Collect$$libinit$$0000000B) refers (Weak) to rt_locale_intlibspace.o(.text) for __rt_locale
    libinit2.o(.ARM.Collect$$libinit$$0000000C) refers to libinit2.o(.ARM.Collect$$libinit$$0000000B) for .ARM.Collect$$libinit$$0000000B
    libinit2.o(.ARM.Collect$$libinit$$0000000E) refers to libinit2.o(.ARM.Collect$$libinit$$0000000B) for .ARM.Collect$$libinit$$0000000B
    libinit2.o(.ARM.Collect$$libinit$$00000010) refers to libinit2.o(.ARM.Collect$$libinit$$0000000B) for .ARM.Collect$$libinit$$0000000B
    libinit2.o(.ARM.Collect$$libinit$$00000012) refers to libinit2.o(.ARM.Collect$$libinit$$0000000B) for .ARM.Collect$$libinit$$0000000B
    libinit2.o(.ARM.Collect$$libinit$$00000012) refers (Weak) to lc_numeric_c.o(locale$$code) for _get_lc_numeric
    libinit2.o(.ARM.Collect$$libinit$$00000014) refers to libinit2.o(.ARM.Collect$$libinit$$0000000B) for .ARM.Collect$$libinit$$0000000B
    libinit2.o(.ARM.Collect$$libinit$$00000022) refers to argv_veneer.o(.emb_text) for __ARM_argv_veneer
    libinit2.o(.ARM.Collect$$libinit$$00000023) refers to argv_veneer.o(.emb_text) for __ARM_argv_veneer
    rtexit.o(.ARM.Collect$$rtexit$$00000000) refers (Special) to rtexit2.o(.ARM.Collect$$rtexit$$00000004) for __rt_exit_exit
    rtexit.o(.ARM.Collect$$rtexit$$00000000) refers (Special) to rtexit2.o(.ARM.Collect$$rtexit$$00000003) for __rt_exit_ls
    rtexit.o(.ARM.Collect$$rtexit$$00000000) refers (Special) to rtexit2.o(.ARM.Collect$$rtexit$$00000002) for __rt_exit_prels_1
    rtexit.o(.ARM.exidx) refers (Special) to rtexit2.o(.ARM.Collect$$rtexit$$00000004) for __rt_exit_exit
    rtexit.o(.ARM.exidx) refers (Special) to rtexit2.o(.ARM.Collect$$rtexit$$00000003) for __rt_exit_ls
    rtexit.o(.ARM.exidx) refers (Special) to rtexit2.o(.ARM.Collect$$rtexit$$00000002) for __rt_exit_prels_1
    rtexit.o(.ARM.exidx) refers to rtexit.o(.ARM.Collect$$rtexit$$00000000) for .ARM.Collect$$rtexit$$00000000
    argv_veneer.o(.emb_text) refers to no_argv.o(.text) for __ARM_get_argv
    fpinit.o(x$fpl$fpinit) refers to rt_fp_status_addr_intlibspace.o(.text) for __rt_fp_status_addr
    rtexit2.o(.ARM.Collect$$rtexit$$00000003) refers to libshutdown.o(.ARM.Collect$$libshutdown$$00000000) for __rt_lib_shutdown
    rtexit2.o(.ARM.Collect$$rtexit$$00000004) refers to usart.o(i._sys_exit) for _sys_exit
    rtexit2.o(.ARM.exidx) refers to rtexit2.o(.ARM.Collect$$rtexit$$00000001) for .ARM.Collect$$rtexit$$00000001
    rtexit2.o(.ARM.exidx) refers to rtexit2.o(.ARM.Collect$$rtexit$$00000003) for .ARM.Collect$$rtexit$$00000003
    rtexit2.o(.ARM.exidx) refers to rtexit2.o(.ARM.Collect$$rtexit$$00000004) for .ARM.Collect$$rtexit$$00000004
    rt_fp_status_addr.o(.text) refers to rt_fp_status_addr.o(.bss) for __rt_fp_status_addr_data
    rt_fp_status_addr_intlibspace.o(.text) refers to libspace.o(.bss) for __libspace_start
    _get_argv_nomalloc.o(.text) refers (Special) to hrguard.o(.text) for __heap_region$guard
    _get_argv_nomalloc.o(.text) refers to defsig_rtmem_outer.o(.text) for __rt_SIGRTMEM
    _get_argv_nomalloc.o(.text) refers to sys_command.o(.text) for _sys_command_string
    sys_command.o(.text) refers (Special) to use_no_semi.o(.text) for __I$use$semihosting
    sys_command.o(.text) refers (Special) to indicate_semi.o(.text) for __semihosting_library_function
    defsig_rtmem_outer.o(.text) refers to defsig_rtmem_inner.o(.text) for __rt_SIGRTMEM_inner
    defsig_rtmem_outer.o(.text) refers to defsig_exit.o(.text) for __sig_exit
    defsig_rtmem_formal.o(.text) refers to rt_raise.o(.text) for __rt_raise
    libshutdown.o(.ARM.Collect$$libshutdown$$00000000) refers (Special) to libshutdown2.o(.ARM.Collect$$libshutdown$$00000006) for __rt_lib_shutdown_fp_trap_1
    libshutdown.o(.ARM.Collect$$libshutdown$$00000000) refers (Special) to libshutdown2.o(.ARM.Collect$$libshutdown$$0000000E) for __rt_lib_shutdown_heap_1
    libshutdown.o(.ARM.Collect$$libshutdown$$00000000) refers (Special) to libshutdown2.o(.ARM.Collect$$libshutdown$$0000000F) for __rt_lib_shutdown_return
    libshutdown.o(.ARM.Collect$$libshutdown$$00000000) refers (Special) to libshutdown2.o(.ARM.Collect$$libshutdown$$00000009) for __rt_lib_shutdown_signal_1
    libshutdown.o(.ARM.Collect$$libshutdown$$00000000) refers (Special) to libshutdown2.o(.ARM.Collect$$libshutdown$$00000003) for __rt_lib_shutdown_stdio_1
    libshutdown.o(.ARM.Collect$$libshutdown$$00000000) refers (Special) to libshutdown2.o(.ARM.Collect$$libshutdown$$0000000B) for __rt_lib_shutdown_user_alloc_1
    rt_raise.o(.text) refers to __raise.o(.text) for __raise
    rt_raise.o(.text) refers to usart.o(i._sys_exit) for _sys_exit
    defsig_exit.o(.text) refers to usart.o(i._sys_exit) for _sys_exit
    defsig_rtmem_inner.o(.text) refers to defsig_general.o(.text) for __default_signal_display
    __raise.o(.text) refers to defsig.o(CL$$defsig) for __default_signal_handler
    defsig_general.o(.text) refers to sys_wrch.o(.text) for _ttywrch
    sys_wrch.o(.text) refers (Special) to use_no_semi.o(.text) for __I$use$semihosting
    sys_wrch.o(.text) refers (Special) to indicate_semi.o(.text) for __semihosting_library_function
    defsig.o(CL$$defsig) refers to defsig_rtmem_inner.o(.text) for __rt_SIGRTMEM_inner
    defsig_abrt_inner.o(.text) refers to defsig_general.o(.text) for __default_signal_display
    defsig_fpe_inner.o(.text) refers to defsig_general.o(.text) for __default_signal_display
    defsig_rtred_inner.o(.text) refers to defsig_general.o(.text) for __default_signal_display
    defsig_stak_inner.o(.text) refers to defsig_general.o(.text) for __default_signal_display
    defsig_pvfn_inner.o(.text) refers to defsig_general.o(.text) for __default_signal_display
    defsig_cppl_inner.o(.text) refers to defsig_general.o(.text) for __default_signal_display
    defsig_segv_inner.o(.text) refers to defsig_general.o(.text) for __default_signal_display
    defsig_other.o(.text) refers to defsig_general.o(.text) for __default_signal_display


==============================================================================

Removing Unused input sections from the image.

    Removing stm32f10x_gpio.o(i.GPIO_AFIODeInit), (20 bytes).
    Removing stm32f10x_gpio.o(i.GPIO_DeInit), (200 bytes).
    Removing stm32f10x_gpio.o(i.GPIO_ETH_MediaInterfaceConfig), (12 bytes).
    Removing stm32f10x_gpio.o(i.GPIO_EXTILineConfig), (64 bytes).
    Removing stm32f10x_gpio.o(i.GPIO_EventOutputCmd), (12 bytes).
    Removing stm32f10x_gpio.o(i.GPIO_EventOutputConfig), (32 bytes).
    Removing stm32f10x_gpio.o(i.GPIO_PinLockConfig), (18 bytes).
    Removing stm32f10x_gpio.o(i.GPIO_PinRemapConfig), (144 bytes).
    Removing stm32f10x_gpio.o(i.GPIO_ReadInputData), (8 bytes).
    Removing stm32f10x_gpio.o(i.GPIO_ReadOutputData), (8 bytes).
    Removing stm32f10x_gpio.o(i.GPIO_ReadOutputDataBit), (18 bytes).
    Removing stm32f10x_gpio.o(i.GPIO_ResetBits), (4 bytes).
    Removing stm32f10x_gpio.o(i.GPIO_SetBits), (4 bytes).
    Removing stm32f10x_gpio.o(i.GPIO_StructInit), (16 bytes).
    Removing stm32f10x_gpio.o(i.GPIO_Write), (4 bytes).
    Removing stm32f10x_gpio.o(i.GPIO_WriteBit), (10 bytes).
    Removing stm32f10x_rcc.o(i.RCC_ADCCLKConfig), (24 bytes).
    Removing stm32f10x_rcc.o(i.RCC_APB1PeriphClockCmd), (32 bytes).
    Removing stm32f10x_rcc.o(i.RCC_APB1PeriphResetCmd), (32 bytes).
    Removing stm32f10x_rcc.o(i.RCC_APB2PeriphResetCmd), (32 bytes).
    Removing stm32f10x_rcc.o(i.RCC_AdjustHSICalibrationValue), (24 bytes).
    Removing stm32f10x_rcc.o(i.RCC_BackupResetCmd), (12 bytes).
    Removing stm32f10x_rcc.o(i.RCC_ClearFlag), (20 bytes).
    Removing stm32f10x_rcc.o(i.RCC_ClearITPendingBit), (12 bytes).
    Removing stm32f10x_rcc.o(i.RCC_ClockSecuritySystemCmd), (12 bytes).
    Removing stm32f10x_rcc.o(i.RCC_DeInit), (76 bytes).
    Removing stm32f10x_rcc.o(i.RCC_GetFlagStatus), (60 bytes).
    Removing stm32f10x_rcc.o(i.RCC_GetITStatus), (24 bytes).
    Removing stm32f10x_rcc.o(i.RCC_GetSYSCLKSource), (16 bytes).
    Removing stm32f10x_rcc.o(i.RCC_HCLKConfig), (24 bytes).
    Removing stm32f10x_rcc.o(i.RCC_HSEConfig), (76 bytes).
    Removing stm32f10x_rcc.o(i.RCC_HSICmd), (12 bytes).
    Removing stm32f10x_rcc.o(i.RCC_ITConfig), (36 bytes).
    Removing stm32f10x_rcc.o(i.RCC_LSEConfig), (52 bytes).
    Removing stm32f10x_rcc.o(i.RCC_LSICmd), (12 bytes).
    Removing stm32f10x_rcc.o(i.RCC_MCOConfig), (12 bytes).
    Removing stm32f10x_rcc.o(i.RCC_PCLK1Config), (24 bytes).
    Removing stm32f10x_rcc.o(i.RCC_PCLK2Config), (24 bytes).
    Removing stm32f10x_rcc.o(i.RCC_PLLCmd), (12 bytes).
    Removing stm32f10x_rcc.o(i.RCC_PLLConfig), (28 bytes).
    Removing stm32f10x_rcc.o(i.RCC_RTCCLKCmd), (12 bytes).
    Removing stm32f10x_rcc.o(i.RCC_RTCCLKConfig), (16 bytes).
    Removing stm32f10x_rcc.o(i.RCC_SYSCLKConfig), (24 bytes).
    Removing stm32f10x_rcc.o(i.RCC_USBCLKConfig), (12 bytes).
    Removing stm32f10x_rcc.o(i.RCC_WaitForHSEStartUp), (48 bytes).
    Removing stm32f10x_adc.o(i.ADC_AnalogWatchdogCmd), (20 bytes).
    Removing stm32f10x_adc.o(i.ADC_AnalogWatchdogSingleChannelConfig), (16 bytes).
    Removing stm32f10x_adc.o(i.ADC_AnalogWatchdogThresholdsConfig), (6 bytes).
    Removing stm32f10x_adc.o(i.ADC_AutoInjectedConvCmd), (22 bytes).
    Removing stm32f10x_adc.o(i.ADC_ClearFlag), (6 bytes).
    Removing stm32f10x_adc.o(i.ADC_ClearITPendingBit), (10 bytes).
    Removing stm32f10x_adc.o(i.ADC_DeInit), (92 bytes).
    Removing stm32f10x_adc.o(i.ADC_DiscModeChannelCountConfig), (24 bytes).
    Removing stm32f10x_adc.o(i.ADC_DiscModeCmd), (22 bytes).
    Removing stm32f10x_adc.o(i.ADC_ExternalTrigConvCmd), (22 bytes).
    Removing stm32f10x_adc.o(i.ADC_ExternalTrigInjectedConvCmd), (22 bytes).
    Removing stm32f10x_adc.o(i.ADC_ExternalTrigInjectedConvConfig), (16 bytes).
    Removing stm32f10x_adc.o(i.ADC_GetConversionValue), (8 bytes).
    Removing stm32f10x_adc.o(i.ADC_GetDualModeConversionValue), (12 bytes).
    Removing stm32f10x_adc.o(i.ADC_GetFlagStatus), (18 bytes).
    Removing stm32f10x_adc.o(i.ADC_GetITStatus), (36 bytes).
    Removing stm32f10x_adc.o(i.ADC_GetInjectedConversionValue), (18 bytes).
    Removing stm32f10x_adc.o(i.ADC_GetSoftwareStartConvStatus), (20 bytes).
    Removing stm32f10x_adc.o(i.ADC_GetSoftwareStartInjectedConvCmdStatus), (20 bytes).
    Removing stm32f10x_adc.o(i.ADC_ITConfig), (24 bytes).
    Removing stm32f10x_adc.o(i.ADC_InjectedChannelConfig), (130 bytes).
    Removing stm32f10x_adc.o(i.ADC_InjectedDiscModeCmd), (22 bytes).
    Removing stm32f10x_adc.o(i.ADC_InjectedSequencerLengthConfig), (24 bytes).
    Removing stm32f10x_adc.o(i.ADC_SetInjectedOffset), (12 bytes).
    Removing stm32f10x_adc.o(i.ADC_SoftwareStartInjectedConvCmd), (22 bytes).
    Removing stm32f10x_adc.o(i.ADC_StructInit), (18 bytes).
    Removing stm32f10x_adc.o(i.ADC_TempSensorVrefintCmd), (36 bytes).
    Removing stm32f10x_dma.o(i.DMA_ClearFlag), (28 bytes).
    Removing stm32f10x_dma.o(i.DMA_ClearITPendingBit), (28 bytes).
    Removing stm32f10x_dma.o(i.DMA_GetCurrDataCounter), (8 bytes).
    Removing stm32f10x_dma.o(i.DMA_GetFlagStatus), (44 bytes).
    Removing stm32f10x_dma.o(i.DMA_GetITStatus), (44 bytes).
    Removing stm32f10x_dma.o(i.DMA_ITConfig), (18 bytes).
    Removing stm32f10x_dma.o(i.DMA_SetCurrDataCounter), (4 bytes).
    Removing stm32f10x_dma.o(i.DMA_StructInit), (26 bytes).
    Removing stm32f10x_usart.o(i.USART_ClearFlag), (18 bytes).
    Removing stm32f10x_usart.o(i.USART_ClearITPendingBit), (30 bytes).
    Removing stm32f10x_usart.o(i.USART_ClockInit), (34 bytes).
    Removing stm32f10x_usart.o(i.USART_ClockStructInit), (12 bytes).
    Removing stm32f10x_usart.o(i.USART_DMACmd), (24 bytes).
    Removing stm32f10x_usart.o(i.USART_DeInit), (156 bytes).
    Removing stm32f10x_usart.o(i.USART_GetITStatus), (84 bytes).
    Removing stm32f10x_usart.o(i.USART_HalfDuplexCmd), (24 bytes).
    Removing stm32f10x_usart.o(i.USART_IrDACmd), (24 bytes).
    Removing stm32f10x_usart.o(i.USART_IrDAConfig), (18 bytes).
    Removing stm32f10x_usart.o(i.USART_LINBreakDetectLengthConfig), (18 bytes).
    Removing stm32f10x_usart.o(i.USART_LINCmd), (24 bytes).
    Removing stm32f10x_usart.o(i.USART_OneBitMethodCmd), (24 bytes).
    Removing stm32f10x_usart.o(i.USART_OverSampling8Cmd), (22 bytes).
    Removing stm32f10x_usart.o(i.USART_ReceiveData), (10 bytes).
    Removing stm32f10x_usart.o(i.USART_ReceiverWakeUpCmd), (24 bytes).
    Removing stm32f10x_usart.o(i.USART_SendBreak), (10 bytes).
    Removing stm32f10x_usart.o(i.USART_SetAddress), (18 bytes).
    Removing stm32f10x_usart.o(i.USART_SetGuardTime), (16 bytes).
    Removing stm32f10x_usart.o(i.USART_SetPrescaler), (16 bytes).
    Removing stm32f10x_usart.o(i.USART_SmartCardCmd), (24 bytes).
    Removing stm32f10x_usart.o(i.USART_SmartCardNACKCmd), (24 bytes).
    Removing stm32f10x_usart.o(i.USART_StructInit), (24 bytes).
    Removing stm32f10x_usart.o(i.USART_WakeUpConfig), (18 bytes).
    Removing system_stm32f10x.o(i.SystemCoreClockUpdate), (164 bytes).

105 unused section(s) (total 3132 bytes) removed from the image.

==============================================================================

Image Symbol Table

    Local Symbols

    Symbol Name                              Value     Ov Type        Size  Object(Section)

    ../../angel/boardlib.s                   0x00000000   Number         0  boardshut.o ABSOLUTE
    ../../angel/boardlib.s                   0x00000000   Number         0  boardinit2.o ABSOLUTE
    ../../angel/boardlib.s                   0x00000000   Number         0  boardinit1.o ABSOLUTE
    ../../angel/boardlib.s                   0x00000000   Number         0  boardinit3.o ABSOLUTE
    ../../angel/handlers.s                   0x00000000   Number         0  __scatter_copy.o ABSOLUTE
    ../../angel/handlers.s                   0x00000000   Number         0  __scatter_zi.o ABSOLUTE
    ../../angel/kernel.s                     0x00000000   Number         0  rtentry2.o ABSOLUTE
    ../../angel/kernel.s                     0x00000000   Number         0  rtentry.o ABSOLUTE
    ../../angel/kernel.s                     0x00000000   Number         0  rtexit2.o ABSOLUTE
    ../../angel/kernel.s                     0x00000000   Number         0  rtexit.o ABSOLUTE
    ../../angel/kernel.s                     0x00000000   Number         0  rtentry4.o ABSOLUTE
    ../../angel/rt.s                         0x00000000   Number         0  rt_locale_intlibspace.o ABSOLUTE
    ../../angel/rt.s                         0x00000000   Number         0  rt_locale.o ABSOLUTE
    ../../angel/rt.s                         0x00000000   Number         0  rt_fp_status_addr.o ABSOLUTE
    ../../angel/rt.s                         0x00000000   Number         0  rt_fp_status_addr_intlibspace.o ABSOLUTE
    ../../angel/rt.s                         0x00000000   Number         0  rt_raise.o ABSOLUTE
    ../../angel/scatter.s                    0x00000000   Number         0  __scatter.o ABSOLUTE
    ../../angel/startup.s                    0x00000000   Number         0  __main.o ABSOLUTE
    ../../angel/sys.s                        0x00000000   Number         0  sys_stackheap_outer.o ABSOLUTE
    ../../angel/sys.s                        0x00000000   Number         0  libspace.o ABSOLUTE
    ../../angel/sys.s                        0x00000000   Number         0  use_no_semi.o ABSOLUTE
    ../../angel/sys.s                        0x00000000   Number         0  use_no_semi_2.o ABSOLUTE
    ../../angel/sys.s                        0x00000000   Number         0  indicate_semi.o ABSOLUTE
    ../../angel/sysapp.c                     0x00000000   Number         0  sys_wrch.o ABSOLUTE
    ../../angel/sysapp.c                     0x00000000   Number         0  sys_command.o ABSOLUTE
    ../../armsys.c                           0x00000000   Number         0  _get_argv_nomalloc.o ABSOLUTE
    ../../armsys.c                           0x00000000   Number         0  no_argv.o ABSOLUTE
    ../../armsys.c                           0x00000000   Number         0  argv_veneer.o ABSOLUTE
    ../../armsys.c                           0x00000000   Number         0  argv_veneer.o ABSOLUTE
    ../../bigflt.c                           0x00000000   Number         0  bigflt0.o ABSOLUTE
    ../../btod.s                             0x00000000   Number         0  btod.o ABSOLUTE
    ../../d2f.s                              0x00000000   Number         0  d2f.o ABSOLUTE
    ../../dmul.s                             0x00000000   Number         0  dmul.o ABSOLUTE
    ../../dnaninf.s                          0x00000000   Number         0  dnaninf.o ABSOLUTE
    ../../dretinf.s                          0x00000000   Number         0  dretinf.o ABSOLUTE
    ../../f2d.s                              0x00000000   Number         0  f2d.o ABSOLUTE
    ../../fdiv.s                             0x00000000   Number         0  fdiv.o ABSOLUTE
    ../../fflt.s                             0x00000000   Number         0  fflt_clz.o ABSOLUTE
    ../../fnaninf.s                          0x00000000   Number         0  fnaninf.o ABSOLUTE
    ../../fpclassify.c                       0x00000000   Number         0  fpclassify.o ABSOLUTE
    ../../fpinit.s                           0x00000000   Number         0  fpinit.o ABSOLUTE
    ../../fretinf.s                          0x00000000   Number         0  fretinf.o ABSOLUTE
    ../../heapalloc.c                        0x00000000   Number         0  hrguard.o ABSOLUTE
    ../../heapaux.c                          0x00000000   Number         0  heapauxi.o ABSOLUTE
    ../../istatus.s                          0x00000000   Number         0  istatus.o ABSOLUTE
    ../../libinit.s                          0x00000000   Number         0  libinit.o ABSOLUTE
    ../../libinit.s                          0x00000000   Number         0  libinit2.o ABSOLUTE
    ../../libinit.s                          0x00000000   Number         0  libshutdown.o ABSOLUTE
    ../../libinit.s                          0x00000000   Number         0  libshutdown2.o ABSOLUTE
    ../../locale.s                           0x00000000   Number         0  lc_numeric_c.o ABSOLUTE
    ../../longlong.s                         0x00000000   Number         0  lludiv10.o ABSOLUTE
    ../../memcpset.s                         0x00000000   Number         0  strcmpv7m.o ABSOLUTE
    ../../misc.s                             0x00000000   Number         0  printf_stubs.o ABSOLUTE
    ../../printf.c                           0x00000000   Number         0  _printf_char_common.o ABSOLUTE
    ../../printf.c                           0x00000000   Number         0  _printf_pad.o ABSOLUTE
    ../../printf.c                           0x00000000   Number         0  __2printf.o ABSOLUTE
    ../../printf.c                           0x00000000   Number         0  noretval__2printf.o ABSOLUTE
    ../../printf.c                           0x00000000   Number         0  __printf.o ABSOLUTE
    ../../printf.c                           0x00000000   Number         0  __printf_flags.o ABSOLUTE
    ../../printf.c                           0x00000000   Number         0  __printf_ss.o ABSOLUTE
    ../../printf.c                           0x00000000   Number         0  __printf_flags_ss.o ABSOLUTE
    ../../printf.c                           0x00000000   Number         0  __printf_wp.o ABSOLUTE
    ../../printf.c                           0x00000000   Number         0  __printf_flags_wp.o ABSOLUTE
    ../../printf.c                           0x00000000   Number         0  __printf_ss_wp.o ABSOLUTE
    ../../printf.c                           0x00000000   Number         0  __printf_flags_ss_wp.o ABSOLUTE
    ../../printf.c                           0x00000000   Number         0  _printf_fp_dec.o ABSOLUTE
    ../../printf.c                           0x00000000   Number         0  _printf_char_file.o ABSOLUTE
    ../../printf.c                           0x00000000   Number         0  _printf_fp_infnan.o ABSOLUTE
    ../../printf.c                           0x00000000   Number         0  __printf_nopercent.o ABSOLUTE
    ../../printf1.s                          0x00000000   Number         0  printf1.o ABSOLUTE
    ../../printf_percent.s                   0x00000000   Number         0  _printf_percent.o ABSOLUTE
    ../../printf_percent.s                   0x00000000   Number         0  _printf_f.o ABSOLUTE
    ../../printf_percent.s                   0x00000000   Number         0  _printf_percent_end.o ABSOLUTE
    ../../signal.c                           0x00000000   Number         0  defsig_cppl_inner.o ABSOLUTE
    ../../signal.c                           0x00000000   Number         0  defsig_other.o ABSOLUTE
    ../../signal.c                           0x00000000   Number         0  defsig_general.o ABSOLUTE
    ../../signal.c                           0x00000000   Number         0  defsig_pvfn_inner.o ABSOLUTE
    ../../signal.c                           0x00000000   Number         0  defsig_rtmem_formal.o ABSOLUTE
    ../../signal.c                           0x00000000   Number         0  defsig_abrt_inner.o ABSOLUTE
    ../../signal.c                           0x00000000   Number         0  defsig_fpe_inner.o ABSOLUTE
    ../../signal.c                           0x00000000   Number         0  defsig_rtmem_inner.o ABSOLUTE
    ../../signal.c                           0x00000000   Number         0  defsig_exit.o ABSOLUTE
    ../../signal.c                           0x00000000   Number         0  defsig_rtmem_outer.o ABSOLUTE
    ../../signal.c                           0x00000000   Number         0  defsig_rtred_inner.o ABSOLUTE
    ../../signal.c                           0x00000000   Number         0  defsig_segv_inner.o ABSOLUTE
    ../../signal.c                           0x00000000   Number         0  defsig_stak_inner.o ABSOLUTE
    ../../signal.c                           0x00000000   Number         0  __raise.o ABSOLUTE
    ../../signal.s                           0x00000000   Number         0  defsig.o ABSOLUTE
    ../../stdio.c                            0x00000000   Number         0  ferror_locked.o ABSOLUTE
    ../../stdio.c                            0x00000000   Number         0  ferror.o ABSOLUTE
    ../../stdlib.c                           0x00000000   Number         0  exit.o ABSOLUTE
    ../../usenofp.s                          0x00000000   Number         0  usenofp.o ABSOLUTE
    ..\Lib\src\stm32f10x_adc.c               0x00000000   Number         0  stm32f10x_adc.o ABSOLUTE
    ..\Lib\src\stm32f10x_dma.c               0x00000000   Number         0  stm32f10x_dma.o ABSOLUTE
    ..\Lib\src\stm32f10x_gpio.c              0x00000000   Number         0  stm32f10x_gpio.o ABSOLUTE
    ..\Lib\src\stm32f10x_rcc.c               0x00000000   Number         0  stm32f10x_rcc.o ABSOLUTE
    ..\Lib\src\stm32f10x_usart.c             0x00000000   Number         0  stm32f10x_usart.o ABSOLUTE
    ..\Lib\startup\arm\startup_stm32f10x_hd.s 0x00000000   Number         0  startup_stm32f10x_hd.o ABSOLUTE
    ..\User\SysTick\systick.c                0x00000000   Number         0  systick.o ABSOLUTE
    ..\User\USART\usart.c                    0x00000000   Number         0  usart.o ABSOLUTE
    ..\User\main.c                           0x00000000   Number         0  main.o ABSOLUTE
    ..\User\stm32f10x_it.c                   0x00000000   Number         0  stm32f10x_it.o ABSOLUTE
    ..\User\system_stm32f10x.c               0x00000000   Number         0  system_stm32f10x.o ABSOLUTE
    dc.s                                     0x00000000   Number         0  dc.o ABSOLUTE
    RESET                                    0x08000000   Section      304  startup_stm32f10x_hd.o(RESET)
    !!!main                                  0x08000130   Section        8  __main.o(!!!main)
    !!!scatter                               0x08000138   Section       52  __scatter.o(!!!scatter)
    !!handler_copy                           0x0800016c   Section       26  __scatter_copy.o(!!handler_copy)
    !!handler_zi                             0x08000188   Section       28  __scatter_zi.o(!!handler_zi)
    .ARM.Collect$$_printf_percent$$00000000  0x080001a4   Section        0  _printf_percent.o(.ARM.Collect$$_printf_percent$$00000000)
    .ARM.Collect$$_printf_percent$$00000003  0x080001a4   Section        6  _printf_f.o(.ARM.Collect$$_printf_percent$$00000003)
    .ARM.Collect$$_printf_percent$$00000017  0x080001aa   Section        4  _printf_percent_end.o(.ARM.Collect$$_printf_percent$$00000017)
    .ARM.Collect$$libinit$$00000000          0x080001ae   Section        6  libinit.o(.ARM.Collect$$libinit$$00000000)
    .ARM.Collect$$libinit$$00000006          0x080001b4   Section        0  libinit2.o(.ARM.Collect$$libinit$$00000006)
    .ARM.Collect$$libinit$$00000008          0x080001b4   Section        0  libinit2.o(.ARM.Collect$$libinit$$00000008)
    .ARM.Collect$$libinit$$0000000A          0x080001b4   Section        0  libinit2.o(.ARM.Collect$$libinit$$0000000A)
    .ARM.Collect$$libinit$$0000000B          0x080001b4   Section        6  libinit2.o(.ARM.Collect$$libinit$$0000000B)
    .ARM.Collect$$libinit$$0000000D          0x080001ba   Section        0  libinit2.o(.ARM.Collect$$libinit$$0000000D)
    .ARM.Collect$$libinit$$0000000F          0x080001ba   Section        0  libinit2.o(.ARM.Collect$$libinit$$0000000F)
    .ARM.Collect$$libinit$$00000011          0x080001ba   Section        0  libinit2.o(.ARM.Collect$$libinit$$00000011)
    .ARM.Collect$$libinit$$00000012          0x080001ba   Section       10  libinit2.o(.ARM.Collect$$libinit$$00000012)
    .ARM.Collect$$libinit$$00000013          0x080001c4   Section        0  libinit2.o(.ARM.Collect$$libinit$$00000013)
    .ARM.Collect$$libinit$$00000015          0x080001c4   Section        0  libinit2.o(.ARM.Collect$$libinit$$00000015)
    .ARM.Collect$$libinit$$00000017          0x080001c4   Section        0  libinit2.o(.ARM.Collect$$libinit$$00000017)
    .ARM.Collect$$libinit$$00000019          0x080001c4   Section        0  libinit2.o(.ARM.Collect$$libinit$$00000019)
    .ARM.Collect$$libinit$$0000001B          0x080001c4   Section        0  libinit2.o(.ARM.Collect$$libinit$$0000001B)
    .ARM.Collect$$libinit$$0000001D          0x080001c4   Section        0  libinit2.o(.ARM.Collect$$libinit$$0000001D)
    .ARM.Collect$$libinit$$0000001F          0x080001c4   Section        0  libinit2.o(.ARM.Collect$$libinit$$0000001F)
    .ARM.Collect$$libinit$$00000021          0x080001c4   Section        0  libinit2.o(.ARM.Collect$$libinit$$00000021)
    .ARM.Collect$$libinit$$00000028          0x080001c4   Section        0  libinit2.o(.ARM.Collect$$libinit$$00000028)
    .ARM.Collect$$libinit$$0000002A          0x080001c4   Section        0  libinit2.o(.ARM.Collect$$libinit$$0000002A)
    .ARM.Collect$$libinit$$0000002C          0x080001c4   Section        0  libinit2.o(.ARM.Collect$$libinit$$0000002C)
    .ARM.Collect$$libinit$$0000002E          0x080001c4   Section        0  libinit2.o(.ARM.Collect$$libinit$$0000002E)
    .ARM.Collect$$libinit$$0000002F          0x080001c4   Section        2  libinit2.o(.ARM.Collect$$libinit$$0000002F)
    .ARM.Collect$$libshutdown$$00000000      0x080001c6   Section        2  libshutdown.o(.ARM.Collect$$libshutdown$$00000000)
    .ARM.Collect$$libshutdown$$00000003      0x080001c8   Section        0  libshutdown2.o(.ARM.Collect$$libshutdown$$00000003)
    .ARM.Collect$$libshutdown$$00000006      0x080001c8   Section        0  libshutdown2.o(.ARM.Collect$$libshutdown$$00000006)
    .ARM.Collect$$libshutdown$$00000009      0x080001c8   Section        0  libshutdown2.o(.ARM.Collect$$libshutdown$$00000009)
    .ARM.Collect$$libshutdown$$0000000B      0x080001c8   Section        0  libshutdown2.o(.ARM.Collect$$libshutdown$$0000000B)
    .ARM.Collect$$libshutdown$$0000000E      0x080001c8   Section        0  libshutdown2.o(.ARM.Collect$$libshutdown$$0000000E)
    .ARM.Collect$$libshutdown$$0000000F      0x080001c8   Section        2  libshutdown2.o(.ARM.Collect$$libshutdown$$0000000F)
    .ARM.Collect$$rtentry$$00000000          0x080001ca   Section        0  rtentry.o(.ARM.Collect$$rtentry$$00000000)
    .ARM.Collect$$rtentry$$00000002          0x080001ca   Section        0  rtentry2.o(.ARM.Collect$$rtentry$$00000002)
    .ARM.Collect$$rtentry$$00000004          0x080001ca   Section        6  rtentry4.o(.ARM.Collect$$rtentry$$00000004)
    .ARM.Collect$$rtentry$$00000009          0x080001d0   Section        0  rtentry2.o(.ARM.Collect$$rtentry$$00000009)
    .ARM.Collect$$rtentry$$0000000A          0x080001d0   Section        4  rtentry2.o(.ARM.Collect$$rtentry$$0000000A)
    .ARM.Collect$$rtentry$$0000000C          0x080001d4   Section        0  rtentry2.o(.ARM.Collect$$rtentry$$0000000C)
    .ARM.Collect$$rtentry$$0000000D          0x080001d4   Section        8  rtentry2.o(.ARM.Collect$$rtentry$$0000000D)
    .ARM.Collect$$rtexit$$00000000           0x080001dc   Section        2  rtexit.o(.ARM.Collect$$rtexit$$00000000)
    .ARM.Collect$$rtexit$$00000002           0x080001de   Section        0  rtexit2.o(.ARM.Collect$$rtexit$$00000002)
    .ARM.Collect$$rtexit$$00000003           0x080001de   Section        4  rtexit2.o(.ARM.Collect$$rtexit$$00000003)
    .ARM.Collect$$rtexit$$00000004           0x080001e2   Section        6  rtexit2.o(.ARM.Collect$$rtexit$$00000004)
    .text                                    0x080001e8   Section       64  startup_stm32f10x_hd.o(.text)
    .text                                    0x08000228   Section        2  use_no_semi_2.o(.text)
    .text                                    0x0800022c   Section        0  noretval__2printf.o(.text)
    .text                                    0x08000244   Section        0  _printf_pad.o(.text)
    .text                                    0x08000296   Section        0  __printf_wp.o(.text)
    .text                                    0x080003a4   Section        0  heapauxi.o(.text)
    .text                                    0x080003aa   Section        2  use_no_semi.o(.text)
    .text                                    0x080003ac   Section        0  _printf_fp_dec.o(.text)
    _fp_digits                               0x080003af   Thumb Code   428  _printf_fp_dec.o(.text)
    .text                                    0x080007cc   Section        0  _printf_char_file.o(.text)
    .text                                    0x080007f0   Section        8  rt_locale_intlibspace.o(.text)
    .text                                    0x080007f8   Section      138  lludiv10.o(.text)
    .text                                    0x08000884   Section        0  _printf_char_common.o(.text)
    _printf_input_char                       0x08000885   Thumb Code    10  _printf_char_common.o(.text)
    .text                                    0x080008b4   Section        0  _printf_fp_infnan.o(.text)
    .text                                    0x08000934   Section        0  bigflt0.o(.text)
    .text                                    0x08000a18   Section        0  ferror.o(.text)
    .text                                    0x08000a20   Section        8  libspace.o(.text)
    .text                                    0x08000a28   Section       74  sys_stackheap_outer.o(.text)
    .text                                    0x08000a72   Section        0  exit.o(.text)
    .text                                    0x08000a80   Section      128  strcmpv7m.o(.text)
    .text                                    0x08000b00   Section        8  rt_fp_status_addr_intlibspace.o(.text)
    CL$$btod_d2e                             0x08000b08   Section       62  btod.o(CL$$btod_d2e)
    CL$$btod_d2e_denorm_low                  0x08000b46   Section       70  btod.o(CL$$btod_d2e_denorm_low)
    CL$$btod_d2e_norm_op1                    0x08000b8c   Section       96  btod.o(CL$$btod_d2e_norm_op1)
    CL$$btod_div_common                      0x08000bec   Section      824  btod.o(CL$$btod_div_common)
    CL$$btod_e2e                             0x08000f24   Section      198  btod.o(CL$$btod_e2e)
    CL$$btod_ediv                            0x08000fea   Section       40  btod.o(CL$$btod_ediv)
    CL$$btod_emul                            0x08001012   Section       40  btod.o(CL$$btod_emul)
    CL$$btod_mult_common                     0x0800103a   Section      580  btod.o(CL$$btod_mult_common)
    i.ADC_Cmd                                0x0800127e   Section        0  stm32f10x_adc.o(i.ADC_Cmd)
    i.ADC_Configuration                      0x08001294   Section        0  main.o(i.ADC_Configuration)
    i.ADC_DMACmd                             0x0800139c   Section        0  stm32f10x_adc.o(i.ADC_DMACmd)
    i.ADC_GetCalibrationStatus               0x080013b2   Section        0  stm32f10x_adc.o(i.ADC_GetCalibrationStatus)
    i.ADC_GetResetCalibrationStatus          0x080013c6   Section        0  stm32f10x_adc.o(i.ADC_GetResetCalibrationStatus)
    i.ADC_Init                               0x080013dc   Section        0  stm32f10x_adc.o(i.ADC_Init)
    i.ADC_RegularChannelConfig               0x0800142c   Section        0  stm32f10x_adc.o(i.ADC_RegularChannelConfig)
    i.ADC_ResetCalibration                   0x080014e4   Section        0  stm32f10x_adc.o(i.ADC_ResetCalibration)
    i.ADC_SoftwareStartConvCmd               0x080014ee   Section        0  stm32f10x_adc.o(i.ADC_SoftwareStartConvCmd)
    i.ADC_StartCalibration                   0x08001504   Section        0  stm32f10x_adc.o(i.ADC_StartCalibration)
    i.BusFault_Handler                       0x0800150e   Section        0  stm32f10x_it.o(i.BusFault_Handler)
    i.DMA_Cmd                                0x08001512   Section        0  stm32f10x_dma.o(i.DMA_Cmd)
    i.DMA_DeInit                             0x0800152c   Section        0  stm32f10x_dma.o(i.DMA_DeInit)
    i.DMA_Init                               0x08001678   Section        0  stm32f10x_dma.o(i.DMA_Init)
    i.DebugMon_Handler                       0x080016b4   Section        0  stm32f10x_it.o(i.DebugMon_Handler)
    i.Delay                                  0x080016b8   Section        0  systick.o(i.Delay)
    i.Delay_Init                             0x080016cc   Section        0  systick.o(i.Delay_Init)
    i.GPIO_Init                              0x08001734   Section        0  stm32f10x_gpio.o(i.GPIO_Init)
    i.GPIO_ReadInputDataBit                  0x08001846   Section        0  stm32f10x_gpio.o(i.GPIO_ReadInputDataBit)
    i.HardFault_Handler                      0x08001858   Section        0  stm32f10x_it.o(i.HardFault_Handler)
    i.MemManage_Handler                      0x0800185c   Section        0  stm32f10x_it.o(i.MemManage_Handler)
    i.NMI_Handler                            0x08001860   Section        0  stm32f10x_it.o(i.NMI_Handler)
    i.PendSV_Handler                         0x08001862   Section        0  stm32f10x_it.o(i.PendSV_Handler)
    i.RCC_AHBPeriphClockCmd                  0x08001864   Section        0  stm32f10x_rcc.o(i.RCC_AHBPeriphClockCmd)
    i.RCC_APB2PeriphClockCmd                 0x08001884   Section        0  stm32f10x_rcc.o(i.RCC_APB2PeriphClockCmd)
    i.RCC_GetClocksFreq                      0x080018a4   Section        0  stm32f10x_rcc.o(i.RCC_GetClocksFreq)
    i.Rcc_Configuration                      0x08001978   Section        0  usart.o(i.Rcc_Configuration)
    i.SVC_Handler                            0x0800198c   Section        0  stm32f10x_it.o(i.SVC_Handler)
    i.SetSysClock                            0x0800198e   Section        0  system_stm32f10x.o(i.SetSysClock)
    SetSysClock                              0x0800198f   Thumb Code     8  system_stm32f10x.o(i.SetSysClock)
    i.SetSysClockTo72                        0x08001998   Section        0  system_stm32f10x.o(i.SetSysClockTo72)
    SetSysClockTo72                          0x08001999   Thumb Code   192  system_stm32f10x.o(i.SetSysClockTo72)
    i.SysTick_Handler                        0x08001a60   Section        0  stm32f10x_it.o(i.SysTick_Handler)
    i.SystemInit                             0x08001a68   Section        0  system_stm32f10x.o(i.SystemInit)
    i.TimingDelay_Decrement                  0x08001ac8   Section        0  systick.o(i.TimingDelay_Decrement)
    i.USART_Cmd                              0x08001ae0   Section        0  stm32f10x_usart.o(i.USART_Cmd)
    i.USART_GetFlagStatus                    0x08001af8   Section        0  stm32f10x_usart.o(i.USART_GetFlagStatus)
    i.USART_ITConfig                         0x08001b12   Section        0  stm32f10x_usart.o(i.USART_ITConfig)
    i.USART_Init                             0x08001b5c   Section        0  stm32f10x_usart.o(i.USART_Init)
    i.USART_SendData                         0x08001c34   Section        0  stm32f10x_usart.o(i.USART_SendData)
    i.UsageFault_Handler                     0x08001c3c   Section        0  stm32f10x_it.o(i.UsageFault_Handler)
    i.UsartGPIO_Configuration                0x08001c40   Section        0  usart.o(i.UsartGPIO_Configuration)
    i.__ARM_fpclassify                       0x08001c78   Section        0  fpclassify.o(i.__ARM_fpclassify)
    i._is_digit                              0x08001ca0   Section        0  __printf_wp.o(i._is_digit)
    i._sys_exit                              0x08001cae   Section        0  usart.o(i._sys_exit)
    i.fputc                                  0x08001cb4   Section        0  usart.o(i.fputc)
    i.main                                   0x08001cd8   Section        0  main.o(i.main)
    i.usart_Configuration                    0x08001db8   Section        0  usart.o(i.usart_Configuration)
    i.user_gpio_init                         0x08001e04   Section        0  main.o(i.user_gpio_init)
    locale$$code                             0x08001e28   Section       44  lc_numeric_c.o(locale$$code)
    x$fpl$d2f                                0x08001e54   Section       98  d2f.o(x$fpl$d2f)
    x$fpl$dmul                               0x08001eb8   Section      340  dmul.o(x$fpl$dmul)
    x$fpl$dnaninf                            0x0800200c   Section      156  dnaninf.o(x$fpl$dnaninf)
    x$fpl$dretinf                            0x080020a8   Section       12  dretinf.o(x$fpl$dretinf)
    x$fpl$f2d                                0x080020b4   Section       86  f2d.o(x$fpl$f2d)
    x$fpl$fdiv                               0x0800210c   Section      388  fdiv.o(x$fpl$fdiv)
    _fdiv1                                   0x0800210d   Thumb Code     0  fdiv.o(x$fpl$fdiv)
    x$fpl$ffltu                              0x08002290   Section       38  fflt_clz.o(x$fpl$ffltu)
    x$fpl$fnaninf                            0x080022b6   Section      140  fnaninf.o(x$fpl$fnaninf)
    x$fpl$fpinit                             0x08002342   Section       14  fpinit.o(x$fpl$fpinit)
    x$fpl$fretinf                            0x08002350   Section       10  fretinf.o(x$fpl$fretinf)
    x$fpl$printf1                            0x0800235a   Section        4  printf1.o(x$fpl$printf1)
    x$fpl$usenofp                            0x0800235e   Section        0  usenofp.o(x$fpl$usenofp)
    .constdata                               0x08002360   Section       69  main.o(.constdata)
    .constdata                               0x080023a8   Section      148  bigflt0.o(.constdata)
    tenpwrs_x                                0x080023a8   Data          60  bigflt0.o(.constdata)
    tenpwrs_i                                0x080023e4   Data          64  bigflt0.o(.constdata)
    locale$$data                             0x0800245c   Section       28  lc_numeric_c.o(locale$$data)
    __lcnum_c_name                           0x08002460   Data           2  lc_numeric_c.o(locale$$data)
    __lcnum_c_start                          0x08002468   Data           0  lc_numeric_c.o(locale$$data)
    __lcnum_c_point                          0x08002474   Data           0  lc_numeric_c.o(locale$$data)
    __lcnum_c_thousands                      0x08002476   Data           0  lc_numeric_c.o(locale$$data)
    __lcnum_c_grouping                       0x08002477   Data           0  lc_numeric_c.o(locale$$data)
    __lcnum_c_end                            0x08002478   Data           0  lc_numeric_c.o(locale$$data)
    .data                                    0x20000000   Section        6  main.o(.data)
    .data                                    0x20000008   Section        4  systick.o(.data)
    TimingDelay                              0x20000008   Data           4  systick.o(.data)
    .data                                    0x2000000c   Section        4  usart.o(.data)
    .data                                    0x20000010   Section       20  stm32f10x_rcc.o(.data)
    APBAHBPrescTable                         0x20000010   Data          16  stm32f10x_rcc.o(.data)
    ADCPrescTable                            0x20000020   Data           4  stm32f10x_rcc.o(.data)
    .data                                    0x20000024   Section       20  system_stm32f10x.o(.data)
    .bss                                     0x20000038   Section       96  libspace.o(.bss)
    HEAP                                     0x20000098   Section      512  startup_stm32f10x_hd.o(HEAP)
    Heap_Mem                                 0x20000098   Data         512  startup_stm32f10x_hd.o(HEAP)
    STACK                                    0x20000298   Section     1024  startup_stm32f10x_hd.o(STACK)
    Stack_Mem                                0x20000298   Data        1024  startup_stm32f10x_hd.o(STACK)
    __initial_sp                             0x20000698   Data           0  startup_stm32f10x_hd.o(STACK)

    Global Symbols

    Symbol Name                              Value     Ov Type        Size  Object(Section)

    BuildAttributes$$THM_ISAv4$P$D$K$B$S$PE$A:L22UL41UL21$X:L11$S22US41US21$IEEE1$IW$USESV6$~STKCKD$USESV7$~SHL$OTIME$ROPI$IEEEJ$EBA8$UX$STANDARDLIB$REQ8$PRES8$EABIv2 0x00000000   Number         0  anon$$obj.o ABSOLUTE
    __ARM_use_no_argv                        0x00000000   Number         0  main.o ABSOLUTE
    _printf_flags                            0x00000000   Number         0  printf_stubs.o ABSOLUTE
    _printf_return_value                     0x00000000   Number         0  printf_stubs.o ABSOLUTE
    _printf_sizespec                         0x00000000   Number         0  printf_stubs.o ABSOLUTE
    _printf_widthprec                        0x00000000   Number         0  printf_stubs.o ABSOLUTE
    __ARM_exceptions_init                     - Undefined Weak Reference
    __alloca_initialize                       - Undefined Weak Reference
    __cpp_initialize__aeabi_                  - Undefined Weak Reference
    __cxa_finalize                            - Undefined Weak Reference
    __sigvec_lookup                           - Undefined Weak Reference
    _atexit_init                              - Undefined Weak Reference
    _call_atexit_fns                          - Undefined Weak Reference
    _clock_init                               - Undefined Weak Reference
    _fp_trap_init                             - Undefined Weak Reference
    _fp_trap_shutdown                         - Undefined Weak Reference
    _get_lc_collate                           - Undefined Weak Reference
    _get_lc_ctype                             - Undefined Weak Reference
    _get_lc_monetary                          - Undefined Weak Reference
    _get_lc_time                              - Undefined Weak Reference
    _getenv_init                              - Undefined Weak Reference
    _handle_redirection                       - Undefined Weak Reference
    _init_alloc                               - Undefined Weak Reference
    _init_user_alloc                          - Undefined Weak Reference
    _initio                                   - Undefined Weak Reference
    _mutex_acquire                            - Undefined Weak Reference
    _mutex_release                            - Undefined Weak Reference
    _rand_init                                - Undefined Weak Reference
    _signal_finish                            - Undefined Weak Reference
    _signal_init                              - Undefined Weak Reference
    _terminate_alloc                          - Undefined Weak Reference
    _terminate_user_alloc                     - Undefined Weak Reference
    _terminateio                              - Undefined Weak Reference
    __Vectors_Size                           0x00000130   Number         0  startup_stm32f10x_hd.o ABSOLUTE
    __Vectors                                0x08000000   Data           4  startup_stm32f10x_hd.o(RESET)
    __Vectors_End                            0x08000130   Data           0  startup_stm32f10x_hd.o(RESET)
    __main                                   0x08000131   Thumb Code     8  __main.o(!!!main)
    __scatterload                            0x08000139   Thumb Code     0  __scatter.o(!!!scatter)
    __scatterload_rt2                        0x08000139   Thumb Code    44  __scatter.o(!!!scatter)
    __scatterload_rt2_thumb_only             0x08000139   Thumb Code     0  __scatter.o(!!!scatter)
    __scatterload_null                       0x08000147   Thumb Code     0  __scatter.o(!!!scatter)
    __scatterload_copy                       0x0800016d   Thumb Code    26  __scatter_copy.o(!!handler_copy)
    __scatterload_zeroinit                   0x08000189   Thumb Code    28  __scatter_zi.o(!!handler_zi)
    _printf_f                                0x080001a5   Thumb Code     0  _printf_f.o(.ARM.Collect$$_printf_percent$$00000003)
    _printf_percent                          0x080001a5   Thumb Code     0  _printf_percent.o(.ARM.Collect$$_printf_percent$$00000000)
    _printf_percent_end                      0x080001ab   Thumb Code     0  _printf_percent_end.o(.ARM.Collect$$_printf_percent$$00000017)
    __rt_lib_init                            0x080001af   Thumb Code     0  libinit.o(.ARM.Collect$$libinit$$00000000)
    __rt_lib_init_heap_1                     0x080001b5   Thumb Code     0  libinit2.o(.ARM.Collect$$libinit$$00000006)
    __rt_lib_init_lc_common                  0x080001b5   Thumb Code     0  libinit2.o(.ARM.Collect$$libinit$$0000000B)
    __rt_lib_init_rand_1                     0x080001b5   Thumb Code     0  libinit2.o(.ARM.Collect$$libinit$$0000000A)
    __rt_lib_init_user_alloc_1               0x080001b5   Thumb Code     0  libinit2.o(.ARM.Collect$$libinit$$00000008)
    __rt_lib_init_lc_collate_1               0x080001bb   Thumb Code     0  libinit2.o(.ARM.Collect$$libinit$$0000000D)
    __rt_lib_init_lc_ctype_1                 0x080001bb   Thumb Code     0  libinit2.o(.ARM.Collect$$libinit$$0000000F)
    __rt_lib_init_lc_monetary_1              0x080001bb   Thumb Code     0  libinit2.o(.ARM.Collect$$libinit$$00000011)
    __rt_lib_init_lc_numeric_2               0x080001bb   Thumb Code     0  libinit2.o(.ARM.Collect$$libinit$$00000012)
    __rt_lib_init_alloca_1                   0x080001c5   Thumb Code     0  libinit2.o(.ARM.Collect$$libinit$$0000002A)
    __rt_lib_init_argv_1                     0x080001c5   Thumb Code     0  libinit2.o(.ARM.Collect$$libinit$$00000028)
    __rt_lib_init_atexit_1                   0x080001c5   Thumb Code     0  libinit2.o(.ARM.Collect$$libinit$$00000017)
    __rt_lib_init_clock_1                    0x080001c5   Thumb Code     0  libinit2.o(.ARM.Collect$$libinit$$0000001D)
    __rt_lib_init_cpp_1                      0x080001c5   Thumb Code     0  libinit2.o(.ARM.Collect$$libinit$$0000002E)
    __rt_lib_init_exceptions_1               0x080001c5   Thumb Code     0  libinit2.o(.ARM.Collect$$libinit$$0000002C)
    __rt_lib_init_fp_trap_1                  0x080001c5   Thumb Code     0  libinit2.o(.ARM.Collect$$libinit$$0000001B)
    __rt_lib_init_getenv_1                   0x080001c5   Thumb Code     0  libinit2.o(.ARM.Collect$$libinit$$0000001F)
    __rt_lib_init_lc_numeric_1               0x080001c5   Thumb Code     0  libinit2.o(.ARM.Collect$$libinit$$00000013)
    __rt_lib_init_lc_time_1                  0x080001c5   Thumb Code     0  libinit2.o(.ARM.Collect$$libinit$$00000015)
    __rt_lib_init_return                     0x080001c5   Thumb Code     0  libinit2.o(.ARM.Collect$$libinit$$0000002F)
    __rt_lib_init_signal_1                   0x080001c5   Thumb Code     0  libinit2.o(.ARM.Collect$$libinit$$00000019)
    __rt_lib_init_stdio_1                    0x080001c5   Thumb Code     0  libinit2.o(.ARM.Collect$$libinit$$00000021)
    __rt_lib_shutdown                        0x080001c7   Thumb Code     0  libshutdown.o(.ARM.Collect$$libshutdown$$00000000)
    __rt_lib_shutdown_fp_trap_1              0x080001c9   Thumb Code     0  libshutdown2.o(.ARM.Collect$$libshutdown$$00000006)
    __rt_lib_shutdown_heap_1                 0x080001c9   Thumb Code     0  libshutdown2.o(.ARM.Collect$$libshutdown$$0000000E)
    __rt_lib_shutdown_return                 0x080001c9   Thumb Code     0  libshutdown2.o(.ARM.Collect$$libshutdown$$0000000F)
    __rt_lib_shutdown_signal_1               0x080001c9   Thumb Code     0  libshutdown2.o(.ARM.Collect$$libshutdown$$00000009)
    __rt_lib_shutdown_stdio_1                0x080001c9   Thumb Code     0  libshutdown2.o(.ARM.Collect$$libshutdown$$00000003)
    __rt_lib_shutdown_user_alloc_1           0x080001c9   Thumb Code     0  libshutdown2.o(.ARM.Collect$$libshutdown$$0000000B)
    __rt_entry                               0x080001cb   Thumb Code     0  rtentry.o(.ARM.Collect$$rtentry$$00000000)
    __rt_entry_presh_1                       0x080001cb   Thumb Code     0  rtentry2.o(.ARM.Collect$$rtentry$$00000002)
    __rt_entry_sh                            0x080001cb   Thumb Code     0  rtentry4.o(.ARM.Collect$$rtentry$$00000004)
    __rt_entry_li                            0x080001d1   Thumb Code     0  rtentry2.o(.ARM.Collect$$rtentry$$0000000A)
    __rt_entry_postsh_1                      0x080001d1   Thumb Code     0  rtentry2.o(.ARM.Collect$$rtentry$$00000009)
    __rt_entry_main                          0x080001d5   Thumb Code     0  rtentry2.o(.ARM.Collect$$rtentry$$0000000D)
    __rt_entry_postli_1                      0x080001d5   Thumb Code     0  rtentry2.o(.ARM.Collect$$rtentry$$0000000C)
    __rt_exit                                0x080001dd   Thumb Code     0  rtexit.o(.ARM.Collect$$rtexit$$00000000)
    __rt_exit_ls                             0x080001df   Thumb Code     0  rtexit2.o(.ARM.Collect$$rtexit$$00000003)
    __rt_exit_prels_1                        0x080001df   Thumb Code     0  rtexit2.o(.ARM.Collect$$rtexit$$00000002)
    __rt_exit_exit                           0x080001e3   Thumb Code     0  rtexit2.o(.ARM.Collect$$rtexit$$00000004)
    Reset_Handler                            0x080001e9   Thumb Code     8  startup_stm32f10x_hd.o(.text)
    ADC1_2_IRQHandler                        0x08000203   Thumb Code     0  startup_stm32f10x_hd.o(.text)
    ADC3_IRQHandler                          0x08000203   Thumb Code     0  startup_stm32f10x_hd.o(.text)
    CAN1_RX1_IRQHandler                      0x08000203   Thumb Code     0  startup_stm32f10x_hd.o(.text)
    CAN1_SCE_IRQHandler                      0x08000203   Thumb Code     0  startup_stm32f10x_hd.o(.text)
    DMA1_Channel1_IRQHandler                 0x08000203   Thumb Code     0  startup_stm32f10x_hd.o(.text)
    DMA1_Channel2_IRQHandler                 0x08000203   Thumb Code     0  startup_stm32f10x_hd.o(.text)
    DMA1_Channel3_IRQHandler                 0x08000203   Thumb Code     0  startup_stm32f10x_hd.o(.text)
    DMA1_Channel4_IRQHandler                 0x08000203   Thumb Code     0  startup_stm32f10x_hd.o(.text)
    DMA1_Channel5_IRQHandler                 0x08000203   Thumb Code     0  startup_stm32f10x_hd.o(.text)
    DMA1_Channel6_IRQHandler                 0x08000203   Thumb Code     0  startup_stm32f10x_hd.o(.text)
    DMA1_Channel7_IRQHandler                 0x08000203   Thumb Code     0  startup_stm32f10x_hd.o(.text)
    DMA2_Channel1_IRQHandler                 0x08000203   Thumb Code     0  startup_stm32f10x_hd.o(.text)
    DMA2_Channel2_IRQHandler                 0x08000203   Thumb Code     0  startup_stm32f10x_hd.o(.text)
    DMA2_Channel3_IRQHandler                 0x08000203   Thumb Code     0  startup_stm32f10x_hd.o(.text)
    DMA2_Channel4_5_IRQHandler               0x08000203   Thumb Code     0  startup_stm32f10x_hd.o(.text)
    EXTI0_IRQHandler                         0x08000203   Thumb Code     0  startup_stm32f10x_hd.o(.text)
    EXTI15_10_IRQHandler                     0x08000203   Thumb Code     0  startup_stm32f10x_hd.o(.text)
    EXTI1_IRQHandler                         0x08000203   Thumb Code     0  startup_stm32f10x_hd.o(.text)
    EXTI2_IRQHandler                         0x08000203   Thumb Code     0  startup_stm32f10x_hd.o(.text)
    EXTI3_IRQHandler                         0x08000203   Thumb Code     0  startup_stm32f10x_hd.o(.text)
    EXTI4_IRQHandler                         0x08000203   Thumb Code     0  startup_stm32f10x_hd.o(.text)
    EXTI9_5_IRQHandler                       0x08000203   Thumb Code     0  startup_stm32f10x_hd.o(.text)
    FLASH_IRQHandler                         0x08000203   Thumb Code     0  startup_stm32f10x_hd.o(.text)
    FSMC_IRQHandler                          0x08000203   Thumb Code     0  startup_stm32f10x_hd.o(.text)
    I2C1_ER_IRQHandler                       0x08000203   Thumb Code     0  startup_stm32f10x_hd.o(.text)
    I2C1_EV_IRQHandler                       0x08000203   Thumb Code     0  startup_stm32f10x_hd.o(.text)
    I2C2_ER_IRQHandler                       0x08000203   Thumb Code     0  startup_stm32f10x_hd.o(.text)
    I2C2_EV_IRQHandler                       0x08000203   Thumb Code     0  startup_stm32f10x_hd.o(.text)
    PVD_IRQHandler                           0x08000203   Thumb Code     0  startup_stm32f10x_hd.o(.text)
    RCC_IRQHandler                           0x08000203   Thumb Code     0  startup_stm32f10x_hd.o(.text)
    RTCAlarm_IRQHandler                      0x08000203   Thumb Code     0  startup_stm32f10x_hd.o(.text)
    RTC_IRQHandler                           0x08000203   Thumb Code     0  startup_stm32f10x_hd.o(.text)
    SDIO_IRQHandler                          0x08000203   Thumb Code     0  startup_stm32f10x_hd.o(.text)
    SPI1_IRQHandler                          0x08000203   Thumb Code     0  startup_stm32f10x_hd.o(.text)
    SPI2_IRQHandler                          0x08000203   Thumb Code     0  startup_stm32f10x_hd.o(.text)
    SPI3_IRQHandler                          0x08000203   Thumb Code     0  startup_stm32f10x_hd.o(.text)
    TAMPER_IRQHandler                        0x08000203   Thumb Code     0  startup_stm32f10x_hd.o(.text)
    TIM1_BRK_IRQHandler                      0x08000203   Thumb Code     0  startup_stm32f10x_hd.o(.text)
    TIM1_CC_IRQHandler                       0x08000203   Thumb Code     0  startup_stm32f10x_hd.o(.text)
    TIM1_TRG_COM_IRQHandler                  0x08000203   Thumb Code     0  startup_stm32f10x_hd.o(.text)
    TIM1_UP_IRQHandler                       0x08000203   Thumb Code     0  startup_stm32f10x_hd.o(.text)
    TIM2_IRQHandler                          0x08000203   Thumb Code     0  startup_stm32f10x_hd.o(.text)
    TIM3_IRQHandler                          0x08000203   Thumb Code     0  startup_stm32f10x_hd.o(.text)
    TIM4_IRQHandler                          0x08000203   Thumb Code     0  startup_stm32f10x_hd.o(.text)
    TIM5_IRQHandler                          0x08000203   Thumb Code     0  startup_stm32f10x_hd.o(.text)
    TIM6_IRQHandler                          0x08000203   Thumb Code     0  startup_stm32f10x_hd.o(.text)
    TIM7_IRQHandler                          0x08000203   Thumb Code     0  startup_stm32f10x_hd.o(.text)
    TIM8_BRK_IRQHandler                      0x08000203   Thumb Code     0  startup_stm32f10x_hd.o(.text)
    TIM8_CC_IRQHandler                       0x08000203   Thumb Code     0  startup_stm32f10x_hd.o(.text)
    TIM8_TRG_COM_IRQHandler                  0x08000203   Thumb Code     0  startup_stm32f10x_hd.o(.text)
    TIM8_UP_IRQHandler                       0x08000203   Thumb Code     0  startup_stm32f10x_hd.o(.text)
    UART4_IRQHandler                         0x08000203   Thumb Code     0  startup_stm32f10x_hd.o(.text)
    UART5_IRQHandler                         0x08000203   Thumb Code     0  startup_stm32f10x_hd.o(.text)
    USART1_IRQHandler                        0x08000203   Thumb Code     0  startup_stm32f10x_hd.o(.text)
    USART2_IRQHandler                        0x08000203   Thumb Code     0  startup_stm32f10x_hd.o(.text)
    USART3_IRQHandler                        0x08000203   Thumb Code     0  startup_stm32f10x_hd.o(.text)
    USBWakeUp_IRQHandler                     0x08000203   Thumb Code     0  startup_stm32f10x_hd.o(.text)
    USB_HP_CAN1_TX_IRQHandler                0x08000203   Thumb Code     0  startup_stm32f10x_hd.o(.text)
    USB_LP_CAN1_RX0_IRQHandler               0x08000203   Thumb Code     0  startup_stm32f10x_hd.o(.text)
    WWDG_IRQHandler                          0x08000203   Thumb Code     0  startup_stm32f10x_hd.o(.text)
    __user_initial_stackheap                 0x08000205   Thumb Code     0  startup_stm32f10x_hd.o(.text)
    __use_no_semihosting                     0x08000229   Thumb Code     2  use_no_semi_2.o(.text)
    __2printf                                0x0800022d   Thumb Code    20  noretval__2printf.o(.text)
    _printf_pre_padding                      0x08000245   Thumb Code    46  _printf_pad.o(.text)
    _printf_post_padding                     0x08000273   Thumb Code    36  _printf_pad.o(.text)
    __printf                                 0x08000297   Thumb Code   270  __printf_wp.o(.text)
    __use_two_region_memory                  0x080003a5   Thumb Code     2  heapauxi.o(.text)
    __rt_heap_escrow$2region                 0x080003a7   Thumb Code     2  heapauxi.o(.text)
    __rt_heap_expand$2region                 0x080003a9   Thumb Code     2  heapauxi.o(.text)
    __I$use$semihosting                      0x080003ab   Thumb Code     0  use_no_semi.o(.text)
    __use_no_semihosting_swi                 0x080003ab   Thumb Code     2  use_no_semi.o(.text)
    __lib_sel_fp_printf                      0x080003ad   Thumb Code     2  _printf_fp_dec.o(.text)
    _printf_fp_dec_real                      0x0800055b   Thumb Code   626  _printf_fp_dec.o(.text)
    _printf_char_file                        0x080007cd   Thumb Code    32  _printf_char_file.o(.text)
    __rt_locale                              0x080007f1   Thumb Code     8  rt_locale_intlibspace.o(.text)
    _ll_udiv10                               0x080007f9   Thumb Code   138  lludiv10.o(.text)
    _printf_char_common                      0x0800088f   Thumb Code    32  _printf_char_common.o(.text)
    _printf_fp_infnan                        0x080008b5   Thumb Code   112  _printf_fp_infnan.o(.text)
    _btod_etento                             0x08000935   Thumb Code   222  bigflt0.o(.text)
    ferror                                   0x08000a19   Thumb Code     8  ferror.o(.text)
    __user_libspace                          0x08000a21   Thumb Code     8  libspace.o(.text)
    __user_perproc_libspace                  0x08000a21   Thumb Code     0  libspace.o(.text)
    __user_perthread_libspace                0x08000a21   Thumb Code     0  libspace.o(.text)
    __user_setup_stackheap                   0x08000a29   Thumb Code    74  sys_stackheap_outer.o(.text)
    exit                                     0x08000a73   Thumb Code    12  exit.o(.text)
    strcmp                                   0x08000a81   Thumb Code   128  strcmpv7m.o(.text)
    __rt_fp_status_addr                      0x08000b01   Thumb Code     8  rt_fp_status_addr_intlibspace.o(.text)
    _btod_d2e                                0x08000b09   Thumb Code    62  btod.o(CL$$btod_d2e)
    _d2e_denorm_low                          0x08000b47   Thumb Code    70  btod.o(CL$$btod_d2e_denorm_low)
    _d2e_norm_op1                            0x08000b8d   Thumb Code    96  btod.o(CL$$btod_d2e_norm_op1)
    __btod_div_common                        0x08000bed   Thumb Code   696  btod.o(CL$$btod_div_common)
    _e2e                                     0x08000f25   Thumb Code   198  btod.o(CL$$btod_e2e)
    _btod_ediv                               0x08000feb   Thumb Code    40  btod.o(CL$$btod_ediv)
    _btod_emul                               0x08001013   Thumb Code    40  btod.o(CL$$btod_emul)
    __btod_mult_common                       0x0800103b   Thumb Code   580  btod.o(CL$$btod_mult_common)
    ADC_Cmd                                  0x0800127f   Thumb Code    22  stm32f10x_adc.o(i.ADC_Cmd)
    ADC_Configuration                        0x08001295   Thumb Code   246  main.o(i.ADC_Configuration)
    ADC_DMACmd                               0x0800139d   Thumb Code    22  stm32f10x_adc.o(i.ADC_DMACmd)
    ADC_GetCalibrationStatus                 0x080013b3   Thumb Code    20  stm32f10x_adc.o(i.ADC_GetCalibrationStatus)
    ADC_GetResetCalibrationStatus            0x080013c7   Thumb Code    20  stm32f10x_adc.o(i.ADC_GetResetCalibrationStatus)
    ADC_Init                                 0x080013dd   Thumb Code    70  stm32f10x_adc.o(i.ADC_Init)
    ADC_RegularChannelConfig                 0x0800142d   Thumb Code   184  stm32f10x_adc.o(i.ADC_RegularChannelConfig)
    ADC_ResetCalibration                     0x080014e5   Thumb Code    10  stm32f10x_adc.o(i.ADC_ResetCalibration)
    ADC_SoftwareStartConvCmd                 0x080014ef   Thumb Code    22  stm32f10x_adc.o(i.ADC_SoftwareStartConvCmd)
    ADC_StartCalibration                     0x08001505   Thumb Code    10  stm32f10x_adc.o(i.ADC_StartCalibration)
    BusFault_Handler                         0x0800150f   Thumb Code     4  stm32f10x_it.o(i.BusFault_Handler)
    DMA_Cmd                                  0x08001513   Thumb Code    24  stm32f10x_dma.o(i.DMA_Cmd)
    DMA_DeInit                               0x0800152d   Thumb Code   324  stm32f10x_dma.o(i.DMA_DeInit)
    DMA_Init                                 0x08001679   Thumb Code    60  stm32f10x_dma.o(i.DMA_Init)
    DebugMon_Handler                         0x080016b5   Thumb Code     2  stm32f10x_it.o(i.DebugMon_Handler)
    Delay                                    0x080016b9   Thumb Code    16  systick.o(i.Delay)
    Delay_Init                               0x080016cd   Thumb Code    92  systick.o(i.Delay_Init)
    GPIO_Init                                0x08001735   Thumb Code   274  stm32f10x_gpio.o(i.GPIO_Init)
    GPIO_ReadInputDataBit                    0x08001847   Thumb Code    18  stm32f10x_gpio.o(i.GPIO_ReadInputDataBit)
    HardFault_Handler                        0x08001859   Thumb Code     4  stm32f10x_it.o(i.HardFault_Handler)
    MemManage_Handler                        0x0800185d   Thumb Code     4  stm32f10x_it.o(i.MemManage_Handler)
    NMI_Handler                              0x08001861   Thumb Code     2  stm32f10x_it.o(i.NMI_Handler)
    PendSV_Handler                           0x08001863   Thumb Code     2  stm32f10x_it.o(i.PendSV_Handler)
    RCC_AHBPeriphClockCmd                    0x08001865   Thumb Code    26  stm32f10x_rcc.o(i.RCC_AHBPeriphClockCmd)
    RCC_APB2PeriphClockCmd                   0x08001885   Thumb Code    26  stm32f10x_rcc.o(i.RCC_APB2PeriphClockCmd)
    RCC_GetClocksFreq                        0x080018a5   Thumb Code   192  stm32f10x_rcc.o(i.RCC_GetClocksFreq)
    Rcc_Configuration                        0x08001979   Thumb Code    20  usart.o(i.Rcc_Configuration)
    SVC_Handler                              0x0800198d   Thumb Code     2  stm32f10x_it.o(i.SVC_Handler)
    SysTick_Handler                          0x08001a61   Thumb Code     8  stm32f10x_it.o(i.SysTick_Handler)
    SystemInit                               0x08001a69   Thumb Code    78  system_stm32f10x.o(i.SystemInit)
    TimingDelay_Decrement                    0x08001ac9   Thumb Code    18  systick.o(i.TimingDelay_Decrement)
    USART_Cmd                                0x08001ae1   Thumb Code    24  stm32f10x_usart.o(i.USART_Cmd)
    USART_GetFlagStatus                      0x08001af9   Thumb Code    26  stm32f10x_usart.o(i.USART_GetFlagStatus)
    USART_ITConfig                           0x08001b13   Thumb Code    74  stm32f10x_usart.o(i.USART_ITConfig)
    USART_Init                               0x08001b5d   Thumb Code   210  stm32f10x_usart.o(i.USART_Init)
    USART_SendData                           0x08001c35   Thumb Code     8  stm32f10x_usart.o(i.USART_SendData)
    UsageFault_Handler                       0x08001c3d   Thumb Code     4  stm32f10x_it.o(i.UsageFault_Handler)
    UsartGPIO_Configuration                  0x08001c41   Thumb Code    52  usart.o(i.UsartGPIO_Configuration)
    __ARM_fpclassify                         0x08001c79   Thumb Code    40  fpclassify.o(i.__ARM_fpclassify)
    _is_digit                                0x08001ca1   Thumb Code    14  __printf_wp.o(i._is_digit)
    _sys_exit                                0x08001caf   Thumb Code     6  usart.o(i._sys_exit)
    fputc                                    0x08001cb5   Thumb Code    32  usart.o(i.fputc)
    main                                     0x08001cd9   Thumb Code   128  main.o(i.main)
    usart_Configuration                      0x08001db9   Thumb Code    70  usart.o(i.usart_Configuration)
    user_gpio_init                           0x08001e05   Thumb Code    32  main.o(i.user_gpio_init)
    _get_lc_numeric                          0x08001e29   Thumb Code    44  lc_numeric_c.o(locale$$code)
    __aeabi_d2f                              0x08001e55   Thumb Code     0  d2f.o(x$fpl$d2f)
    _d2f                                     0x08001e55   Thumb Code    98  d2f.o(x$fpl$d2f)
    __aeabi_dmul                             0x08001eb9   Thumb Code     0  dmul.o(x$fpl$dmul)
    _dmul                                    0x08001eb9   Thumb Code   332  dmul.o(x$fpl$dmul)
    __fpl_dnaninf                            0x0800200d   Thumb Code   156  dnaninf.o(x$fpl$dnaninf)
    __fpl_dretinf                            0x080020a9   Thumb Code    12  dretinf.o(x$fpl$dretinf)
    __aeabi_f2d                              0x080020b5   Thumb Code     0  f2d.o(x$fpl$f2d)
    _f2d                                     0x080020b5   Thumb Code    86  f2d.o(x$fpl$f2d)
    __aeabi_fdiv                             0x0800210d   Thumb Code     0  fdiv.o(x$fpl$fdiv)
    _fdiv                                    0x0800210d   Thumb Code   384  fdiv.o(x$fpl$fdiv)
    __aeabi_ui2f                             0x08002291   Thumb Code     0  fflt_clz.o(x$fpl$ffltu)
    _ffltu                                   0x08002291   Thumb Code    38  fflt_clz.o(x$fpl$ffltu)
    __fpl_fnaninf                            0x080022b7   Thumb Code   140  fnaninf.o(x$fpl$fnaninf)
    _fp_init                                 0x08002343   Thumb Code    14  fpinit.o(x$fpl$fpinit)
    __fplib_config_pureend_doubles           0x0800234f   Thumb Code     0  fpinit.o(x$fpl$fpinit)
    __fpl_fretinf                            0x08002351   Thumb Code    10  fretinf.o(x$fpl$fretinf)
    _printf_fp_dec                           0x0800235b   Thumb Code     4  printf1.o(x$fpl$printf1)
    __I$use$fp                               0x0800235f   Thumb Code     0  usenofp.o(x$fpl$usenofp)
    Region$$Table$$Base                      0x0800243c   Number         0  anon$$obj.o(Region$$Table)
    Region$$Table$$Limit                     0x0800245c   Number         0  anon$$obj.o(Region$$Table)
    AD_value                                 0x20000000   Data           4  main.o(.data)
    ADC_ConvertedValue                       0x20000004   Data           2  main.o(.data)
    __stdout                                 0x2000000c   Data           4  usart.o(.data)
    SystemCoreClock                          0x20000024   Data           4  system_stm32f10x.o(.data)
    AHBPrescTable                            0x20000028   Data          16  system_stm32f10x.o(.data)
    __libspace_start                         0x20000038   Data          96  libspace.o(.bss)
    __temporary_stack_top$libspace           0x20000098   Data           0  libspace.o(.bss)



==============================================================================

Memory Map of the image

  Image Entry point : 0x08000131

  Load Region LR_IROM1 (Base: 0x08000000, Size: 0x000024b0, Max: 0x00080000, ABSOLUTE)

    Execution Region ER_IROM1 (Base: 0x08000000, Size: 0x00002478, Max: 0x00080000, ABSOLUTE)

    Base Addr    Size         Type   Attr      Idx    E Section Name        Object

    0x08000000   0x00000130   Data   RO         1036    RESET               startup_stm32f10x_hd.o
    0x08000130   0x00000008   Code   RO         1078  * !!!main             c_w.l(__main.o)
    0x08000138   0x00000034   Code   RO         1316    !!!scatter          c_w.l(__scatter.o)
    0x0800016c   0x0000001a   Code   RO         1318    !!handler_copy      c_w.l(__scatter_copy.o)
    0x08000186   0x00000002   PAD
    0x08000188   0x0000001c   Code   RO         1320    !!handler_zi        c_w.l(__scatter_zi.o)
    0x080001a4   0x00000000   Code   RO         1075    .ARM.Collect$$_printf_percent$$00000000  c_w.l(_printf_percent.o)
    0x080001a4   0x00000006   Code   RO         1074    .ARM.Collect$$_printf_percent$$00000003  c_w.l(_printf_f.o)
    0x080001aa   0x00000004   Code   RO         1105    .ARM.Collect$$_printf_percent$$00000017  c_w.l(_printf_percent_end.o)
    0x080001ae   0x00000006   Code   RO         1193    .ARM.Collect$$libinit$$00000000  c_w.l(libinit.o)
    0x080001b4   0x00000000   Code   RO         1196    .ARM.Collect$$libinit$$00000006  c_w.l(libinit2.o)
    0x080001b4   0x00000000   Code   RO         1198    .ARM.Collect$$libinit$$00000008  c_w.l(libinit2.o)
    0x080001b4   0x00000000   Code   RO         1200    .ARM.Collect$$libinit$$0000000A  c_w.l(libinit2.o)
    0x080001b4   0x00000006   Code   RO         1201    .ARM.Collect$$libinit$$0000000B  c_w.l(libinit2.o)
    0x080001ba   0x00000000   Code   RO         1203    .ARM.Collect$$libinit$$0000000D  c_w.l(libinit2.o)
    0x080001ba   0x00000000   Code   RO         1205    .ARM.Collect$$libinit$$0000000F  c_w.l(libinit2.o)
    0x080001ba   0x00000000   Code   RO         1207    .ARM.Collect$$libinit$$00000011  c_w.l(libinit2.o)
    0x080001ba   0x0000000a   Code   RO         1208    .ARM.Collect$$libinit$$00000012  c_w.l(libinit2.o)
    0x080001c4   0x00000000   Code   RO         1209    .ARM.Collect$$libinit$$00000013  c_w.l(libinit2.o)
    0x080001c4   0x00000000   Code   RO         1211    .ARM.Collect$$libinit$$00000015  c_w.l(libinit2.o)
    0x080001c4   0x00000000   Code   RO         1213    .ARM.Collect$$libinit$$00000017  c_w.l(libinit2.o)
    0x080001c4   0x00000000   Code   RO         1215    .ARM.Collect$$libinit$$00000019  c_w.l(libinit2.o)
    0x080001c4   0x00000000   Code   RO         1217    .ARM.Collect$$libinit$$0000001B  c_w.l(libinit2.o)
    0x080001c4   0x00000000   Code   RO         1219    .ARM.Collect$$libinit$$0000001D  c_w.l(libinit2.o)
    0x080001c4   0x00000000   Code   RO         1221    .ARM.Collect$$libinit$$0000001F  c_w.l(libinit2.o)
    0x080001c4   0x00000000   Code   RO         1223    .ARM.Collect$$libinit$$00000021  c_w.l(libinit2.o)
    0x080001c4   0x00000000   Code   RO         1227    .ARM.Collect$$libinit$$00000028  c_w.l(libinit2.o)
    0x080001c4   0x00000000   Code   RO         1229    .ARM.Collect$$libinit$$0000002A  c_w.l(libinit2.o)
    0x080001c4   0x00000000   Code   RO         1231    .ARM.Collect$$libinit$$0000002C  c_w.l(libinit2.o)
    0x080001c4   0x00000000   Code   RO         1233    .ARM.Collect$$libinit$$0000002E  c_w.l(libinit2.o)
    0x080001c4   0x00000002   Code   RO         1234    .ARM.Collect$$libinit$$0000002F  c_w.l(libinit2.o)
    0x080001c6   0x00000002   Code   RO         1267    .ARM.Collect$$libshutdown$$00000000  c_w.l(libshutdown.o)
    0x080001c8   0x00000000   Code   RO         1277    .ARM.Collect$$libshutdown$$00000003  c_w.l(libshutdown2.o)
    0x080001c8   0x00000000   Code   RO         1280    .ARM.Collect$$libshutdown$$00000006  c_w.l(libshutdown2.o)
    0x080001c8   0x00000000   Code   RO         1283    .ARM.Collect$$libshutdown$$00000009  c_w.l(libshutdown2.o)
    0x080001c8   0x00000000   Code   RO         1285    .ARM.Collect$$libshutdown$$0000000B  c_w.l(libshutdown2.o)
    0x080001c8   0x00000000   Code   RO         1288    .ARM.Collect$$libshutdown$$0000000E  c_w.l(libshutdown2.o)
    0x080001c8   0x00000002   Code   RO         1289    .ARM.Collect$$libshutdown$$0000000F  c_w.l(libshutdown2.o)
    0x080001ca   0x00000000   Code   RO         1100    .ARM.Collect$$rtentry$$00000000  c_w.l(rtentry.o)
    0x080001ca   0x00000000   Code   RO         1116    .ARM.Collect$$rtentry$$00000002  c_w.l(rtentry2.o)
    0x080001ca   0x00000006   Code   RO         1128    .ARM.Collect$$rtentry$$00000004  c_w.l(rtentry4.o)
    0x080001d0   0x00000000   Code   RO         1118    .ARM.Collect$$rtentry$$00000009  c_w.l(rtentry2.o)
    0x080001d0   0x00000004   Code   RO         1119    .ARM.Collect$$rtentry$$0000000A  c_w.l(rtentry2.o)
    0x080001d4   0x00000000   Code   RO         1121    .ARM.Collect$$rtentry$$0000000C  c_w.l(rtentry2.o)
    0x080001d4   0x00000008   Code   RO         1122    .ARM.Collect$$rtentry$$0000000D  c_w.l(rtentry2.o)
    0x080001dc   0x00000002   Code   RO         1235    .ARM.Collect$$rtexit$$00000000  c_w.l(rtexit.o)
    0x080001de   0x00000000   Code   RO         1242    .ARM.Collect$$rtexit$$00000002  c_w.l(rtexit2.o)
    0x080001de   0x00000004   Code   RO         1243    .ARM.Collect$$rtexit$$00000003  c_w.l(rtexit2.o)
    0x080001e2   0x00000006   Code   RO         1244    .ARM.Collect$$rtexit$$00000004  c_w.l(rtexit2.o)
    0x080001e8   0x00000040   Code   RO         1037    .text               startup_stm32f10x_hd.o
    0x08000228   0x00000002   Code   RO         1044    .text               c_w.l(use_no_semi_2.o)
    0x0800022a   0x00000002   PAD
    0x0800022c   0x00000018   Code   RO         1048    .text               c_w.l(noretval__2printf.o)
    0x08000244   0x00000052   Code   RO         1052    .text               c_w.l(_printf_pad.o)
    0x08000296   0x0000010e   Code   RO         1062    .text               c_w.l(__printf_wp.o)
    0x080003a4   0x00000006   Code   RO         1076    .text               c_w.l(heapauxi.o)
    0x080003aa   0x00000002   Code   RO         1098    .text               c_w.l(use_no_semi.o)
    0x080003ac   0x00000420   Code   RO         1101    .text               c_w.l(_printf_fp_dec.o)
    0x080007cc   0x00000024   Code   RO         1103    .text               c_w.l(_printf_char_file.o)
    0x080007f0   0x00000008   Code   RO         1133    .text               c_w.l(rt_locale_intlibspace.o)
    0x080007f8   0x0000008a   Code   RO         1135    .text               c_w.l(lludiv10.o)
    0x08000882   0x00000002   PAD
    0x08000884   0x00000030   Code   RO         1137    .text               c_w.l(_printf_char_common.o)
    0x080008b4   0x00000080   Code   RO         1139    .text               c_w.l(_printf_fp_infnan.o)
    0x08000934   0x000000e4   Code   RO         1141    .text               c_w.l(bigflt0.o)
    0x08000a18   0x00000008   Code   RO         1166    .text               c_w.l(ferror.o)
    0x08000a20   0x00000008   Code   RO         1177    .text               c_w.l(libspace.o)
    0x08000a28   0x0000004a   Code   RO         1180    .text               c_w.l(sys_stackheap_outer.o)
    0x08000a72   0x0000000c   Code   RO         1184    .text               c_w.l(exit.o)
    0x08000a7e   0x00000002   PAD
    0x08000a80   0x00000080   Code   RO         1186    .text               c_w.l(strcmpv7m.o)
    0x08000b00   0x00000008   Code   RO         1251    .text               c_w.l(rt_fp_status_addr_intlibspace.o)
    0x08000b08   0x0000003e   Code   RO         1144    CL$$btod_d2e        c_w.l(btod.o)
    0x08000b46   0x00000046   Code   RO         1146    CL$$btod_d2e_denorm_low  c_w.l(btod.o)
    0x08000b8c   0x00000060   Code   RO         1145    CL$$btod_d2e_norm_op1  c_w.l(btod.o)
    0x08000bec   0x00000338   Code   RO         1154    CL$$btod_div_common  c_w.l(btod.o)
    0x08000f24   0x000000c6   Code   RO         1151    CL$$btod_e2e        c_w.l(btod.o)
    0x08000fea   0x00000028   Code   RO         1148    CL$$btod_ediv       c_w.l(btod.o)
    0x08001012   0x00000028   Code   RO         1147    CL$$btod_emul       c_w.l(btod.o)
    0x0800103a   0x00000244   Code   RO         1153    CL$$btod_mult_common  c_w.l(btod.o)
    0x0800127e   0x00000016   Code   RO          532    i.ADC_Cmd           stm32f10x_adc.o
    0x08001294   0x00000108   Code   RO            1    i.ADC_Configuration  main.o
    0x0800139c   0x00000016   Code   RO          533    i.ADC_DMACmd        stm32f10x_adc.o
    0x080013b2   0x00000014   Code   RO          540    i.ADC_GetCalibrationStatus  stm32f10x_adc.o
    0x080013c6   0x00000014   Code   RO          546    i.ADC_GetResetCalibrationStatus  stm32f10x_adc.o
    0x080013da   0x00000002   PAD
    0x080013dc   0x00000050   Code   RO          550    i.ADC_Init          stm32f10x_adc.o
    0x0800142c   0x000000b8   Code   RO          554    i.ADC_RegularChannelConfig  stm32f10x_adc.o
    0x080014e4   0x0000000a   Code   RO          555    i.ADC_ResetCalibration  stm32f10x_adc.o
    0x080014ee   0x00000016   Code   RO          557    i.ADC_SoftwareStartConvCmd  stm32f10x_adc.o
    0x08001504   0x0000000a   Code   RO          559    i.ADC_StartCalibration  stm32f10x_adc.o
    0x0800150e   0x00000004   Code   RO           73    i.BusFault_Handler  stm32f10x_it.o
    0x08001512   0x00000018   Code   RO          750    i.DMA_Cmd           stm32f10x_dma.o
    0x0800152a   0x00000002   PAD
    0x0800152c   0x0000014c   Code   RO          751    i.DMA_DeInit        stm32f10x_dma.o
    0x08001678   0x0000003c   Code   RO          756    i.DMA_Init          stm32f10x_dma.o
    0x080016b4   0x00000002   Code   RO           74    i.DebugMon_Handler  stm32f10x_it.o
    0x080016b6   0x00000002   PAD
    0x080016b8   0x00000014   Code   RO          139    i.Delay             systick.o
    0x080016cc   0x00000068   Code   RO          140    i.Delay_Init        systick.o
    0x08001734   0x00000112   Code   RO          218    i.GPIO_Init         stm32f10x_gpio.o
    0x08001846   0x00000012   Code   RO          222    i.GPIO_ReadInputDataBit  stm32f10x_gpio.o
    0x08001858   0x00000004   Code   RO           75    i.HardFault_Handler  stm32f10x_it.o
    0x0800185c   0x00000004   Code   RO           76    i.MemManage_Handler  stm32f10x_it.o
    0x08001860   0x00000002   Code   RO           77    i.NMI_Handler       stm32f10x_it.o
    0x08001862   0x00000002   Code   RO           78    i.PendSV_Handler    stm32f10x_it.o
    0x08001864   0x00000020   Code   RO          327    i.RCC_AHBPeriphClockCmd  stm32f10x_rcc.o
    0x08001884   0x00000020   Code   RO          330    i.RCC_APB2PeriphClockCmd  stm32f10x_rcc.o
    0x080018a4   0x000000d4   Code   RO          338    i.RCC_GetClocksFreq  stm32f10x_rcc.o
    0x08001978   0x00000014   Code   RO          169    i.Rcc_Configuration  usart.o
    0x0800198c   0x00000002   Code   RO           79    i.SVC_Handler       stm32f10x_it.o
    0x0800198e   0x00000008   Code   RO         1000    i.SetSysClock       system_stm32f10x.o
    0x08001996   0x00000002   PAD
    0x08001998   0x000000c8   Code   RO         1001    i.SetSysClockTo72   system_stm32f10x.o
    0x08001a60   0x00000008   Code   RO           80    i.SysTick_Handler   stm32f10x_it.o
    0x08001a68   0x00000060   Code   RO         1003    i.SystemInit        system_stm32f10x.o
    0x08001ac8   0x00000018   Code   RO          141    i.TimingDelay_Decrement  systick.o
    0x08001ae0   0x00000018   Code   RO          824    i.USART_Cmd         stm32f10x_usart.o
    0x08001af8   0x0000001a   Code   RO          827    i.USART_GetFlagStatus  stm32f10x_usart.o
    0x08001b12   0x0000004a   Code   RO          830    i.USART_ITConfig    stm32f10x_usart.o
    0x08001b5c   0x000000d8   Code   RO          831    i.USART_Init        stm32f10x_usart.o
    0x08001c34   0x00000008   Code   RO          841    i.USART_SendData    stm32f10x_usart.o
    0x08001c3c   0x00000004   Code   RO           81    i.UsageFault_Handler  stm32f10x_it.o
    0x08001c40   0x00000038   Code   RO          170    i.UsartGPIO_Configuration  usart.o
    0x08001c78   0x00000028   Code   RO         1175    i.__ARM_fpclassify  m_ws.l(fpclassify.o)
    0x08001ca0   0x0000000e   Code   RO         1064    i._is_digit         c_w.l(__printf_wp.o)
    0x08001cae   0x00000006   Code   RO          171    i._sys_exit         usart.o
    0x08001cb4   0x00000024   Code   RO          172    i.fputc             usart.o
    0x08001cd8   0x000000e0   Code   RO            2    i.main              main.o
    0x08001db8   0x0000004c   Code   RO          173    i.usart_Configuration  usart.o
    0x08001e04   0x00000024   Code   RO            3    i.user_gpio_init    main.o
    0x08001e28   0x0000002c   Code   RO         1171    locale$$code        c_w.l(lc_numeric_c.o)
    0x08001e54   0x00000062   Code   RO         1080    x$fpl$d2f           fz_ws.l(d2f.o)
    0x08001eb6   0x00000002   PAD
    0x08001eb8   0x00000154   Code   RO         1082    x$fpl$dmul          fz_ws.l(dmul.o)
    0x0800200c   0x0000009c   Code   RO         1106    x$fpl$dnaninf       fz_ws.l(dnaninf.o)
    0x080020a8   0x0000000c   Code   RO         1108    x$fpl$dretinf       fz_ws.l(dretinf.o)
    0x080020b4   0x00000056   Code   RO         1084    x$fpl$f2d           fz_ws.l(f2d.o)
    0x0800210a   0x00000002   PAD
    0x0800210c   0x00000184   Code   RO         1087    x$fpl$fdiv          fz_ws.l(fdiv.o)
    0x08002290   0x00000026   Code   RO         1090    x$fpl$ffltu         fz_ws.l(fflt_clz.o)
    0x080022b6   0x0000008c   Code   RO         1110    x$fpl$fnaninf       fz_ws.l(fnaninf.o)
    0x08002342   0x0000000e   Code   RO         1239    x$fpl$fpinit        fz_ws.l(fpinit.o)
    0x08002350   0x0000000a   Code   RO         1112    x$fpl$fretinf       fz_ws.l(fretinf.o)
    0x0800235a   0x00000004   Code   RO         1096    x$fpl$printf1       fz_ws.l(printf1.o)
    0x0800235e   0x00000000   Code   RO         1114    x$fpl$usenofp       fz_ws.l(usenofp.o)
    0x0800235e   0x00000002   PAD
    0x08002360   0x00000045   Data   RO            4    .constdata          main.o
    0x080023a5   0x00000003   PAD
    0x080023a8   0x00000094   Data   RO         1142    .constdata          c_w.l(bigflt0.o)
    0x0800243c   0x00000020   Data   RO         1314    Region$$Table       anon$$obj.o
    0x0800245c   0x0000001c   Data   RO         1170    locale$$data        c_w.l(lc_numeric_c.o)


    Execution Region RW_IRAM1 (Base: 0x20000000, Size: 0x00000698, Max: 0x00010000, ABSOLUTE)

    Base Addr    Size         Type   Attr      Idx    E Section Name        Object

    0x20000000   0x00000006   Data   RW            5    .data               main.o
    0x20000006   0x00000002   PAD
    0x20000008   0x00000004   Data   RW          142    .data               systick.o
    0x2000000c   0x00000004   Data   RW          174    .data               usart.o
    0x20000010   0x00000014   Data   RW          358    .data               stm32f10x_rcc.o
    0x20000024   0x00000014   Data   RW         1004    .data               system_stm32f10x.o
    0x20000038   0x00000060   Zero   RW         1178    .bss                c_w.l(libspace.o)
    0x20000098   0x00000200   Zero   RW         1035    HEAP                startup_stm32f10x_hd.o
    0x20000298   0x00000400   Zero   RW         1034    STACK               startup_stm32f10x_hd.o


==============================================================================

Image component sizes


      Code (inc. data)   RO Data    RW Data    ZI Data      Debug   Object Name

       524        118         69          6          0     250666   main.o
        64         26        304          0       1536        800   startup_stm32f10x_hd.o
       390         10          0          0          0       6657   stm32f10x_adc.o
       416          8          0          0          0       3114   stm32f10x_dma.o
       292          0          0          0          0       2356   stm32f10x_gpio.o
        32          0          0          0          0       3450   stm32f10x_it.o
       276         32          0         20          0       4069   stm32f10x_rcc.o
       348          6          0          0          0       4409   stm32f10x_usart.o
       304         26          0         20          0       1933   system_stm32f10x.o
       148         22          0          4          0      16900   systick.o
       194         14          0          4          0       3878   usart.o

    ----------------------------------------------------------------------
      2996        262        408         56       1536     298232   Object Totals
         0          0         32          0          0          0   (incl. Generated)
         8          0          3          2          0          0   (incl. Padding)

    ----------------------------------------------------------------------

      Code (inc. data)   RO Data    RW Data    ZI Data      Debug   Library Member Name

         8          0          0          0          0         68   __main.o
       284          0          0          0          0        156   __printf_wp.o
        52          8          0          0          0          0   __scatter.o
        26          0          0          0          0          0   __scatter_copy.o
        28          0          0          0          0          0   __scatter_zi.o
        48          6          0          0          0         96   _printf_char_common.o
        36          4          0          0          0         80   _printf_char_file.o
         6          0          0          0          0          0   _printf_f.o
      1056          0          0          0          0        216   _printf_fp_dec.o
       128         16          0          0          0         84   _printf_fp_infnan.o
        82          0          0          0          0        108   _printf_pad.o
         0          0          0          0          0          0   _printf_percent.o
         4          0          0          0          0          0   _printf_percent_end.o
       228          6        148          0          0         96   bigflt0.o
      1910        128          0          0          0        672   btod.o
        12          0          0          0          0         72   exit.o
         8          0          0          0          0         68   ferror.o
         6          0          0          0          0        152   heapauxi.o
        44         10         28          0          0         76   lc_numeric_c.o
         6          0          0          0          0          0   libinit.o
        18          0          0          0          0          0   libinit2.o
         2          0          0          0          0          0   libshutdown.o
         2          0          0          0          0          0   libshutdown2.o
         8          4          0          0         96         68   libspace.o
       138          0          0          0          0         80   lludiv10.o
        24          4          0          0          0         84   noretval__2printf.o
         8          4          0          0          0         68   rt_fp_status_addr_intlibspace.o
         8          4          0          0          0         68   rt_locale_intlibspace.o
         0          0          0          0          0          0   rtentry.o
        12          0          0          0          0          0   rtentry2.o
         6          0          0          0          0          0   rtentry4.o
         2          0          0          0          0          0   rtexit.o
        10          0          0          0          0          0   rtexit2.o
       128          0          0          0          0         68   strcmpv7m.o
        74          0          0          0          0         80   sys_stackheap_outer.o
         2          0          0          0          0         68   use_no_semi.o
         2          0          0          0          0         68   use_no_semi_2.o
        98          4          0          0          0         92   d2f.o
       340         12          0          0          0        104   dmul.o
       156          4          0          0          0         92   dnaninf.o
        12          0          0          0          0         68   dretinf.o
        86          4          0          0          0         84   f2d.o
       388         76          0          0          0         96   fdiv.o
        38          0          0          0          0         68   fflt_clz.o
       140          4          0          0          0         84   fnaninf.o
        14          0          0          0          0         76   fpinit.o
        10          0          0          0          0         68   fretinf.o
         4          0          0          0          0         68   printf1.o
         0          0          0          0          0          0   usenofp.o
        40          0          0          0          0         68   fpclassify.o

    ----------------------------------------------------------------------
      5756        298        176          0         96       3564   Library Totals
        14          0          0          0          0          0   (incl. Padding)

    ----------------------------------------------------------------------

      Code (inc. data)   RO Data    RW Data    ZI Data      Debug   Library Name

      4416        194        176          0         96       2596   c_w.l
      1286        104          0          0          0        900   fz_ws.l
        40          0          0          0          0         68   m_ws.l

    ----------------------------------------------------------------------
      5756        298        176          0         96       3564   Library Totals

    ----------------------------------------------------------------------

==============================================================================


      Code (inc. data)   RO Data    RW Data    ZI Data      Debug   

      8752        560        584         56       1632     297428   Grand Totals
      8752        560        584         56       1632     297428   ELF Image Totals
      8752        560        584         56          0          0   ROM Totals

==============================================================================

    Total RO  Size (Code + RO Data)                 9336 (   9.12kB)
    Total RW  Size (RW Data + ZI Data)              1688 (   1.65kB)
    Total ROM Size (Code + RO Data + RW Data)       9392 (   9.17kB)

==============================================================================

